Archive member included to satisfy reference by file (symbol)

build/cooja/mtype911.a(simEnvChange.o)
                              build/cooja/mtype911.o (simDontFallAsleep)
build/cooja/mtype911.a(cooja_mt.o)
                              build/cooja/mtype911.o (cooja_mt_start)
build/cooja/mtype911.a(cooja_mtarch.o)
                              build/cooja/mtype911.a(cooja_mt.o) (cooja_mtarch_start)
build/cooja/mtype911.a(rtimer-arch.o)
                              build/cooja/mtype911.o (rtimer_arch_check)
build/cooja/mtype911.a(beep.o)
                              build/cooja/mtype911.o (beep_interface)
build/cooja/mtype911.a(leds-arch.o)
                              build/cooja/mtype911.o (leds_interface)
build/cooja/mtype911.a(moteid.o)
                              build/cooja/mtype911.o (moteid_interface)
build/cooja/mtype911.a(pir-sensor.o)
                              build/cooja/mtype911.o (pir_interface)
build/cooja/mtype911.a(rs232.o)
                              build/cooja/mtype911.o (rs232_interface)
build/cooja/mtype911.a(vib-sensor.o)
                              build/cooja/mtype911.o (vib_interface)
build/cooja/mtype911.a(clock.o)
                              build/cooja/mtype911.o (clock_interface)
build/cooja/mtype911.a(cooja-log.o)
                              build/cooja/mtype911.o (simlog_interface)
build/cooja/mtype911.a(cfs-cooja.o)
                              build/cooja/mtype911.o (cfs_interface)
build/cooja/mtype911.a(cooja-radio.o)
                              build/cooja/mtype911.o (radio_interface)
build/cooja/mtype911.a(eeprom.o)
                              build/cooja/mtype911.o (eeprom_interface)
build/cooja/mtype911.a(random.o)
                              build/cooja/mtype911.a(moteid.o) (random_init)
build/cooja/mtype911.a(sensors.o)
                              build/cooja/mtype911.a(pir-sensor.o) (sensors_changed)
build/cooja/mtype911.a(leds.o)
                              build/cooja/mtype911.a(leds-arch.o) (leds_get)
build/cooja/mtype911.a(gpio-hal-arch.o)
                              build/cooja/mtype911.a(leds-arch.o) (gpio_hal_arch_register_pin_callback)
build/cooja/mtype911.a(buttons.o)
                              build/cooja/mtype911.o (button_interface)
build/cooja/mtype911.a(mqtt.o)
                              mqtt-client.o (mqtt_register)
build/cooja/mtype911.a(contiki-main.o)
                              build/cooja/mtype911.o (main)
build/cooja/mtype911.a(autostart.o)
                              build/cooja/mtype911.a(contiki-main.o) (autostart_start)
build/cooja/mtype911.a(ctimer.o)
                              build/cooja/mtype911.a(contiki-main.o) (ctimer_init)
build/cooja/mtype911.a(log.o)
                              build/cooja/mtype911.a(contiki-main.o) (curr_log_level_main)
build/cooja/mtype911.a(energest.o)
                              build/cooja/mtype911.a(contiki-main.o) (energest_init)
build/cooja/mtype911.a(etimer.o)
                              build/cooja/mtype911.a(contiki-main.o) (etimer_process)
build/cooja/mtype911.a(node-id.o)
                              build/cooja/mtype911.a(contiki-main.o) (node_id)
build/cooja/mtype911.a(rtimer.o)
                              build/cooja/mtype911.a(contiki-main.o) (rtimer_init)
build/cooja/mtype911.a(process.o)
                              build/cooja/mtype911.a(mqtt.o) (process_current)
build/cooja/mtype911.a(timer.o)
                              build/cooja/mtype911.a(mqtt.o) (timer_set)
build/cooja/mtype911.a(list.o)
                              build/cooja/mtype911.a(mqtt.o) (list_init)
build/cooja/mtype911.a(button-hal.o)
                              build/cooja/mtype911.o (button_hal_init)
build/cooja/mtype911.a(serial-line.o)
                              build/cooja/mtype911.a(rs232.o) (serial_line_input_byte)
build/cooja/mtype911.a(gpio-hal.o)
                              build/cooja/mtype911.a(button-hal.o) (gpio_hal_register_handler)
build/cooja/mtype911.a(queuebuf.o)
                              build/cooja/mtype911.a(contiki-main.o) (queuebuf_init)
build/cooja/mtype911.a(packetbuf.o)
                              build/cooja/mtype911.a(cooja-radio.o) (packetbuf_clear)
build/cooja/mtype911.a(netstack.o)
                              build/cooja/mtype911.a(contiki-main.o) (netstack_init)
build/cooja/mtype911.a(linkaddr.o)
                              mqtt-client.o (linkaddr_node_addr)
build/cooja/mtype911.a(printf.o)
                              mqtt-client.o (log_printf)
build/cooja/mtype911.a(sprintf.o)
                              mqtt-client.o (log_sprintf)
build/cooja/mtype911.a(snprintf.o)
                              mqtt-client.o (log_snprintf)
build/cooja/mtype911.a(putchar.o)
                              build/cooja/mtype911.a(cooja-log.o) (log_putchar)
build/cooja/mtype911.a(csma.o)
                              build/cooja/mtype911.a(cooja-radio.o) (csma_driver)
build/cooja/mtype911.a(csma-output.o)
[...]
Memory Configuration

Name             Origin             Length             Attributes
*default*        0x0000000000000000 0xffffffffffffffff

Linker script and memory map

LOAD /usr/lib/gcc/i686-linux-gnu/7/../../../i386-linux-gnu/crti.o
LOAD /usr/lib/gcc/i686-linux-gnu/7/crtbeginS.o
LOAD mqtt-client.o
LOAD build/cooja/mtype911.o
LOAD build/cooja/mtype911.a
LOAD /usr/lib/gcc/i686-linux-gnu/7/libgcc.a
LOAD /usr/lib/gcc/i686-linux-gnu/7/libgcc_s.so
START GROUP
LOAD /usr/lib/gcc/i686-linux-gnu/7/libgcc_s.so.1
LOAD /usr/lib/gcc/i686-linux-gnu/7/libgcc.a
END GROUP
LOAD /usr/lib/gcc/i686-linux-gnu/7/../../../i386-linux-gnu/libc.so
START GROUP
LOAD /lib/i386-linux-gnu/libc.so.6
LOAD /usr/lib/i386-linux-gnu/libc_nonshared.a
LOAD /lib/i386-linux-gnu/ld-linux.so.2
END GROUP
LOAD /usr/lib/gcc/i686-linux-gnu/7/libgcc.a
LOAD /usr/lib/gcc/i686-linux-gnu/7/libgcc_s.so
START GROUP
LOAD /usr/lib/gcc/i686-linux-gnu/7/libgcc_s.so.1
LOAD /usr/lib/gcc/i686-linux-gnu/7/libgcc.a
END GROUP
LOAD /usr/lib/gcc/i686-linux-gnu/7/crtendS.o
LOAD /usr/lib/gcc/i686-linux-gnu/7/../../../i386-linux-gnu/crtn.o
                0x0000000000000114                . = (SEGMENT_START ("text-segment", 0x0) + SIZEOF_HEADERS)

.note.gnu.build-id
                0x0000000000000114       0x24
 *(.note.gnu.build-id)
 .note.gnu.build-id
                0x0000000000000114       0x24 /usr/lib/gcc/i686-linux-gnu/7/../../../i386-linux-gnu/crti.o

.hash
 *(.hash)

.gnu.hash       0x0000000000000138     0x14c8
 *(.gnu.hash)
 .gnu.hash      0x0000000000000138     0x14c8 /usr/lib/gcc/i686-linux-gnu/7/../../../i386-linux-gnu/crti.o

.dynsym         0x0000000000001600     0x2b40
 *(.dynsym)
 .dynsym        0x0000000000001600     0x2b40 /usr/lib/gcc/i686-linux-gnu/7/../../../i386-linux-gnu/crti.o

.dynstr         0x0000000000004140     0x30d1
 *(.dynstr)
 .dynstr        0x0000000000004140     0x30d1 /usr/lib/gcc/i686-linux-gnu/7/../../../i386-linux-gnu/crti.o

.gnu.version    0x0000000000007212      0x568
 *(.gnu.version)
 .gnu.version   0x0000000000007212      0x568 /usr/lib/gcc/i686-linux-gnu/7/../../../i386-linux-gnu/crti.o

.gnu.version_d  0x000000000000777c        0x0
 *(.gnu.version_d)
 .gnu.version_d
                0x000000000000777c        0x0 /usr/lib/gcc/i686-linux-gnu/7/../../../i386-linux-gnu/crti.o

.gnu.version_r  0x000000000000777c       0x40
 *(.gnu.version_r)
 .gnu.version_r
                0x000000000000777c       0x40 /usr/lib/gcc/i686-linux-gnu/7/../../../i386-linux-gnu/crti.o

.rel.dyn        0x00000000000077bc      0xe90
 *(.rel.init)
 .rel.init      0x00000000000077bc        0x0 /usr/lib/gcc/i686-linux-gnu/7/../../../i386-linux-gnu/crti.o
 *(.rel.text .rel.text.* .rel.gnu.linkonce.t.*)
 .rel.text      0x00000000000077bc      0x580 /usr/lib/gcc/i686-linux-gnu/7/../../../i386-linux-gnu/crti.o
 *(.rel.fini)
 .rel.fini      0x0000000000007d3c        0x0 /usr/lib/gcc/i686-linux-gnu/7/../../../i386-linux-gnu/crti.o
 *(.rel.rodata .rel.rodata.* .rel.gnu.linkonce.r.*)
 *(.rel.data.rel.ro .rel.data.rel.ro.* .rel.gnu.linkonce.d.rel.ro.*)
 .rel.data.rel.ro.local
                0x0000000000007d3c      0x208 /usr/lib/gcc/i686-linux-gnu/7/../../../i386-linux-gnu/crti.o
 .rel.data.rel.ro
                0x0000000000007f44       0xb0 /usr/lib/gcc/i686-linux-gnu/7/../../../i386-linux-gnu/crti.o
 *(.rel.data .rel.data.* .rel.gnu.linkonce.d.*)
 .rel.data.rel.local
                0x0000000000007ff4      0x320 /usr/lib/gcc/i686-linux-gnu/7/../../../i386-linux-gnu/crti.o
 .rel.data.rel  0x0000000000008314       0x78 /usr/lib/gcc/i686-linux-gnu/7/../../../i386-linux-gnu/crti.o
 *(.rel.tdata .rel.tdata.* .rel.gnu.linkonce.td.*)
 *(.rel.tbss .rel.tbss.* .rel.gnu.linkonce.tb.*)
 *(.rel.ctors)
 *(.rel.dtors)
 *(.rel.got)
 .rel.got       0x000000000000838c      0x2b0 /usr/lib/gcc/i686-linux-gnu/7/../../../i386-linux-gnu/crti.o
 *(.rel.bss .rel.bss.* .rel.gnu.linkonce.b.*)
 *(.rel.ifunc)
 .rel.ifunc     0x000000000000863c        0x0 /usr/lib/gcc/i686-linux-gnu/7/../../../i386-linux-gnu/crti.o
 .rel.fini_array
                0x000000000000863c        0x8 /usr/lib/gcc/i686-linux-gnu/7/../../../i386-linux-gnu/crti.o
 .rel.init_array
                0x0000000000008644        0x8 /usr/lib/gcc/i686-linux-gnu/7/../../../i386-linux-gnu/crti.o

.rel.plt        0x000000000000864c      0x9f0
 *(.rel.plt)
 .rel.plt       0x000000000000864c      0x9f0 /usr/lib/gcc/i686-linux-gnu/7/../../../i386-linux-gnu/crti.o
 *(.rel.iplt)

.init           0x000000000000903c       0x23
 *(SORT_NONE(.init))
 .init          0x000000000000903c       0x1e /usr/lib/gcc/i686-linux-gnu/7/../../../i386-linux-gnu/crti.o
                0x000000000000903c                _init
 .init          0x000000000000905a        0x5 /usr/lib/gcc/i686-linux-gnu/7/../../../i386-linux-gnu/crtn.o

.plt            0x0000000000009060     0x13f0
 *(.plt)
 .plt           0x0000000000009060     0x13f0 /usr/lib/gcc/i686-linux-gnu/7/../../../i386-linux-gnu/crti.o
 *(.iplt)

.plt.got        0x000000000000a450       0x18
 *(.plt.got)
 .plt.got       0x000000000000a450       0x18 /usr/lib/gcc/i686-linux-gnu/7/../../../i386-linux-gnu/crti.o

.plt.sec
 *(.plt.sec)

.text           0x000000000000a470    0x1fc14
 *(.text.unlikely .text.*_unlikely .text.unlikely.*)
 *(.text.exit .text.exit.*)
 *(.text.startup .text.startup.*)
 *(.text.hot .text.hot.*)
 *(.text .stub .text.* .gnu.linkonce.t.*)
 .text          0x000000000000a470        0x0 /usr/lib/gcc/i686-linux-gnu/7/../../../i386-linux-gnu/crti.o
 .gnu.linkonce.t.__x86.get_pc_thunk.bx
                0x000000000000a470        0x4 /usr/lib/gcc/i686-linux-gnu/7/../../../i386-linux-gnu/crti.o
                0x000000000000a470                __x86.get_pc_thunk.bx
 *fill*         0x000000000000a474        0xc 
 .text          0x000000000000a480       0xe9 /usr/lib/gcc/i686-linux-gnu/7/crtbeginS.o
 .text.__x86.get_pc_thunk.dx
                0x000000000000a569        0x4 /usr/lib/gcc/i686-linux-gnu/7/crtbeginS.o
                0x000000000000a569                __x86.get_pc_thunk.dx
 .text          0x000000000000a56d      0x5cc mqtt-client.o
 .text          0x000000000000ab39      0x369 build/cooja/mtype911.o
                0x000000000000abe9                platform_init_stage_one
                0x000000000000ac0c                platform_init_stage_two
                0x000000000000ac2f                platform_init_stage_three
                0x000000000000ac52                platform_main_loop
                0x000000000000acf8                Java_org_contikios_cooja_corecomm_Lib2_init
                0x000000000000ad46                Java_org_contikios_cooja_corecomm_Lib2_getMemory
                0x000000000000ad86                Java_org_contikios_cooja_corecomm_Lib2_setMemory
                0x000000000000adf7                Java_org_contikios_cooja_corecomm_Lib2_tick
                0x000000000000ae81                Java_org_contikios_cooja_corecomm_Lib2_setReferenceAddress
 .text.__x86.get_pc_thunk.ax
                0x000000000000aea2        0x4 build/cooja/mtype911.o
                0x000000000000aea2                __x86.get_pc_thunk.ax
 .text          0x000000000000aea6       0x8d build/cooja/mtype911.a(simEnvChange.o)
                0x000000000000aea6                doActionsBeforeTick
                0x000000000000aeec                doActionsAfterTick
 .text          0x000000000000af33       0xb6 build/cooja/mtype911.a(cooja_mt.o)
                0x000000000000af33                cooja_mt_start
                0x000000000000af6d                cooja_mt_exec
                0x000000000000afb4                cooja_mt_yield
 .text          0x000000000000afe9       0xf2 build/cooja/mtype911.a(cooja_mtarch.o)
                0x000000000000afe9                cooja_mtarch_start
                0x000000000000b06d                cooja_sw
                0x000000000000b09b                cooja_mtarch_exec
                0x000000000000b0c6                cooja_mtarch_yield
 .text          0x000000000000b0db      0x127 build/cooja/mtype911.a(rtimer-arch.o)
                0x000000000000b0db                rtimer_arch_init
                0x000000000000b10a                rtimer_arch_schedule
                0x000000000000b14c                rtimer_arch_next
                0x000000000000b166                rtimer_arch_pending
                0x000000000000b17d                rtimer_arch_check
                0x000000000000b1e8                rtimer_arch_now
 .text.__x86.get_pc_thunk.cx
                0x000000000000b202        0x4 build/cooja/mtype911.a(rtimer-arch.o)
                0x000000000000b202                __x86.get_pc_thunk.cx
 .text          0x000000000000b206      0x101 build/cooja/mtype911.a(beep.o)
                0x000000000000b206                beep_alarm
                0x000000000000b21f                beep_beep
                0x000000000000b238                beep
                0x000000000000b251                beep_down
                0x000000000000b26a                beep_on
                0x000000000000b283                beep_off
                0x000000000000b29c                beep_spinup
                0x000000000000b2b5                beep_quick
                0x000000000000b2ce                beep_long
 .text          0x000000000000b307       0x9f build/cooja/mtype911.a(leds-arch.o)
                0x000000000000b32b                leds_arch_init
 .text          0x000000000000b3a6       0x56 build/cooja/mtype911.a(moteid.o)
 .text          0x000000000000b3fc      0x101 build/cooja/mtype911.a(pir-sensor.o)
 .text          0x000000000000b4fd      0x1cc build/cooja/mtype911.a(rs232.o)
                0x000000000000b4fd                rs232_init
                0x000000000000b50d                rs232_set_speed
                0x000000000000b526                rs232_set_input
                0x000000000000b53f                rs232_send
                0x000000000000b575                rs232_print
                0x000000000000b5a3                slip_arch_writeb
 .text          0x000000000000b6c9      0x101 build/cooja/mtype911.a(vib-sensor.o)
 .text          0x000000000000b7ca       0x7a build/cooja/mtype911.a(clock.o)
                0x000000000000b7ca                clock_init
                0x000000000000b7da                clock_time
                0x000000000000b7f1                clock_seconds
                0x000000000000b814                clock_delay
 .text          0x000000000000b844      0x230 build/cooja/mtype911.a(cooja-log.o)
                0x000000000000b844                simlog_char
                0x000000000000b8a8                simlog
                0x000000000000b92a                log_message
                0x000000000000b979                log_set_putchar_with_slip
                0x000000000000b992                dbg_putchar
                0x000000000000ba1a                dbg_send_bytes
 .text          0x000000000000ba74      0x36c build/cooja/mtype911.a(cfs-cooja.o)
                0x000000000000ba74                cfs_open
                0x000000000000baec                cfs_close
                0x000000000000bb03                cfs_read
                0x000000000000bbb7                cfs_write
                0x000000000000bcb5                cfs_seek
                0x000000000000bd52                cfs_remove
                0x000000000000bd88                cfs_opendir
                0x000000000000bd9c                cfs_readdir
                0x000000000000bdb0                cfs_closedir
 .text          0x000000000000bde0      0x78b build/cooja/mtype911.a(cooja-radio.o)
                0x000000000000be4e                radio_set_channel
                0x000000000000be67                radio_set_txpower
                0x000000000000be8a                radio_signal_strength_last
                0x000000000000be9f                radio_signal_strength_current
                0x000000000000beb4                radio_LQI
 .text          0x000000000000c56b      0x130 build/cooja/mtype911.a(eeprom.o)
                0x000000000000c56b                eeprom_init
                0x000000000000c57b                eeprom_read
                0x000000000000c5fb                eeprom_write
 .text          0x000000000000c69b       0x4e build/cooja/mtype911.a(random.o)
                0x000000000000c69b                random_init
                0x000000000000c6cb                random_rand
 .text          0x000000000000c6e9      0x332 build/cooja/mtype911.a(sensors.o)
                0x000000000000c730                sensors_first
                0x000000000000c747                sensors_next
                0x000000000000c772                sensors_changed
                0x000000000000c7bf                sensors_find
 .text          0x000000000000ca1b      0x3fc build/cooja/mtype911.a(leds.o)
                0x000000000000ca1b                leds_init
                0x000000000000ca73                leds_single_on
                0x000000000000caeb                leds_single_off
                0x000000000000cb63                leds_single_toggle
                0x000000000000cba7                leds_on
                0x000000000000cc3f                leds_off
                0x000000000000ccd7                leds_toggle
                0x000000000000cd3d                leds_set
                0x000000000000cd73                leds_get
 .text          0x000000000000ce17      0x401 build/cooja/mtype911.a(gpio-hal-arch.o)
                0x000000000000ce17                gpio_hal_arch_register_pin_callback
                0x000000000000ce98                gpio_hal_arch_init
                0x000000000000cef2                gpio_hal_arch_no_port_interrupt_enable
                0x000000000000cf2c                gpio_hal_arch_no_port_interrupt_disable
                0x000000000000cf66                gpio_hal_arch_no_port_pin_cfg_set
                0x000000000000cf95                gpio_hal_arch_no_port_pin_cfg_get
                0x000000000000cfc5                gpio_hal_arch_no_port_pin_set_input
                0x000000000000cfe1                gpio_hal_arch_no_port_pin_set_output
                0x000000000000cffd                gpio_hal_arch_no_port_set_pin
                0x000000000000d028                gpio_hal_arch_no_port_clear_pin
                0x000000000000d053                gpio_hal_arch_no_port_read_pin
                0x000000000000d085                gpio_hal_arch_no_port_write_pin
                0x000000000000d0b9                gpio_hal_arch_no_port_set_pins
                0x000000000000d10a                gpio_hal_arch_no_port_clear_pins
                0x000000000000d15b                gpio_hal_arch_no_port_read_pins
                0x000000000000d1ae                gpio_hal_arch_no_port_write_pins
 .text          0x000000000000d218       0xc6 build/cooja/mtype911.a(buttons.o)
 .text          0x000000000000d2de     0x3c24 build/cooja/mtype911.a(mqtt.o)
                0x000000000000d709                mqtt_decode_var_byte_int
                0x000000000000d7fc                mqtt_encode_var_byte_int
                0x000000000001081f                mqtt_init
                0x000000000001090a                mqtt_register
                0x00000000000109b7                mqtt_connect
                0x0000000000010afb                mqtt_disconnect
                0x0000000000010b4b                mqtt_subscribe
                0x0000000000010c2f                mqtt_unsubscribe
                0x0000000000010d07                mqtt_publish
                0x0000000000010e0f                mqtt_set_username_password
                0x0000000000010ea4                mqtt_set_last_will
 .text          0x0000000000010f02      0x3c1 build/cooja/mtype911.a(contiki-main.o)
                0x0000000000010f02                main
 .text          0x00000000000112c3       0xb0 build/cooja/mtype911.a(autostart.o)
                0x00000000000112c3                autostart_start
                0x000000000001131c                autostart_exit
 .text          0x0000000000011373      0x400 build/cooja/mtype911.a(ctimer.o)
                0x00000000000114b6                ctimer_init
                0x00000000000114fb                ctimer_set
                0x000000000001152e                ctimer_set_with_process
                0x00000000000115c5                ctimer_reset
                0x0000000000011633                ctimer_restart
                0x00000000000116a1                ctimer_stop
                0x0000000000011701                ctimer_expired
 .text          0x0000000000011773      0x4a3 build/cooja/mtype911.a(log.o)
                0x0000000000011773                log_6addr
                0x00000000000117d7                log_6addr_compact_snprint
                0x0000000000011897                log_6addr_compact
                0x00000000000118fb                log_lladdr
                0x0000000000011982                log_lladdr_compact
                0x00000000000119ff                log_bytes
                0x0000000000011a53                log_set_level
                0x0000000000011b31                log_get_level
                0x0000000000011bc2                log_level_to_str
 .text          0x0000000000011c16       0x39 build/cooja/mtype911.a(energest.o)
                0x0000000000011c16                energest_init
                0x0000000000011c26                energest_flush
                0x0000000000011c36                energest_get_total_time
 .text          0x0000000000011c4f      0x527 build/cooja/mtype911.a(etimer.o)
                0x0000000000011ea4                etimer_request_poll
                0x0000000000011f55                etimer_set
                0x0000000000011f8e                etimer_reset_with_new_interval
                0x0000000000011fcd                etimer_reset
                0x0000000000012003                etimer_restart
                0x0000000000012039                etimer_adjust
                0x0000000000012060                etimer_expired
                0x000000000001207d                etimer_expiration_time
                0x0000000000012099                etimer_start_time
                0x00000000000120ad                etimer_pending
                0x00000000000120ca                etimer_next_expiration_time
                0x00000000000120f2                etimer_stop
 .text          0x0000000000012176       0x36 build/cooja/mtype911.a(node-id.o)
                0x0000000000012176                node_id_init
 .text          0x00000000000121ac      0x122 build/cooja/mtype911.a(rtimer.o)
                0x00000000000121ac                rtimer_init
                0x00000000000121cb                rtimer_set
                0x0000000000012259                rtimer_run_next
 .text          0x00000000000122ce      0x5cb build/cooja/mtype911.a(process.o)
                0x00000000000122ce                process_alloc_event
                0x00000000000122ef                process_start
                0x00000000000124f4                process_exit
                0x000000000001251c                process_init
                0x00000000000126e4                process_run
                0x0000000000012727                process_nevents
                0x000000000001274c                process_post
                0x00000000000127f9                process_post_synch
                0x000000000001283f                process_poll
                0x000000000001287b                process_is_running
 .text.__x86.get_pc_thunk.si
                0x0000000000012899        0x4 build/cooja/mtype911.a(process.o)
                0x0000000000012899                __x86.get_pc_thunk.si
 .text          0x000000000001289d       0xf6 build/cooja/mtype911.a(timer.o)
                0x000000000001289d                timer_set
                0x00000000000128cc                timer_reset
                0x0000000000012903                timer_restart
                0x0000000000012929                timer_expired
                0x0000000000012967                timer_remaining
 .text          0x0000000000012993      0x311 build/cooja/mtype911.a(list.o)
                0x0000000000012993                list_init
                0x00000000000129ac                list_head
                0x00000000000129c0                list_copy
                0x00000000000129da                list_tail
                0x0000000000012a1a                list_add
                0x0000000000012a70                list_push
                0x0000000000012aa6                list_chop
                0x0000000000012b1a                list_pop
                0x0000000000012b4c                list_remove
                0x0000000000012bbe                list_length
                0x0000000000012bf6                list_insert
                0x0000000000012c45                list_item_next
                0x0000000000012c66                list_contains
 .text          0x0000000000012ca4      0x566 build/cooja/mtype911.a(button-hal.o)
                0x0000000000012e98                button_hal_get_by_id
                0x0000000000012ee2                button_hal_get_by_index
                0x0000000000012f1c                button_hal_get_state
                0x0000000000012f7e                button_hal_init
 .text          0x000000000001320a      0x242 build/cooja/mtype911.a(serial-line.o)
                0x000000000001320a                serial_line_input_byte
                0x0000000000013402                serial_line_init
 .text          0x000000000001344c      0x1d6 build/cooja/mtype911.a(gpio-hal.o)
                0x000000000001344c                gpio_hal_register_handler
                0x000000000001347a                gpio_hal_event_handler
                0x00000000000134e7                gpio_hal_init
                0x0000000000013516                gpio_hal_arch_port_toggle_pin
                0x0000000000013561                gpio_hal_arch_port_toggle_pins
                0x000000000001359e                gpio_hal_arch_no_port_toggle_pin
                0x00000000000135eb                gpio_hal_arch_no_port_toggle_pins
 .text          0x0000000000013622      0x3a9 build/cooja/mtype911.a(queuebuf.o)
                0x0000000000013636                queuebuf_init
                0x0000000000013672                queuebuf_numfree
                0x000000000001369c                queuebuf_new_from_packetbuf
                0x0000000000013750                queuebuf_update_attr_from_packetbuf
                0x0000000000013794                queuebuf_update_from_packetbuf
                0x00000000000137f3                queuebuf_free
                0x0000000000013851                queuebuf_to_packetbuf
                0x00000000000138ce                queuebuf_dataptr
                0x000000000001391a                queuebuf_datalen
                0x0000000000013947                queuebuf_addr
                0x0000000000013986                queuebuf_attr
                0x00000000000139bb                queuebuf_debug_print
 .text          0x00000000000139cb      0x4dd build/cooja/mtype911.a(packetbuf.o)
                0x00000000000139cb                packetbuf_clear
                0x0000000000013a01                packetbuf_copyfrom
                0x0000000000013a61                packetbuf_copyto
                0x0000000000013aff                packetbuf_hdralloc
                0x0000000000013b8f                packetbuf_hdrreduce
                0x0000000000013be1                packetbuf_set_datalen
                0x0000000000013c06                packetbuf_dataptr
                0x0000000000013c2d                packetbuf_hdrptr
                0x0000000000013c42                packetbuf_datalen
                0x0000000000013c58                packetbuf_hdrlen
                0x0000000000013c77                packetbuf_totlen
                0x0000000000013c97                packetbuf_remaininglen
                0x0000000000013cb4                packetbuf_attr_clear
                0x0000000000013d1a                packetbuf_attr_copyto
                0x0000000000013d60                packetbuf_attr_copyfrom
                0x0000000000013da6                packetbuf_set_attr
                0x0000000000013ddc                packetbuf_attr
                0x0000000000013e02                packetbuf_set_addr
                0x0000000000013e4a                packetbuf_addr
                0x0000000000013e74                packetbuf_holds_broadcast
 .text          0x0000000000013ea8      0x13c build/cooja/mtype911.a(netstack.o)
                0x0000000000013ea8                netstack_process_ip_callback
                0x0000000000013f49                netstack_ip_packet_processor_add
                0x0000000000013f7d                uip_ds6_ip_packet_processor_rm
                0x0000000000013fab                netstack_init
 .text          0x0000000000013fe4       0x75 build/cooja/mtype911.a(linkaddr.o)
                0x0000000000013fe4                linkaddr_copy
                0x0000000000014004                linkaddr_cmp
                0x0000000000014037                linkaddr_set_node_addr
 .text          0x0000000000014059       0x94 build/cooja/mtype911.a(printf.o)
                0x000000000001408d                log_printf
 .text          0x00000000000140ed       0xbb build/cooja/mtype911.a(sprintf.o)
                0x0000000000014130                log_sprintf
 .text          0x00000000000141a8      0x150 build/cooja/mtype911.a(snprintf.o)
                0x000000000001421a                log_snprintf
                0x0000000000014275                log_vsnprintf
 .text          0x00000000000142f8       0x29 build/cooja/mtype911.a(putchar.o)
                0x00000000000142f8                log_putchar
 .text          0x0000000000014321      0x2ae build/cooja/mtype911.a(csma.o)
 .text          0x00000000000145cf      0xa6f build/cooja/mtype911.a(csma-output.o)
                0x0000000000014d41                csma_output_packet
                0x0000000000014ff0                csma_output_init
 .text          0x000000000001503e      0xe47 build/cooja/mtype911.a(uip-ds6.o)
                0x000000000001503e                uip_ds6_default_prefix
                0x0000000000015053                uip_ds6_set_default_prefix
                0x0000000000015089                uip_ds6_init
                0x0000000000015324                uip_ds6_periodic
                0x00000000000153cc                uip_ds6_list_loop
                0x000000000001549b                uip_ds6_prefix_add
                0x0000000000015562                uip_ds6_prefix_rm
                0x000000000001557f                uip_ds6_prefix_lookup
                0x00000000000155d2                uip_ds6_is_addr_onlink
                0x000000000001565f                uip_ds6_addr_add
                0x00000000000157a1                uip_ds6_addr_rm
                0x0000000000015860                uip_ds6_addr_lookup
                0x00000000000158b0                uip_ds6_get_link_local
                0x000000000001594e                uip_ds6_get_global
                0x00000000000159ec                uip_ds6_maddr_add
                0x0000000000015a68                uip_ds6_maddr_rm
                0x0000000000015a85                uip_ds6_maddr_lookup
                0x0000000000015ad8                uip_ds6_aaddr_add
                0x0000000000015b51                uip_ds6_aaddr_rm
                0x0000000000015b6e                uip_ds6_aaddr_lookup
                0x0000000000015bbe                uip_ds6_select_src
                0x0000000000015d2c                uip_ds6_set_addr_iid
                0x0000000000015d61                uip_ds6_set_lladdr_from_iid
                0x0000000000015d94                get_match_length
                0x0000000000015e2f                uip_ds6_compute_reachable_time
 .text          0x0000000000015e85      0xb4d build/cooja/mtype911.a(tcp-socket.o)
                0x000000000001659c                tcp_socket_register
                0x000000000001663d                tcp_socket_connect
                0x00000000000166f0                tcp_socket_listen
                0x0000000000016780                tcp_socket_unlisten
                0x000000000001680d                tcp_socket_send
                0x00000000000168bd                tcp_socket_send_str
                0x00000000000168f5                tcp_socket_close
                0x0000000000016928                tcp_socket_unregister
                0x0000000000016992                tcp_socket_max_sendlen
                0x00000000000169b9                tcp_socket_queuelen
 .text          0x00000000000169d2      0x453 build/cooja/mtype911.a(uip-ds6-route.o)
                0x0000000000016a34                uip_ds6_route_init
                0x0000000000016a70                uip_ds6_route_count_nexthop_neighbors
                0x0000000000016a84                uip_ds6_route_nexthop
                0x0000000000016a98                uip_ds6_route_head
                0x0000000000016aac                uip_ds6_route_next
                0x0000000000016ac0                uip_ds6_route_is_nexthop
                0x0000000000016ad4                uip_ds6_route_num_routes
                0x0000000000016ae8                uip_ds6_route_lookup
                0x0000000000016afc                uip_ds6_route_add
                0x0000000000016b19                uip_ds6_route_rm
                0x0000000000016b29                uip_ds6_route_rm_by_nexthop
                0x0000000000016b39                uip_ds6_defrt_head
                0x0000000000016b63                uip_ds6_defrt_add
                0x0000000000016c23                uip_ds6_defrt_rm
                0x0000000000016c9c                uip_ds6_defrt_lookup
                0x0000000000016d13                uip_ds6_defrt_choose
                0x0000000000016d99                uip_ds6_defrt_periodic
 .text          0x0000000000016e25      0xc55 build/cooja/mtype911.a(tcpip.o)
                0x0000000000016e4b                tcpip_output
                0x0000000000016f76                tcp_connect
                0x0000000000016fde                tcp_unlisten
                0x0000000000017053                tcp_listen
                0x00000000000170c5                tcp_attach
                0x00000000000170e7                udp_attach
                0x0000000000017109                udp_new
                0x0000000000017163                udp_broadcast_new
                0x0000000000017435                tcpip_input
                0x000000000001762b                tcpip_ipv6_output
                0x0000000000017867                tcpip_poll_udp
                0x0000000000017897                tcpip_poll_tcp
                0x00000000000178c7                tcpip_uipcall
 .text          0x0000000000017a7a     0x33b5 build/cooja/mtype911.a(uip6.o)
                0x0000000000017a7a                uip_add32
                0x0000000000017c65                uip_chksum
                0x0000000000017d5d                uip_icmp6chksum
                0x0000000000017d7c                uip_tcpchksum
                0x0000000000017d9b                uip_udpchksum
                0x0000000000017dba                uip_init
                0x0000000000017e68                uip_connect
                0x0000000000018005                uip_remove_ext_hdr
                0x0000000000018100                uip_udp_new
                0x0000000000018245                uip_unlisten
                0x0000000000018295                uip_listen
                0x00000000000185a5                uip_process
                0x000000000001acbf                uip_htons
                0x000000000001aceb                uip_htonl
                0x000000000001ad35                uip_send
 .text          0x000000000001ae2f      0x43e build/cooja/mtype911.a(uip-ds6-nbr.o)
                0x000000000001ae2f                uip_ds6_neighbors_init
                0x000000000001ae65                uip_ds6_nbr_add
                0x000000000001aeff                uip_ds6_nbr_rm
                0x000000000001af5e                uip_ds6_nbr_update_ll
                0x000000000001b05b                uip_ds6_nbr_get_ipaddr
                0x000000000001b07a                uip_ds6_nbr_get_ll
                0x000000000001b0a7                uip_ds6_nbr_num
                0x000000000001b101                uip_ds6_nbr_head
                0x000000000001b12b                uip_ds6_nbr_next
                0x000000000001b158                uip_ds6_nbr_lookup
                0x000000000001b1bf                uip_ds6_nbr_ll_lookup
                0x000000000001b1ec                uip_ds6_nbr_ipaddr_from_lladdr
                0x000000000001b21f                uip_ds6_nbr_lladdr_from_ipaddr
                0x000000000001b25d                uip_ds6_link_callback
 .text          0x000000000001b26d      0x810 build/cooja/mtype911.a(uip-nd6.o)
                0x000000000001ba52                uip_nd6_init
 .text          0x000000000001ba7d     0x33af build/cooja/mtype911.a(sicslowpan.o)
                0x000000000001c17b                netstack_sniffer_add
                0x000000000001c194                netstack_sniffer_remove
                0x000000000001edeb                sicslowpan_init
                0x000000000001ee17                sicslowpan_get_last_rssi
 .text          0x000000000001ee2c      0x51a build/cooja/mtype911.a(uiplib.o)
                0x000000000001ee2c                uiplib_ip6addrconv
                0x000000000001eff2                uiplib_ip4addrconv
                0x000000000001f0bf                uiplib_ipaddr_print
                0x000000000001f123                uiplib_ipaddr_snprint
 .text          0x000000000001f346      0x610 build/cooja/mtype911.a(rpl.o)
                0x000000000001f346                rpl_lollipop_greater_than
                0x000000000001f3a9                rpl_get_global_address
                0x000000000001f4df                rpl_link_callback
                0x000000000001f542                rpl_has_joined
                0x000000000001f578                rpl_is_reachable
                0x000000000001f61b                rpl_reset_prefix
                0x000000000001f697                rpl_set_prefix_from_addr
                0x000000000001f7a9                rpl_set_prefix
                0x000000000001f91d                rpl_set_leaf_only
                0x000000000001f940                rpl_get_leaf_only
 .text          0x000000000001f956     0x1491 build/cooja/mtype911.a(rpl-icmp6.o)
                0x000000000001fab3                rpl_icmp6_update_nbr_table
                0x000000000001fb65                rpl_icmp6_dis_output
                0x000000000002017a                rpl_icmp6_dio_output
                0x00000000000209d3                rpl_icmp6_dao_output
                0x0000000000020d00                rpl_icmp6_dao_ack_output
                0x0000000000020d87                rpl_icmp6_init
 .text          0x0000000000020de7      0x2e4 build/cooja/mtype911.a(rpl-dag-root.o)
                0x0000000000020de7                rpl_dag_root_print_links
                0x0000000000020f40                rpl_dag_root_set_prefix
                0x0000000000020f7b                rpl_dag_root_start
                0x0000000000021089                rpl_dag_root_is_root
 .text          0x00000000000210cb       0x6b build/cooja/mtype911.a(watchdog.o)
                0x00000000000210cb                watchdog_init
                0x00000000000210db                watchdog_start
                0x00000000000210eb                watchdog_periodic
                0x0000000000021116                watchdog_stop
                0x0000000000021126                watchdog_reboot
 .text          0x0000000000021136       0x75 build/cooja/mtype911.a(int-master.o)
                0x0000000000021136                int_master_enable
                0x0000000000021150                int_master_read_and_disable
                0x0000000000021178                int_master_status_set
                0x0000000000021191                int_master_is_enabled
 .text          0x00000000000211ab      0x11d build/cooja/mtype911.a(stimer.o)
                0x00000000000211ab                stimer_set
                0x00000000000211da                stimer_reset
                0x0000000000021211                stimer_restart
                0x0000000000021237                stimer_expired
                0x0000000000021273                stimer_remaining
                0x000000000002129f                stimer_elapsed
 .text          0x00000000000212c8      0x188 build/cooja/mtype911.a(ringbuf.o)
                0x00000000000212c8                ringbuf_init
                0x0000000000021304                ringbuf_put
                0x000000000002138c                ringbuf_get
                0x0000000000021403                ringbuf_size
                0x000000000002141f                ringbuf_elements
 .text          0x0000000000021450      0x1ec build/cooja/mtype911.a(memb.o)
                0x0000000000021450                memb_init
                0x00000000000214b4                memb_alloc
                0x0000000000021521                memb_free
                0x00000000000215a2                memb_inmemb
                0x00000000000215eb                memb_numfree
 .text          0x000000000002163c       0x31 build/cooja/mtype911.a(assert.o)
                0x000000000002163c                _xassert
 .text          0x000000000002166d      0xb68 build/cooja/mtype911.a(nbr-table.o)
                0x0000000000021a0f                nbr_table_count_entries
                0x0000000000021abc                nbr_table_gc_get_worst
                0x0000000000021afc                nbr_table_can_accept_new
                0x0000000000021c85                nbr_table_entry_is_allowed
                0x0000000000021d25                nbr_table_register
                0x0000000000021da3                nbr_table_is_registered
                0x0000000000021de8                nbr_table_head
                0x0000000000021e55                nbr_table_next
                0x0000000000021ec7                nbr_table_add_lladdr
                0x0000000000022016                nbr_table_get_from_lladdr
                0x0000000000022073                nbr_table_remove
                0x00000000000220be                nbr_table_lock
                0x00000000000220e4                nbr_table_unlock
                0x000000000002210a                nbr_table_get_lladdr
                0x0000000000022140                nbr_table_clear
                0x0000000000022185                nbr_table_key_head
                0x00000000000221af                nbr_table_key_next
 .text          0x00000000000221d5      0x450 build/cooja/mtype911.a(link-stats.o)
                0x00000000000221d5                link_stats_from_lladdr
                0x0000000000022202                link_stats_get_lladdr
                0x000000000002222f                link_stats_is_fresh
                0x000000000002227c                guess_etx_from_rssi
                0x0000000000022302                link_stats_packet_sent
                0x0000000000022446                link_stats_input_callback
                0x000000000002257a                link_stats_reset
                0x00000000000225dc                link_stats_init
 .text          0x0000000000022625      0x1a8 build/cooja/mtype911.a(mac-sequence.o)
                0x0000000000022625                mac_sequence_is_duplicate
                0x00000000000226e5                mac_sequence_register_seqno
 .text          0x00000000000227cd       0x2d build/cooja/mtype911.a(mac.o)
                0x00000000000227cd                mac_call_sent_callback
 .text          0x00000000000227fa      0x477 build/cooja/mtype911.a(framer-802154.o)
                0x000000000002299d                framer_802154_setup_params
 .text          0x0000000000022c71      0xc1a build/cooja/mtype911.a(frame802154.o)
                0x0000000000022cac                frame802154_get_pan_id
                0x0000000000022cc2                frame802154_set_pan_id
                0x0000000000022ce7                frame802154_has_panid
                0x0000000000022ea0                frame802154_check_dest_panid
                0x0000000000022f32                frame802154_is_broadcast_addr
                0x0000000000022f89                frame802154_extract_linkaddr
                0x0000000000023212                frame802154_hdrlen
                0x000000000002328f                frame802154_create_fcf
                0x0000000000023351                frame802154_create
                0x00000000000234dc                frame802154_parse_fcf
                0x00000000000235c8                frame802154_parse
 .text          0x000000000002388b     0x1216 build/cooja/mtype911.a(strformat.o)
                0x0000000000023c36                format_str
                0x0000000000023c91                format_str_v
 .text          0x0000000000024aa1       0x4e build/cooja/mtype911.a(csma-security.o)
                0x0000000000024aa1                csma_security_create_frame
                0x0000000000024ad2                csma_security_parse_frame
 .text          0x0000000000024aef      0x5d3 build/cooja/mtype911.a(uipbuf.o)
                0x0000000000024aef                uipbuf_clear
                0x0000000000024b26                uipbuf_add_ext_hdr
                0x0000000000024bc1                uipbuf_set_len
                0x0000000000024bfb                uipbuf_set_len_field
                0x0000000000024c31                uipbuf_get_len_field
                0x0000000000024c5b                uipbuf_get_next_header
                0x0000000000024dac                uipbuf_get_last_header
                0x0000000000024e2f                uipbuf_search_header
                0x0000000000024ef3                uipbuf_get_attr
                0x0000000000024f24                uipbuf_set_attr
                0x0000000000024f65                uipbuf_set_default_attr
                0x0000000000024fa6                uipbuf_clear_attr
                0x0000000000024fe6                uipbuf_set_attr_flag
                0x0000000000025012                uipbuf_clr_attr_flag
                0x0000000000025044                uipbuf_is_attr_flag
                0x0000000000025072                uipbuf_init
 .text          0x00000000000250c2      0x8b7 build/cooja/mtype911.a(uip-icmp6.o)
                0x0000000000025147                uip_icmp6_input
                0x00000000000251a8                uip_icmp6_register_input_handler
                0x000000000002535c                uip_icmp6_error_output
                0x000000000002569e                uip_icmp6_send
                0x00000000000258cc                uip_icmp6_echo_reply_callback_add
                0x000000000002590f                uip_icmp6_echo_reply_callback_rm
                0x000000000002593d                uip_icmp6_init
 .text          0x0000000000025979      0x772 build/cooja/mtype911.a(uip-sr.o)
                0x0000000000025979                uip_sr_num_nodes
                0x0000000000025a25                uip_sr_get_node
                0x0000000000025a8c                uip_sr_is_addr_reachable
                0x0000000000025b49                uip_sr_expire_parent
                0x0000000000025b9c                uip_sr_update_node
                0x0000000000025ce0                uip_sr_init
                0x0000000000025d26                uip_sr_node_head
                0x0000000000025d50                uip_sr_node_next
                0x0000000000025d76                uip_sr_periodic
                0x0000000000025e92                uip_sr_free_all
                0x0000000000025f17                uip_sr_link_snprint
 .text          0x00000000000260eb      0x1a5 build/cooja/mtype911.a(uip-packetqueue)
                0x000000000002612b                uip_packetqueue_new
                0x0000000000026144                uip_packetqueue_alloc
                0x00000000000261b3                uip_packetqueue_free
                0x000000000002620b                uip_packetqueue_buf
                0x0000000000026232                uip_packetqueue_buflen
                0x000000000002625d                uip_packetqueue_set_buflen
 .text          0x0000000000026290       0x8d build/cooja/mtype911.a(rpl-nbr-policy.)
                0x00000000000262dc                rpl_nbr_gc_get_worst
 .text          0x000000000002631d      0xaad build/cooja/mtype911.a(rpl-neighbor.o)
                0x00000000000263b9                rpl_neighbor_snprint
                0x00000000000266a1                rpl_neighbor_print_list
                0x0000000000026774                rpl_neighbor_count
                0x0000000000026857                rpl_neighbor_get_from_lladdr
                0x0000000000026884                rpl_neighbor_is_acceptable_parent
                0x00000000000268ca                rpl_neighbor_get_link_metric
                0x0000000000026910                rpl_neighbor_rank_via_nbr
                0x0000000000026956                rpl_neighbor_get_lladdr
                0x0000000000026983                rpl_neighbor_get_ipaddr
                0x00000000000269b9                rpl_neighbor_get_link_stats
                0x00000000000269ef                rpl_neighbor_is_fresh
                0x0000000000026a25                rpl_neighbor_is_parent
                0x0000000000026a5c                rpl_neighbor_set_preferred_parent
                0x0000000000026b16                rpl_neighbor_remove_all
                0x0000000000026b83                rpl_neighbor_get_from_ipaddr
                0x0000000000026cbd                rpl_neighbor_select_best
                0x0000000000026d98                rpl_neighbor_init
 .text          0x0000000000026dca     0x11f4 build/cooja/mtype911.a(rpl-dag.o)
                0x0000000000026dca                rpl_dag_state_to_str
                0x0000000000026e18                rpl_dag_get_root_ipaddr
                0x0000000000026e68                rpl_dag_leave
                0x0000000000026f1e                rpl_dag_poison_and_leave
                0x0000000000026f4a                rpl_dag_periodic
                0x000000000002700f                rpl_is_addr_in_our_dag
                0x000000000002706e                rpl_get_default_instance
                0x0000000000027098                rpl_get_any_dag
                0x000000000002710e                rpl_refresh_routes
                0x0000000000027171                rpl_global_repair
                0x0000000000027242                rpl_local_repair
                0x00000000000272a7                rpl_dag_ready_to_advertise
                0x0000000000027300                rpl_dag_update_state
                0x0000000000027b7c                rpl_process_dio
                0x0000000000027c17                rpl_process_dis
                0x0000000000027c6d                rpl_process_dao
                0x0000000000027d0e                rpl_process_dao_ack
                0x0000000000027dca                rpl_process_hbh
                0x0000000000027e2a                rpl_dag_init_root
                0x0000000000027f8c                rpl_dag_init
 .text          0x0000000000027fbe      0xd8d build/cooja/mtype911.a(rpl-timers.o)
                0x0000000000027fbe                rpl_timers_schedule_periodic_dis
                0x0000000000028168                rpl_timers_dio_reset
                0x00000000000282e0                rpl_timers_schedule_unicast_dio
                0x00000000000284b3                rpl_timers_schedule_dao
                0x00000000000285b9                rpl_timers_schedule_dao_ack
                0x0000000000028688                rpl_timers_notify_dao_ack
                0x000000000002870e                get_probing_delay
                0x0000000000028753                get_probing_target
                0x0000000000028988                rpl_schedule_probing
                0x00000000000289d4                rpl_schedule_probing_now
                0x0000000000028a6e                rpl_timers_unschedule_leaving
                0x0000000000028ac8                rpl_timers_schedule_leaving
                0x0000000000028b2d                rpl_timers_init
                0x0000000000028bef                rpl_timers_stop_dag_timers
                0x0000000000028cac                rpl_timers_unschedule_state_update
                0x0000000000028ce8                rpl_timers_schedule_state_update
 .text          0x0000000000028d4b      0xd3b build/cooja/mtype911.a(rpl-ext-header.)
                0x0000000000028d4b                rpl_ext_header_srh_get_next_hop
                0x0000000000028e56                rpl_ext_header_srh_update
                0x0000000000029481                rpl_ext_header_hbh_update
                0x0000000000029800                rpl_ext_header_update
                0x00000000000298af                rpl_ext_header_remove
 .text          0x0000000000029a86      0x39b build/cooja/mtype911.a(rpl-mrhof.o)
 *fill*         0x0000000000029e21        0xf 
 .text          0x0000000000029e30      0x116 /usr/lib/gcc/i686-linux-gnu/7/libgcc.a(_udivdi3.o)
                0x0000000000029e30                __udivdi3
 *fill*         0x0000000000029f46        0xa 
 .text          0x0000000000029f50      0x119 /usr/lib/gcc/i686-linux-gnu/7/libgcc.a(_umoddi3.o)
                0x0000000000029f50                __umoddi3
 *fill*         0x000000000002a069        0x7 
 .text          0x000000000002a070       0x14 /usr/lib/i386-linux-gnu/libc_nonshared.a(stack_chk_fail_local.oS)
                0x000000000002a070                __stack_chk_fail_local
 .text          0x000000000002a084        0x0 /usr/lib/gcc/i686-linux-gnu/7/crtendS.o
 .text          0x000000000002a084        0x0 /usr/lib/gcc/i686-linux-gnu/7/../../../i386-linux-gnu/crtn.o
 *(.gnu.warning)

.fini           0x000000000002a084       0x14
 *(SORT_NONE(.fini))
 .fini          0x000000000002a084        0xf /usr/lib/gcc/i686-linux-gnu/7/../../../i386-linux-gnu/crti.o
                0x000000000002a084                _fini
 .fini          0x000000000002a093        0x5 /usr/lib/gcc/i686-linux-gnu/7/../../../i386-linux-gnu/crtn.o
                [!provide]                        PROVIDE (__etext = .)
                [!provide]                        PROVIDE (_etext = .)
                [!provide]                        PROVIDE (etext = .)

.rodata         0x000000000002a098      0xaa7
 *(.rodata .rodata.* .gnu.linkonce.r.*)
 .rodata        0x000000000002a098      0x25f mqtt-client.o
 *fill*         0x000000000002a2f7        0x1 
 .rodata        0x000000000002a2f8        0x6 build/cooja/mtype911.a(leds-arch.o)
                0x000000000002a2f8                leds_arch_leds
 .rodata        0x000000000002a2fe        0x4 build/cooja/mtype911.a(pir-sensor.o)
 .rodata        0x000000000002a302        0x6 build/cooja/mtype911.a(rs232.o)
 .rodata        0x000000000002a308        0xa build/cooja/mtype911.a(vib-sensor.o)
 *fill*         0x000000000002a312        0x2 
 .rodata        0x000000000002a314       0x27 build/cooja/mtype911.a(cfs-cooja.o)
 *fill*         0x000000000002a33b        0x1 
 .rodata        0x000000000002a33c       0x68 build/cooja/mtype911.a(cooja-radio.o)
 .rodata        0x000000000002a3a4        0x8 build/cooja/mtype911.a(sensors.o)
 .rodata        0x000000000002a3ac       0x14 build/cooja/mtype911.a(buttons.o)
                0x000000000002a3b8                button_hal_button_count
 .rodata        0x000000000002a3c0       0x14 build/cooja/mtype911.a(mqtt.o)
 .rodata        0x000000000002a3d4       0xf4 build/cooja/mtype911.a(contiki-main.o)
 .rodata        0x000000000002a4c8        0xf build/cooja/mtype911.a(ctimer.o)
 *fill*         0x000000000002a4d7        0x1 
 .rodata        0x000000000002a4d8       0xc4 build/cooja/mtype911.a(log.o)
 .rodata        0x000000000002a59c        0xc build/cooja/mtype911.a(etimer.o)
 .rodata        0x000000000002a5a8       0x13 build/cooja/mtype911.a(button-hal.o)
 .rodata        0x000000000002a5bb        0xe build/cooja/mtype911.a(serial-line.o)
 *fill*         0x000000000002a5c9        0x3 
 .rodata        0x000000000002a5cc        0x8 build/cooja/mtype911.a(linkaddr.o)
                0x000000000002a5cc                linkaddr_null
 .rodata        0x000000000002a5d4        0x5 build/cooja/mtype911.a(csma.o)
 *fill*         0x000000000002a5d9        0x3 
 .rodata        0x000000000002a5dc       0x2a build/cooja/mtype911.a(csma-output.o)
 .rodata        0x000000000002a606       0x13 build/cooja/mtype911.a(tcp-socket.o)
 *fill*         0x000000000002a619        0x3 
 .rodata        0x000000000002a61c       0x4d build/cooja/mtype911.a(uip-ds6-route.o)
 .rodata        0x000000000002a669        0xd build/cooja/mtype911.a(tcpip.o)
 *fill*         0x000000000002a676        0x2 
 .rodata        0x000000000002a678       0x48 build/cooja/mtype911.a(uip6.o)
 .rodata        0x000000000002a6c0       0x1f build/cooja/mtype911.a(sicslowpan.o)
                0x000000000002a6c0                unc_llconf
                0x000000000002a6c4                unc_ctxconf
                0x000000000002a6c8                unc_mxconf
                0x000000000002a6cc                llprefix
 .rodata        0x000000000002a6df       0x2d build/cooja/mtype911.a(uiplib.o)
 .rodata        0x000000000002a70c        0x9 build/cooja/mtype911.a(rpl.o)
 *fill*         0x000000000002a715        0x3 
 .rodata        0x000000000002a718       0x25 build/cooja/mtype911.a(assert.o)
 *fill*         0x000000000002a73d        0x3 
 .rodata        0x000000000002a740      0x280 build/cooja/mtype911.a(strformat.o)
 .rodata        0x000000000002a9c0       0x44 build/cooja/mtype911.a(uip-sr.o)
 .rodata        0x000000000002aa04       0x58 build/cooja/mtype911.a(rpl-neighbor.o)
 .rodata        0x000000000002aa5c       0xd7 build/cooja/mtype911.a(rpl-dag.o)
 .rodata        0x000000000002ab33        0xc build/cooja/mtype911.a(rpl-timers.o)

.rodata1
 *(.rodata1)

.eh_frame_hdr   0x000000000002ab40     0x190c
 *(.eh_frame_hdr)
 .eh_frame_hdr  0x000000000002ab40     0x190c mqtt-client.o
                0x000000000002ab40                __GNU_EH_FRAME_HDR
 *(.eh_frame_entry .eh_frame_entry.*)

.eh_frame       0x000000000002c44c     0x6d10
 *(.eh_frame)
 .eh_frame      0x000000000002c44c       0x3c /usr/lib/gcc/i686-linux-gnu/7/../../../i386-linux-gnu/crti.o
                                         0x40 (size before relaxing)
 .eh_frame      0x000000000002c488       0x14 /usr/lib/gcc/i686-linux-gnu/7/../../../i386-linux-gnu/crti.o
                                         0x2c (size before relaxing)
 .eh_frame      0x000000000002c49c       0xcc mqtt-client.o
                                         0xf8 (size before relaxing)
 .eh_frame      0x000000000002c568      0x1ac build/cooja/mtype911.o
                                        0x1ec (size before relaxing)
 .eh_frame      0x000000000002c714       0x48 build/cooja/mtype911.a(simEnvChange.o)
                                         0x74 (size before relaxing)
 .eh_frame      0x000000000002c75c       0x6c build/cooja/mtype911.a(cooja_mt.o)
                                         0x98 (size before relaxing)
 .eh_frame      0x000000000002c7c8       0x88 build/cooja/mtype911.a(cooja_mtarch.o)
                                         0xc8 (size before relaxing)
 .eh_frame      0x000000000002c850       0xe4 build/cooja/mtype911.a(rtimer-arch.o)
                                        0x110 (size before relaxing)
 .eh_frame      0x000000000002c934      0x160 build/cooja/mtype911.a(beep.o)
                                        0x18c (size before relaxing)
 .eh_frame      0x000000000002ca94       0x88 build/cooja/mtype911.a(leds-arch.o)
                                         0xc8 (size before relaxing)
 .eh_frame      0x000000000002cb1c       0x44 build/cooja/mtype911.a(moteid.o)
                                         0x70 (size before relaxing)
 .eh_frame      0x000000000002cb60       0xa4 build/cooja/mtype911.a(pir-sensor.o)
                                         0xe4 (size before relaxing)
 .eh_frame      0x000000000002cc04      0x110 build/cooja/mtype911.a(rs232.o)
                                        0x150 (size before relaxing)
 .eh_frame      0x000000000002cd14       0xa4 build/cooja/mtype911.a(vib-sensor.o)
                                         0xe4 (size before relaxing)
 .eh_frame      0x000000000002cdb8       0xc0 build/cooja/mtype911.a(clock.o)
                                         0xec (size before relaxing)
 .eh_frame      0x000000000002ce78      0x110 build/cooja/mtype911.a(cooja-log.o)
                                        0x150 (size before relaxing)
 .eh_frame      0x000000000002cf88      0x16c build/cooja/mtype911.a(cfs-cooja.o)
                                        0x1ac (size before relaxing)
 .eh_frame      0x000000000002d0f4      0x374 build/cooja/mtype911.a(cooja-radio.o)
                                        0x3b4 (size before relaxing)
 .eh_frame      0x000000000002d468       0xa8 build/cooja/mtype911.a(eeprom.o)
                                         0xe8 (size before relaxing)
 .eh_frame      0x000000000002d510       0x48 build/cooja/mtype911.a(random.o)
                                         0x74 (size before relaxing)
 .eh_frame      0x000000000002d558       0xd0 build/cooja/mtype911.a(sensors.o)
                                        0x110 (size before relaxing)
 .eh_frame      0x000000000002d628      0x140 build/cooja/mtype911.a(leds.o)
                                        0x180 (size before relaxing)
 .eh_frame      0x000000000002d768      0x228 build/cooja/mtype911.a(gpio-hal-arch.o)
                                        0x27c (size before relaxing)
 .eh_frame      0x000000000002d990       0xa4 build/cooja/mtype911.a(buttons.o)
                                         0xe4 (size before relaxing)
 .eh_frame      0x000000000002da34      0x560 build/cooja/mtype911.a(mqtt.o)
                                        0x5b4 (size before relaxing)
 .eh_frame      0x000000000002df94       0x38 build/cooja/mtype911.a(contiki-main.o)
                                         0x64 (size before relaxing)
 .eh_frame      0x000000000002dfcc       0x48 build/cooja/mtype911.a(autostart.o)
                                         0x74 (size before relaxing)
 .eh_frame      0x000000000002e014      0x11c build/cooja/mtype911.a(ctimer.o)
                                        0x15c (size before relaxing)
 .eh_frame      0x000000000002e130      0x144 build/cooja/mtype911.a(log.o)
                                        0x184 (size before relaxing)
 .eh_frame      0x000000000002e274       0x60 build/cooja/mtype911.a(energest.o)
                                         0x8c (size before relaxing)
 .eh_frame      0x000000000002e2d4      0x204 build/cooja/mtype911.a(etimer.o)
                                        0x244 (size before relaxing)
 .eh_frame      0x000000000002e4d8       0x20 build/cooja/mtype911.a(node-id.o)
                                         0x4c (size before relaxing)
 .eh_frame      0x000000000002e4f8       0x6c build/cooja/mtype911.a(rtimer.o)
                                         0xc0 (size before relaxing)
 .eh_frame      0x000000000002e564      0x1ec build/cooja/mtype911.a(process.o)
                                        0x22c (size before relaxing)
 .eh_frame      0x000000000002e750       0xb4 build/cooja/mtype911.a(timer.o)
                                         0xe0 (size before relaxing)
 .eh_frame      0x000000000002e804      0x1a0 build/cooja/mtype911.a(list.o)
                                        0x1cc (size before relaxing)
 .eh_frame      0x000000000002e9a4      0x188 build/cooja/mtype911.a(button-hal.o)
                                        0x1c8 (size before relaxing)
 .eh_frame      0x000000000002eb2c       0x6c build/cooja/mtype911.a(serial-line.o)
                                         0x98 (size before relaxing)
 .eh_frame      0x000000000002eb98       0xfc build/cooja/mtype911.a(gpio-hal.o)
                                        0x13c (size before relaxing)
 .eh_frame      0x000000000002ec94      0x1c0 build/cooja/mtype911.a(queuebuf.o)
                                        0x200 (size before relaxing)
 .eh_frame      0x000000000002ee54      0x2b0 build/cooja/mtype911.a(packetbuf.o)
                                        0x2f0 (size before relaxing)
 .eh_frame      0x000000000002f104       0x90 build/cooja/mtype911.a(netstack.o)
                                         0xd0 (size before relaxing)
 .eh_frame      0x000000000002f194       0x64 build/cooja/mtype911.a(linkaddr.o)
                                         0x90 (size before relaxing)
 .eh_frame      0x000000000002f1f8       0x48 build/cooja/mtype911.a(printf.o)
                                         0x74 (size before relaxing)
 .eh_frame      0x000000000002f240       0x48 build/cooja/mtype911.a(sprintf.o)
                                         0x74 (size before relaxing)
 .eh_frame      0x000000000002f288       0x68 build/cooja/mtype911.a(snprintf.o)
                                         0x94 (size before relaxing)
 .eh_frame      0x000000000002f2f0       0x24 build/cooja/mtype911.a(putchar.o)
                                         0x50 (size before relaxing)
 .eh_frame      0x000000000002f314       0xf0 build/cooja/mtype911.a(csma.o)
                                        0x130 (size before relaxing)
 .eh_frame      0x000000000002f404      0x1f8 build/cooja/mtype911.a(csma-output.o)
                                        0x238 (size before relaxing)
 .eh_frame      0x000000000002f5fc      0x364 build/cooja/mtype911.a(uip-ds6.o)
                                        0x3a4 (size before relaxing)
 .eh_frame      0x000000000002f960      0x280 build/cooja/mtype911.a(tcp-socket.o)
                                        0x2c0 (size before relaxing)
 .eh_frame      0x000000000002fbe0      0x260 build/cooja/mtype911.a(uip-ds6-route.o)
                                        0x2a0 (size before relaxing)
 .eh_frame      0x000000000002fe40      0x34c build/cooja/mtype911.a(tcpip.o)
                                        0x38c (size before relaxing)
 .eh_frame      0x000000000003018c      0x2e8 build/cooja/mtype911.a(uip6.o)
                                        0x33c (size before relaxing)
 .eh_frame      0x0000000000030474      0x1e8 build/cooja/mtype911.a(uip-ds6-nbr.o)
                                        0x228 (size before relaxing)
 .eh_frame      0x000000000003065c       0x8c build/cooja/mtype911.a(uip-nd6.o)
                                         0xe0 (size before relaxing)
 .eh_frame      0x00000000000306e8      0x354 build/cooja/mtype911.a(sicslowpan.o)
                                        0x3a8 (size before relaxing)
 .eh_frame      0x0000000000030a3c       0x9c build/cooja/mtype911.a(uiplib.o)
                                         0xdc (size before relaxing)
 .eh_frame      0x0000000000030ad8      0x1fc build/cooja/mtype911.a(rpl.o)
                                        0x23c (size before relaxing)
 .eh_frame      0x0000000000030cd4      0x1f0 build/cooja/mtype911.a(rpl-icmp6.o)
                                        0x230 (size before relaxing)
 .eh_frame      0x0000000000030ec4       0xb0 build/cooja/mtype911.a(rpl-dag-root.o)
                                         0xf0 (size before relaxing)
 .eh_frame      0x0000000000030f74       0xa4 build/cooja/mtype911.a(watchdog.o)
                                         0xd0 (size before relaxing)
 .eh_frame      0x0000000000031018       0x80 build/cooja/mtype911.a(int-master.o)
                                         0xac (size before relaxing)
 .eh_frame      0x0000000000031098       0xd8 build/cooja/mtype911.a(stimer.o)
                                        0x104 (size before relaxing)
 .eh_frame      0x0000000000031170       0xa0 build/cooja/mtype911.a(ringbuf.o)
                                         0xcc (size before relaxing)
 .eh_frame      0x0000000000031210       0xa4 build/cooja/mtype911.a(memb.o)
                                         0xe4 (size before relaxing)
 .eh_frame      0x00000000000312b4       0x24 build/cooja/mtype911.a(assert.o)
                                         0x50 (size before relaxing)
 .eh_frame      0x00000000000312d8      0x428 build/cooja/mtype911.a(nbr-table.o)
                                        0x468 (size before relaxing)
 .eh_frame      0x0000000000031700      0x140 build/cooja/mtype911.a(link-stats.o)
                                        0x180 (size before relaxing)
 .eh_frame      0x0000000000031840       0x50 build/cooja/mtype911.a(mac-sequence.o)
                                         0x7c (size before relaxing)
 .eh_frame      0x0000000000031890       0x20 build/cooja/mtype911.a(mac.o)
                                         0x4c (size before relaxing)
 .eh_frame      0x00000000000318b0       0xb4 build/cooja/mtype911.a(framer-802154.o)
                                         0xf4 (size before relaxing)
 .eh_frame      0x0000000000031964      0x1b0 build/cooja/mtype911.a(frame802154.o)
                                        0x1f0 (size before relaxing)
 .eh_frame      0x0000000000031b14      0x15c build/cooja/mtype911.a(strformat.o)
                                        0x1b0 (size before relaxing)
 .eh_frame      0x0000000000031c70       0x44 build/cooja/mtype911.a(csma-security.o)
                                         0x84 (size before relaxing)
 .eh_frame      0x0000000000031cb4      0x204 build/cooja/mtype911.a(uipbuf.o)
                                        0x230 (size before relaxing)
 .eh_frame      0x0000000000031eb8      0x170 build/cooja/mtype911.a(uip-icmp6.o)
                                        0x1b0 (size before relaxing)
 .eh_frame      0x0000000000032028      0x1ac build/cooja/mtype911.a(uip-sr.o)
                                        0x1ec (size before relaxing)
 .eh_frame      0x00000000000321d4       0xec build/cooja/mtype911.a(uip-packetqueue)
                                        0x12c (size before relaxing)
 .eh_frame      0x00000000000322c0       0x48 build/cooja/mtype911.a(rpl-nbr-policy.)
                                         0x88 (size before relaxing)
 .eh_frame      0x0000000000032308      0x2ec build/cooja/mtype911.a(rpl-neighbor.o)
                                        0x340 (size before relaxing)
 .eh_frame      0x00000000000325f4      0x3c0 build/cooja/mtype911.a(rpl-dag.o)
                                        0x414 (size before relaxing)
 .eh_frame      0x00000000000329b4      0x418 build/cooja/mtype911.a(rpl-timers.o)
                                        0x458 (size before relaxing)
 .eh_frame      0x0000000000032dcc      0x144 build/cooja/mtype911.a(rpl-ext-header.)
                                        0x184 (size before relaxing)
 .eh_frame      0x0000000000032f10      0x150 build/cooja/mtype911.a(rpl-mrhof.o)
                                        0x190 (size before relaxing)
 .eh_frame      0x0000000000033060       0x84 /usr/lib/gcc/i686-linux-gnu/7/libgcc.a(_udivdi3.o)
                                         0x9c (size before relaxing)
 .eh_frame      0x00000000000330e4       0x58 /usr/lib/gcc/i686-linux-gnu/7/libgcc.a(_umoddi3.o)
                                         0x70 (size before relaxing)
 .eh_frame      0x000000000003313c       0x1c /usr/lib/i386-linux-gnu/libc_nonshared.a(stack_chk_fail_local.oS)
                                         0x48 (size before relaxing)
 .eh_frame      0x0000000000033158        0x4 /usr/lib/gcc/i686-linux-gnu/7/crtendS.o
 *(.eh_frame.*)

.gcc_except_table
 *(.gcc_except_table .gcc_except_table.*)

.gnu_extab
 *(.gnu_extab*)

.exception_ranges
 *(.exception_ranges .exception_ranges*)
                0x0000000000034c18                . = DATA_SEGMENT_ALIGN (CONSTANT (MAXPAGESIZE), CONSTANT (COMMONPAGESIZE))

.eh_frame
 *(.eh_frame)
 *(.eh_frame.*)

.gnu_extab
 *(.gnu_extab)

.gcc_except_table
 *(.gcc_except_table .gcc_except_table.*)

.exception_ranges
 *(.exception_ranges .exception_ranges*)

.tdata
 *(.tdata .tdata.* .gnu.linkonce.td.*)

.tbss
 *(.tbss .tbss.* .gnu.linkonce.tb.*)
 *(.tcommon)

.preinit_array
 *(.preinit_array)

.init_array     0x0000000000034c18        0x4
 *(SORT_BY_INIT_PRIORITY(.init_array.*) SORT_BY_INIT_PRIORITY(.ctors.*))
 *(.init_array EXCLUDE_FILE(*crtend?.o *crtend.o *crtbegin?.o *crtbegin.o) .ctors)
 .init_array    0x0000000000034c18        0x4 /usr/lib/gcc/i686-linux-gnu/7/crtbeginS.o

.fini_array     0x0000000000034c1c        0x4
 *(SORT_BY_INIT_PRIORITY(.fini_array.*) SORT_BY_INIT_PRIORITY(.dtors.*))
 *(.fini_array EXCLUDE_FILE(*crtend?.o *crtend.o *crtbegin?.o *crtbegin.o) .dtors)
 .fini_array    0x0000000000034c1c        0x4 /usr/lib/gcc/i686-linux-gnu/7/crtbeginS.o

.ctors
 *crtbegin.o(.ctors)
 *crtbegin?.o(.ctors)
 *(EXCLUDE_FILE(*crtend?.o *crtend.o) .ctors)
 *(SORT_BY_NAME(.ctors.*))
 *(.ctors)

.dtors
 *crtbegin.o(.dtors)
 *crtbegin?.o(.dtors)
 *(EXCLUDE_FILE(*crtend?.o *crtend.o) .dtors)
 *(SORT_BY_NAME(.dtors.*))
 *(.dtors)

.jcr
 *(.jcr)

.data.rel.ro    0x0000000000034c20      0x198
 *(.data.rel.ro.local* .gnu.linkonce.d.rel.ro.local.*)
 .data.rel.ro.local
                0x0000000000034c20        0x8 mqtt-client.o
                0x0000000000034c20                autostart_processes
 .data.rel.ro.local
                0x0000000000034c28        0x8 build/cooja/mtype911.a(beep.o)
                0x0000000000034c28                beep_interface
 .data.rel.ro.local
                0x0000000000034c30        0x8 build/cooja/mtype911.a(leds-arch.o)
                0x0000000000034c30                leds_interface
 .data.rel.ro.local
                0x0000000000034c38        0x8 build/cooja/mtype911.a(moteid.o)
                0x0000000000034c38                moteid_interface
 .data.rel.ro.local
                0x0000000000034c40       0x18 build/cooja/mtype911.a(pir-sensor.o)
                0x0000000000034c40                pir_interface
                0x0000000000034c48                pir_sensor
 .data.rel.ro.local
                0x0000000000034c58        0x8 build/cooja/mtype911.a(rs232.o)
                0x0000000000034c58                rs232_interface
 .data.rel.ro.local
                0x0000000000034c60       0x18 build/cooja/mtype911.a(vib-sensor.o)
                0x0000000000034c60                vib_interface
                0x0000000000034c68                vib_sensor
 .data.rel.ro.local
                0x0000000000034c78        0x8 build/cooja/mtype911.a(clock.o)
                0x0000000000034c78                clock_interface
 .data.rel.ro.local
                0x0000000000034c80        0x8 build/cooja/mtype911.a(cooja-log.o)
                0x0000000000034c80                simlog_interface
 .data.rel.ro.local
                0x0000000000034c88        0x8 build/cooja/mtype911.a(cfs-cooja.o)
                0x0000000000034c88                cfs_interface
 *fill*         0x0000000000034c90       0x10 
 .data.rel.ro.local
                0x0000000000034ca0       0x58 build/cooja/mtype911.a(cooja-radio.o)
                0x0000000000034ca0                radio_interface
                0x0000000000034cc0                cooja_radio_driver
 .data.rel.ro.local
                0x0000000000034cf8        0x8 build/cooja/mtype911.a(eeprom.o)
                0x0000000000034cf8                eeprom_interface
 .data.rel.ro.local
                0x0000000000034d00       0x18 build/cooja/mtype911.a(buttons.o)
                0x0000000000034d00                button_interface
                0x0000000000034d08                button_sensor
 .data.rel.ro.local
                0x0000000000034d18       0x1c build/cooja/mtype911.a(csma.o)
                0x0000000000034d18                csma_driver
 .data.rel.ro.local
                0x0000000000034d34       0x10 build/cooja/mtype911.a(sicslowpan.o)
                0x0000000000034d34                sicslowpan_driver
 .data.rel.ro.local
                0x0000000000034d44        0xc build/cooja/mtype911.a(framer-802154.o)
                0x0000000000034d44                framer_802154
 *(.data.rel.ro .data.rel.ro.* .gnu.linkonce.d.rel.ro.*)
 .data.rel.ro   0x0000000000034d50        0x0 /usr/lib/gcc/i686-linux-gnu/7/../../../i386-linux-gnu/crti.o
 *fill*         0x0000000000034d50       0x10 
 .data.rel.ro   0x0000000000034d60       0x54 build/cooja/mtype911.a(rpl.o)
                0x0000000000034d60                rpl_lite_driver
 .data.rel.ro   0x0000000000034db4        0x4 build/cooja/mtype911.a(rpl-dag.o)

.dynamic        0x0000000000034db8       0xf0
 *(.dynamic)
 .dynamic       0x0000000000034db8       0xf0 /usr/lib/gcc/i686-linux-gnu/7/../../../i386-linux-gnu/crti.o
                0x0000000000034db8                _DYNAMIC

.got            0x0000000000034ea8      0x158
 *(.got)
 .got           0x0000000000034ea8      0x158 /usr/lib/gcc/i686-linux-gnu/7/../../../i386-linux-gnu/crti.o
 *(.igot)
                0x0000000000035ff4                . = DATA_SEGMENT_RELRO_END (., (SIZEOF (.got.plt) >= 0xc)?0xc:0x0)

.got.plt        0x0000000000035000      0x504
 *(.got.plt)
 .got.plt       0x0000000000035000      0x504 /usr/lib/gcc/i686-linux-gnu/7/../../../i386-linux-gnu/crti.o
                0x0000000000035000                _GLOBAL_OFFSET_TABLE_
 *(.igot.plt)

.data           0x0000000000035520      0x3a4
 *(.data .data.* .gnu.linkonce.d.*)
 .data          0x0000000000035520        0x0 /usr/lib/gcc/i686-linux-gnu/7/../../../i386-linux-gnu/crti.o
 .data          0x0000000000035520        0x0 /usr/lib/gcc/i686-linux-gnu/7/crtbeginS.o
 .data.rel.local
                0x0000000000035520        0x4 /usr/lib/gcc/i686-linux-gnu/7/crtbeginS.o
                0x0000000000035520                __dso_handle
 .data          0x0000000000035524        0x0 mqtt-client.o
 .data.rel.local
                0x0000000000035524       0x14 mqtt-client.o
                0x0000000000035528                mqtt_client_process
 .data          0x0000000000035538        0x0 build/cooja/mtype911.o
 *fill*         0x0000000000035538        0x8 
 .data.rel      0x0000000000035540       0x44 build/cooja/mtype911.o
                0x0000000000035540                simInterfaces
                0x0000000000035574                sensors
 .data          0x0000000000035584        0x0 build/cooja/mtype911.a(simEnvChange.o)
 .data          0x0000000000035584        0x0 build/cooja/mtype911.a(cooja_mt.o)
 .data          0x0000000000035584        0x0 build/cooja/mtype911.a(cooja_mtarch.o)
 .data          0x0000000000035584        0x0 build/cooja/mtype911.a(rtimer-arch.o)
 .data          0x0000000000035584        0x0 build/cooja/mtype911.a(beep.o)
 .data          0x0000000000035584        0x0 build/cooja/mtype911.a(leds-arch.o)
 .data          0x0000000000035584        0x0 build/cooja/mtype911.a(moteid.o)
 .data          0x0000000000035584        0x0 build/cooja/mtype911.a(pir-sensor.o)
 .data          0x0000000000035584        0x0 build/cooja/mtype911.a(rs232.o)
 .data          0x0000000000035584        0x0 build/cooja/mtype911.a(vib-sensor.o)
 .data          0x0000000000035584        0x0 build/cooja/mtype911.a(clock.o)
 .data          0x0000000000035584        0x0 build/cooja/mtype911.a(cooja-log.o)
 .data          0x0000000000035584        0x0 build/cooja/mtype911.a(cfs-cooja.o)
 .data          0x0000000000035584       0x20 build/cooja/mtype911.a(cooja-radio.o)
                0x0000000000035584                simRadioHWOn
                0x0000000000035588                simSignalStrength
                0x000000000003558c                simLastSignalStrength
                0x0000000000035590                simPower
                0x0000000000035594                simRadioChannel
                0x0000000000035598                simLQI
                0x000000000003559c                simLastLQI
 .data.rel.local
                0x00000000000355a4       0x10 build/cooja/mtype911.a(cooja-radio.o)
                0x00000000000355a4                cooja_radio_process
 .data          0x00000000000355b4        0x0 build/cooja/mtype911.a(eeprom.o)
 .data          0x00000000000355b4        0x0 build/cooja/mtype911.a(random.o)
 .data          0x00000000000355b4        0x0 build/cooja/mtype911.a(sensors.o)
 .data.rel.local
                0x00000000000355b4       0x10 build/cooja/mtype911.a(sensors.o)
                0x00000000000355b4                sensors_process
 .data          0x00000000000355c4        0x0 build/cooja/mtype911.a(leds.o)
 .data          0x00000000000355c4        0x0 build/cooja/mtype911.a(gpio-hal-arch.o)
 .data          0x00000000000355c4        0x1 build/cooja/mtype911.a(buttons.o)
                0x00000000000355c4                simButtonIsActive
 *fill*         0x00000000000355c5       0x1b 
 .data.rel.local
                0x00000000000355e0       0x58 build/cooja/mtype911.a(buttons.o)
                0x0000000000035630                button_hal_buttons
 .data          0x0000000000035638        0x0 build/cooja/mtype911.a(mqtt.o)
 .data.rel.local
                0x0000000000035638       0x14 build/cooja/mtype911.a(mqtt.o)
                0x000000000003563c                mqtt_process
 .data          0x000000000003564c        0x0 build/cooja/mtype911.a(contiki-main.o)
 .data          0x000000000003564c        0x0 build/cooja/mtype911.a(autostart.o)
 .data          0x000000000003564c        0x0 build/cooja/mtype911.a(ctimer.o)
 .data.rel.local
                0x000000000003564c       0x14 build/cooja/mtype911.a(ctimer.o)
                0x0000000000035650                ctimer_process
 .data          0x0000000000035660        0x4 build/cooja/mtype911.a(log.o)
                0x0000000000035660                curr_log_level_main
 *fill*         0x0000000000035664       0x1c 
 .data.rel.local
                0x0000000000035680       0x9c build/cooja/mtype911.a(log.o)
                0x0000000000035680                all_modules
 .data          0x000000000003571c        0x0 build/cooja/mtype911.a(energest.o)
 .data          0x000000000003571c        0x0 build/cooja/mtype911.a(etimer.o)
 .data.rel.local
                0x000000000003571c       0x10 build/cooja/mtype911.a(etimer.o)
                0x000000000003571c                etimer_process
 .data          0x000000000003572c        0x0 build/cooja/mtype911.a(node-id.o)
 .data          0x000000000003572c        0x0 build/cooja/mtype911.a(rtimer.o)
 .data          0x000000000003572c        0x0 build/cooja/mtype911.a(process.o)
 .data          0x000000000003572c        0x0 build/cooja/mtype911.a(timer.o)
 .data          0x000000000003572c        0x0 build/cooja/mtype911.a(list.o)
 .data          0x000000000003572c        0x0 build/cooja/mtype911.a(button-hal.o)
 .data.rel.local
                0x000000000003572c       0x10 build/cooja/mtype911.a(button-hal.o)
                0x000000000003572c                button_hal_process
 .data          0x000000000003573c        0x0 build/cooja/mtype911.a(serial-line.o)
 .data.rel.local
                0x000000000003573c       0x10 build/cooja/mtype911.a(serial-line.o)
                0x000000000003573c                serial_line_process
 .data          0x000000000003574c        0x0 build/cooja/mtype911.a(gpio-hal.o)
 .data.rel.local
                0x000000000003574c        0x4 build/cooja/mtype911.a(gpio-hal.o)
 .data          0x0000000000035750        0x0 build/cooja/mtype911.a(queuebuf.o)
 .data.rel.local
                0x0000000000035750       0x18 build/cooja/mtype911.a(queuebuf.o)
 .data          0x0000000000035768        0x0 build/cooja/mtype911.a(packetbuf.o)
 .data.rel.local
                0x0000000000035768        0x4 build/cooja/mtype911.a(packetbuf.o)
 .data          0x000000000003576c        0x0 build/cooja/mtype911.a(netstack.o)
 .data.rel.local
                0x000000000003576c        0x4 build/cooja/mtype911.a(netstack.o)
 .data          0x0000000000035770        0x0 build/cooja/mtype911.a(linkaddr.o)
 .data          0x0000000000035770        0x0 build/cooja/mtype911.a(printf.o)
 .data.rel.local
                0x0000000000035770        0x8 build/cooja/mtype911.a(printf.o)
 .data          0x0000000000035778        0x0 build/cooja/mtype911.a(sprintf.o)
 .data          0x0000000000035778        0x0 build/cooja/mtype911.a(snprintf.o)
 .data          0x0000000000035778        0x0 build/cooja/mtype911.a(putchar.o)
 .data          0x0000000000035778        0x0 build/cooja/mtype911.a(csma.o)
 .data          0x0000000000035778        0x0 build/cooja/mtype911.a(csma-output.o)
 .data.rel.local
                0x0000000000035778       0x28 build/cooja/mtype911.a(csma-output.o)
 .data          0x00000000000357a0        0x0 build/cooja/mtype911.a(uip-ds6.o)
 .data          0x00000000000357a0        0x0 build/cooja/mtype911.a(tcp-socket.o)
 .data.rel.local
                0x00000000000357a0       0x14 build/cooja/mtype911.a(tcp-socket.o)
                0x00000000000357a4                tcp_socket_process
 .data          0x00000000000357b4        0x0 build/cooja/mtype911.a(uip-ds6-route.o)
 .data.rel.local
                0x00000000000357b4       0x10 build/cooja/mtype911.a(uip-ds6-route.o)
 .data          0x00000000000357c4        0x0 build/cooja/mtype911.a(tcpip.o)
 .data.rel.local
                0x00000000000357c4       0x10 build/cooja/mtype911.a(tcpip.o)
                0x00000000000357c4                tcpip_process
 .data          0x00000000000357d4        0x0 build/cooja/mtype911.a(uip6.o)
 .data          0x00000000000357d4        0x0 build/cooja/mtype911.a(uip-ds6-nbr.o)
 .data.rel.local
                0x00000000000357d4       0x14 build/cooja/mtype911.a(uip-ds6-nbr.o)
 .data          0x00000000000357e8        0x0 build/cooja/mtype911.a(uip-nd6.o)
 .data.rel.local
                0x00000000000357e8        0xc build/cooja/mtype911.a(uip-nd6.o)
 .data          0x00000000000357f4        0x0 build/cooja/mtype911.a(sicslowpan.o)
 .data          0x00000000000357f4        0x0 build/cooja/mtype911.a(uiplib.o)
 .data          0x00000000000357f4        0x0 build/cooja/mtype911.a(rpl.o)
 .data          0x00000000000357f4        0x0 build/cooja/mtype911.a(rpl-icmp6.o)
 .data.rel.local
                0x00000000000357f4       0x30 build/cooja/mtype911.a(rpl-icmp6.o)
 .data          0x0000000000035824        0x0 build/cooja/mtype911.a(rpl-dag-root.o)
 .data          0x0000000000035824        0x0 build/cooja/mtype911.a(watchdog.o)
 .data          0x0000000000035824        0x0 build/cooja/mtype911.a(int-master.o)
 .data          0x0000000000035824        0x0 build/cooja/mtype911.a(stimer.o)
 .data          0x0000000000035824        0x0 build/cooja/mtype911.a(ringbuf.o)
 .data          0x0000000000035824        0x0 build/cooja/mtype911.a(memb.o)
 .data          0x0000000000035824        0x0 build/cooja/mtype911.a(assert.o)
 .data          0x0000000000035824        0x0 build/cooja/mtype911.a(nbr-table.o)
 .data.rel.local
                0x0000000000035824       0x10 build/cooja/mtype911.a(nbr-table.o)
 .data          0x0000000000035834        0x0 build/cooja/mtype911.a(link-stats.o)
 .data.rel.local
                0x0000000000035834       0x14 build/cooja/mtype911.a(link-stats.o)
 .data          0x0000000000035848        0x0 build/cooja/mtype911.a(mac-sequence.o)
 .data          0x0000000000035848        0x0 build/cooja/mtype911.a(mac.o)
 .data          0x0000000000035848        0x0 build/cooja/mtype911.a(framer-802154.o)
 .data          0x0000000000035848        0x2 build/cooja/mtype911.a(frame802154.o)
 .data          0x000000000003584a        0x0 build/cooja/mtype911.a(strformat.o)
 .data          0x000000000003584a        0x0 build/cooja/mtype911.a(csma-security.o)
 .data          0x000000000003584a        0x0 build/cooja/mtype911.a(uipbuf.o)
 .data          0x000000000003584a        0x0 build/cooja/mtype911.a(uip-icmp6.o)
 *fill*         0x000000000003584a        0x2 
 .data.rel.local
                0x000000000003584c       0x20 build/cooja/mtype911.a(uip-icmp6.o)
 .data          0x000000000003586c        0x0 build/cooja/mtype911.a(uip-sr.o)
 .data.rel.local
                0x000000000003586c       0x10 build/cooja/mtype911.a(uip-sr.o)
 .data          0x000000000003587c        0x0 build/cooja/mtype911.a(uip-packetqueue)
 .data.rel.local
                0x000000000003587c        0xc build/cooja/mtype911.a(uip-packetqueue)
 .data          0x0000000000035888        0x0 build/cooja/mtype911.a(rpl-nbr-policy.)
 .data          0x0000000000035888        0x0 build/cooja/mtype911.a(rpl-neighbor.o)
 .data.rel.local
                0x0000000000035888       0x14 build/cooja/mtype911.a(rpl-neighbor.o)
                0x0000000000035898                rpl_neighbors
 .data          0x000000000003589c        0x0 build/cooja/mtype911.a(rpl-dag.o)
 .data          0x000000000003589c        0x0 build/cooja/mtype911.a(rpl-timers.o)
 .data          0x000000000003589c        0x0 build/cooja/mtype911.a(rpl-ext-header.)
 .data          0x000000000003589c        0x0 build/cooja/mtype911.a(rpl-mrhof.o)
 *fill*         0x000000000003589c        0x4 
 .data.rel.local
                0x00000000000358a0       0x24 build/cooja/mtype911.a(rpl-mrhof.o)
                0x00000000000358a0                rpl_mrhof
 .data          0x00000000000358c4        0x0 /usr/lib/gcc/i686-linux-gnu/7/libgcc.a(_udivdi3.o)
 .data          0x00000000000358c4        0x0 /usr/lib/gcc/i686-linux-gnu/7/libgcc.a(_umoddi3.o)
 .data          0x00000000000358c4        0x0 /usr/lib/i386-linux-gnu/libc_nonshared.a(stack_chk_fail_local.oS)
 .data          0x00000000000358c4        0x0 /usr/lib/gcc/i686-linux-gnu/7/crtendS.o
 .data          0x00000000000358c4        0x0 /usr/lib/gcc/i686-linux-gnu/7/../../../i386-linux-gnu/crtn.o

.tm_clone_table
                0x00000000000358c4        0x0
 .tm_clone_table
                0x00000000000358c4        0x0 /usr/lib/gcc/i686-linux-gnu/7/crtbeginS.o
 .tm_clone_table
                0x00000000000358c4        0x0 /usr/lib/gcc/i686-linux-gnu/7/crtendS.o

.data1
 *(.data1)
                0x00000000000358c4                _edata = .
                [!provide]                        PROVIDE (edata = .)
                0x00000000000358c4                . = .
                0x00000000000358c4                __bss_start = .

.bss            0x00000000000358e0    0x124e4
 *(.dynbss)
 .dynbss        0x00000000000358e0        0x0 /usr/lib/gcc/i686-linux-gnu/7/../../../i386-linux-gnu/crti.o
 *(.bss .bss.* .gnu.linkonce.b.*)
 .bss           0x00000000000358e0        0x0 /usr/lib/gcc/i686-linux-gnu/7/../../../i386-linux-gnu/crti.o
 .bss           0x00000000000358e0        0x1 /usr/lib/gcc/i686-linux-gnu/7/crtbeginS.o
 *fill*         0x00000000000358e1       0x1f 
 .bss           0x0000000000035900      0xad0 mqtt-client.o
 *fill*         0x00000000000363d0       0x10 
 .bss           0x00000000000363e0     0x2040 build/cooja/mtype911.o
 .bss           0x0000000000038420        0x1 build/cooja/mtype911.a(simEnvChange.o)
                0x0000000000038420                simDontFallAsleep
 *fill*         0x0000000000038421        0x3 
 .bss           0x0000000000038424        0x4 build/cooja/mtype911.a(cooja_mt.o)
 .bss           0x0000000000038428        0x4 build/cooja/mtype911.a(cooja_mtarch.o)
 .bss           0x000000000003842c        0x0 build/cooja/mtype911.a(rtimer-arch.o)
 .bss           0x000000000003842c        0x0 build/cooja/mtype911.a(beep.o)
 .bss           0x000000000003842c        0x1 build/cooja/mtype911.a(leds-arch.o)
                0x000000000003842c                simLedsValue
 .bss           0x000000000003842d        0x0 build/cooja/mtype911.a(moteid.o)
 .bss           0x000000000003842d        0x1 build/cooja/mtype911.a(pir-sensor.o)
                0x000000000003842d                simPirValue
 *fill*         0x000000000003842e        0x2 
 .bss           0x0000000000038430        0x4 build/cooja/mtype911.a(rs232.o)
 .bss           0x0000000000038434        0x1 build/cooja/mtype911.a(vib-sensor.o)
                0x0000000000038434                simVibValue
 .bss           0x0000000000038435        0x0 build/cooja/mtype911.a(clock.o)
 *fill*         0x0000000000038435        0x3 
 .bss           0x0000000000038438        0x5 build/cooja/mtype911.a(cooja-log.o)
 *fill*         0x000000000003843d        0x3 
 .bss           0x0000000000038440      0xfc0 build/cooja/mtype911.a(cfs-cooja.o)
                0x0000000000038440                simCFSData
                0x00000000000393e0                simCFSSize
                0x00000000000393e4                simCFSChanged
                0x00000000000393e8                simCFSRead
                0x00000000000393ec                simCFSWritten
 .bss           0x0000000000039400       0x24 build/cooja/mtype911.a(cooja-radio.o)
                0x0000000000039400                simReceiving
                0x0000000000039404                simInSize
                0x0000000000039408                simLastPacketTimestamp
                0x0000000000039410                simOutSize
 .bss           0x0000000000039424        0xc build/cooja/mtype911.a(eeprom.o)
                0x0000000000039424                simEEPROMChanged
                0x0000000000039428                simEEPROMRead
                0x000000000003942c                simEEPROMWritten
 .bss           0x0000000000039430        0x0 build/cooja/mtype911.a(random.o)
 .bss           0x0000000000039430        0xc build/cooja/mtype911.a(sensors.o)
 .bss           0x000000000003943c        0x0 build/cooja/mtype911.a(leds.o)
 .bss           0x000000000003943c       0x24 build/cooja/mtype911.a(gpio-hal-arch.o)
 .bss           0x0000000000039460        0x0 build/cooja/mtype911.a(buttons.o)
 .bss           0x0000000000039460       0x15 build/cooja/mtype911.a(mqtt.o)
 .bss           0x0000000000039475        0x0 build/cooja/mtype911.a(contiki-main.o)
 .bss           0x0000000000039475        0x0 build/cooja/mtype911.a(autostart.o)
 *fill*         0x0000000000039475        0x3 
 .bss           0x0000000000039478        0x5 build/cooja/mtype911.a(ctimer.o)
 *fill*         0x000000000003947d        0x3 
 .bss           0x0000000000039480       0x2c build/cooja/mtype911.a(log.o)
                0x0000000000039480                curr_log_level_rpl
                0x0000000000039484                curr_log_level_tcpip
                0x0000000000039488                curr_log_level_ipv6
                0x000000000003948c                curr_log_level_6lowpan
                0x0000000000039490                curr_log_level_nullnet
                0x0000000000039494                curr_log_level_mac
                0x0000000000039498                curr_log_level_framer
                0x000000000003949c                curr_log_level_6top
                0x00000000000394a0                curr_log_level_coap
                0x00000000000394a4                curr_log_level_snmp
                0x00000000000394a8                curr_log_level_lwm2m
 .bss           0x00000000000394ac        0x0 build/cooja/mtype911.a(energest.o)
 .bss           0x00000000000394ac        0x8 build/cooja/mtype911.a(etimer.o)
 .bss           0x00000000000394b4        0x2 build/cooja/mtype911.a(node-id.o)
                0x00000000000394b4                node_id
 *fill*         0x00000000000394b6        0x2 
 .bss           0x00000000000394b8        0x4 build/cooja/mtype911.a(rtimer.o)
 *fill*         0x00000000000394bc        0x4 
 .bss           0x00000000000394c0      0x1a1 build/cooja/mtype911.a(process.o)
                0x00000000000394c0                process_list
                0x00000000000394c4                process_current
 .bss           0x0000000000039661        0x0 build/cooja/mtype911.a(timer.o)
 .bss           0x0000000000039661        0x0 build/cooja/mtype911.a(list.o)
 *fill*         0x0000000000039661        0x3 
 .bss           0x0000000000039664       0x10 build/cooja/mtype911.a(button-hal.o)
 *fill*         0x0000000000039674        0xc 
 .bss           0x0000000000039680      0x140 build/cooja/mtype911.a(serial-line.o)
 .bss           0x00000000000397c0        0x4 build/cooja/mtype911.a(gpio-hal.o)
 *fill*         0x00000000000397c4       0x1c 
 .bss           0x00000000000397e0     0x2c80 build/cooja/mtype911.a(queuebuf.o)
 .bss           0x000000000003c460       0xa0 build/cooja/mtype911.a(packetbuf.o)
 .bss           0x000000000003c500        0x4 build/cooja/mtype911.a(netstack.o)
 .bss           0x000000000003c504        0x0 build/cooja/mtype911.a(linkaddr.o)
 .bss           0x000000000003c504        0x0 build/cooja/mtype911.a(printf.o)
 .bss           0x000000000003c504        0x0 build/cooja/mtype911.a(sprintf.o)
 .bss           0x000000000003c504        0x0 build/cooja/mtype911.a(snprintf.o)
 .bss           0x000000000003c504        0x0 build/cooja/mtype911.a(putchar.o)
 .bss           0x000000000003c504        0x0 build/cooja/mtype911.a(csma.o)
 *fill*         0x000000000003c504       0x1c 
 .bss           0x000000000003c520      0x726 build/cooja/mtype911.a(csma-output.o)
 *fill*         0x000000000003cc46        0x2 
 .bss           0x000000000003cc48       0x30 build/cooja/mtype911.a(uip-ds6.o)
 .bss           0x000000000003cc78        0x5 build/cooja/mtype911.a(tcp-socket.o)
 *fill*         0x000000000003cc7d        0x3 
 .bss           0x000000000003cc80       0x60 build/cooja/mtype911.a(uip-ds6-route.o)
 .bss           0x000000000003cce0       0xc4 build/cooja/mtype911.a(tcpip.o)
 .bss           0x000000000003cda4        0xc build/cooja/mtype911.a(uip6.o)
                0x000000000003cda4                uip_ext_bitmap
                0x000000000003cda6                uip_ext_len
                0x000000000003cda8                uip_last_proto
 *fill*         0x000000000003cdb0       0x10 
 .bss           0x000000000003cdc0     0x1c20 build/cooja/mtype911.a(uip-ds6-nbr.o)
 .bss           0x000000000003e9e0       0x10 build/cooja/mtype911.a(uip-nd6.o)
 *fill*         0x000000000003e9f0       0x10 
 .bss           0x000000000003ea00      0x724 build/cooja/mtype911.a(sicslowpan.o)
 .bss           0x000000000003f124        0x0 build/cooja/mtype911.a(uiplib.o)
 .bss           0x000000000003f124        0x1 build/cooja/mtype911.a(rpl.o)