Archive member included to satisfy reference by file (symbol)

build/cooja/mtype193.a(simEnvChange.o)
                              build/cooja/mtype193.o (simDontFallAsleep)
build/cooja/mtype193.a(cooja_mt.o)
                              build/cooja/mtype193.o (cooja_mt_start)
build/cooja/mtype193.a(cooja_mtarch.o)
                              build/cooja/mtype193.a(cooja_mt.o) (cooja_mtarch_start)
build/cooja/mtype193.a(rtimer-arch.o)
                              build/cooja/mtype193.o (rtimer_arch_check)
build/cooja/mtype193.a(beep.o)
                              build/cooja/mtype193.o (beep_interface)
build/cooja/mtype193.a(leds-arch.o)
                              build/cooja/mtype193.o (leds_interface)
build/cooja/mtype193.a(moteid.o)
                              build/cooja/mtype193.o (moteid_interface)
build/cooja/mtype193.a(pir-sensor.o)
                              build/cooja/mtype193.o (pir_interface)
build/cooja/mtype193.a(rs232.o)
                              build/cooja/mtype193.o (rs232_interface)
build/cooja/mtype193.a(vib-sensor.o)
                              build/cooja/mtype193.o (vib_interface)
build/cooja/mtype193.a(clock.o)
                              build/cooja/mtype193.o (clock_interface)
build/cooja/mtype193.a(cooja-log.o)
                              build/cooja/mtype193.o (simlog_interface)
build/cooja/mtype193.a(cfs-cooja.o)
                              build/cooja/mtype193.o (cfs_interface)
build/cooja/mtype193.a(cooja-radio.o)
                              build/cooja/mtype193.o (radio_interface)
build/cooja/mtype193.a(eeprom.o)
                              build/cooja/mtype193.o (eeprom_interface)
build/cooja/mtype193.a(random.o)
                              build/cooja/mtype193.a(moteid.o) (random_init)
build/cooja/mtype193.a(sensors.o)
                              build/cooja/mtype193.a(pir-sensor.o) (sensors_changed)
build/cooja/mtype193.a(leds.o)
                              build/cooja/mtype193.a(leds-arch.o) (leds_get)
build/cooja/mtype193.a(gpio-hal-arch.o)
                              build/cooja/mtype193.a(leds-arch.o) (gpio_hal_arch_register_pin_callback)
build/cooja/mtype193.a(buttons.o)
                              build/cooja/mtype193.o (button_interface)
build/cooja/mtype193.a(res-status.o)
                              observing.o (res_obs)
build/cooja/mtype193.a(coap-engine.o)
                              observing.o (coap_activate_resource)
build/cooja/mtype193.a(coap-res-well-k)
                              build/cooja/mtype193.a(coap-engine.o) (res_well_known_core)
build/cooja/mtype193.a(coap-observe.o)
                              build/cooja/mtype193.a(coap-engine.o) (coap_remove_observer_by_mid)
build/cooja/mtype193.a(coap-uip.o)
                              build/cooja/mtype193.a(coap-observe.o) (coap_endpoint_copy)
build/cooja/mtype193.a(coap-timer.o)
                              build/cooja/mtype193.a(coap-engine.o) (coap_timer_set)
build/cooja/mtype193.a(coap-transactio)
                              build/cooja/mtype193.a(coap-engine.o) (coap_send_transaction)
build/cooja/mtype193.a(coap.o)
                              build/cooja/mtype193.a(coap-engine.o) (coap_status_code)
build/cooja/mtype193.a(contiki-main.o)
                              build/cooja/mtype193.o (main)
build/cooja/mtype193.a(autostart.o)
                              build/cooja/mtype193.a(contiki-main.o) (autostart_start)
build/cooja/mtype193.a(ctimer.o)
                              build/cooja/mtype193.a(contiki-main.o) (ctimer_init)
build/cooja/mtype193.a(log.o)
                              build/cooja/mtype193.a(contiki-main.o) (curr_log_level_main)
build/cooja/mtype193.a(energest.o)
                              build/cooja/mtype193.a(contiki-main.o) (energest_init)
build/cooja/mtype193.a(etimer.o)
                              build/cooja/mtype193.a(contiki-main.o) (etimer_process)
build/cooja/mtype193.a(node-id.o)
                              build/cooja/mtype193.a(contiki-main.o) (node_id)
build/cooja/mtype193.a(rtimer.o)
                              build/cooja/mtype193.a(contiki-main.o) (rtimer_init)
build/cooja/mtype193.a(process.o)
                              observing.o (process_current)
build/cooja/mtype193.a(timer.o)
                              build/cooja/mtype193.a(etimer.o) (timer_set)
build/cooja/mtype193.a(list.o)
                              build/cooja/mtype193.a(coap-engine.o) (list_init)
build/cooja/mtype193.a(memb.o)
                              build/cooja/mtype193.a(coap-observe.o) (memb_alloc)
build/cooja/mtype193.a(button-hal.o)
                              build/cooja/mtype193.o (button_hal_init)
build/cooja/mtype193.a(serial-line.o)
                              build/cooja/mtype193.a(rs232.o) (serial_line_input_byte)
build/cooja/mtype193.a(gpio-hal.o)
                              build/cooja/mtype193.a(button-hal.o) (gpio_hal_register_handler)
build/cooja/mtype193.a(queuebuf.o)
[...]
Memory Configuration

Name             Origin             Length             Attributes
*default*        0x0000000000000000 0xffffffffffffffff

Linker script and memory map

LOAD /usr/lib/gcc/i686-linux-gnu/7/../../../i386-linux-gnu/crti.o
LOAD /usr/lib/gcc/i686-linux-gnu/7/crtbeginS.o
LOAD observing.o
LOAD build/cooja/mtype193.o
LOAD build/cooja/mtype193.a
LOAD /usr/lib/gcc/i686-linux-gnu/7/libgcc.a
LOAD /usr/lib/gcc/i686-linux-gnu/7/libgcc_s.so
START GROUP
LOAD /usr/lib/gcc/i686-linux-gnu/7/libgcc_s.so.1
LOAD /usr/lib/gcc/i686-linux-gnu/7/libgcc.a
END GROUP
LOAD /usr/lib/gcc/i686-linux-gnu/7/../../../i386-linux-gnu/libc.so
START GROUP
LOAD /lib/i386-linux-gnu/libc.so.6
LOAD /usr/lib/i386-linux-gnu/libc_nonshared.a
LOAD /lib/i386-linux-gnu/ld-linux.so.2
END GROUP
LOAD /usr/lib/gcc/i686-linux-gnu/7/libgcc.a
LOAD /usr/lib/gcc/i686-linux-gnu/7/libgcc_s.so
START GROUP
LOAD /usr/lib/gcc/i686-linux-gnu/7/libgcc_s.so.1
LOAD /usr/lib/gcc/i686-linux-gnu/7/libgcc.a
END GROUP
LOAD /usr/lib/gcc/i686-linux-gnu/7/crtendS.o
LOAD /usr/lib/gcc/i686-linux-gnu/7/../../../i386-linux-gnu/crtn.o
                0x0000000000000114                . = (SEGMENT_START ("text-segment", 0x0) + SIZEOF_HEADERS)

.note.gnu.build-id
                0x0000000000000114       0x24
 *(.note.gnu.build-id)
 .note.gnu.build-id
                0x0000000000000114       0x24 /usr/lib/gcc/i686-linux-gnu/7/../../../i386-linux-gnu/crti.o

.hash
 *(.hash)

.gnu.hash       0x0000000000000138     0x15b4
 *(.gnu.hash)
 .gnu.hash      0x0000000000000138     0x15b4 /usr/lib/gcc/i686-linux-gnu/7/../../../i386-linux-gnu/crti.o

.dynsym         0x00000000000016ec     0x2f20
 *(.dynsym)
 .dynsym        0x00000000000016ec     0x2f20 /usr/lib/gcc/i686-linux-gnu/7/../../../i386-linux-gnu/crti.o

.dynstr         0x000000000000460c     0x36c4
 *(.dynstr)
 .dynstr        0x000000000000460c     0x36c4 /usr/lib/gcc/i686-linux-gnu/7/../../../i386-linux-gnu/crti.o

.gnu.version    0x0000000000007cd0      0x5e4
 *(.gnu.version)
 .gnu.version   0x0000000000007cd0      0x5e4 /usr/lib/gcc/i686-linux-gnu/7/../../../i386-linux-gnu/crti.o

.gnu.version_d  0x00000000000082b4        0x0
 *(.gnu.version_d)
 .gnu.version_d
                0x00000000000082b4        0x0 /usr/lib/gcc/i686-linux-gnu/7/../../../i386-linux-gnu/crti.o

.gnu.version_r  0x00000000000082b4       0x40
 *(.gnu.version_r)
 .gnu.version_r
                0x00000000000082b4       0x40 /usr/lib/gcc/i686-linux-gnu/7/../../../i386-linux-gnu/crti.o

.rel.dyn        0x00000000000082f4      0xf08
 *(.rel.init)
 .rel.init      0x00000000000082f4        0x0 /usr/lib/gcc/i686-linux-gnu/7/../../../i386-linux-gnu/crti.o
 *(.rel.text .rel.text.* .rel.gnu.linkonce.t.*)
 .rel.text      0x00000000000082f4      0x568 /usr/lib/gcc/i686-linux-gnu/7/../../../i386-linux-gnu/crti.o
 *(.rel.fini)
 .rel.fini      0x000000000000885c        0x0 /usr/lib/gcc/i686-linux-gnu/7/../../../i386-linux-gnu/crti.o
 *(.rel.rodata .rel.rodata.* .rel.gnu.linkonce.r.*)
 *(.rel.data.rel.ro .rel.data.rel.ro.* .rel.gnu.linkonce.d.rel.ro.*)
 .rel.data.rel.ro.local
                0x000000000000885c      0x220 /usr/lib/gcc/i686-linux-gnu/7/../../../i386-linux-gnu/crti.o
 .rel.data.rel.ro
                0x0000000000008a7c       0xb0 /usr/lib/gcc/i686-linux-gnu/7/../../../i386-linux-gnu/crti.o
 *(.rel.data .rel.data.* .rel.gnu.linkonce.d.*)
 .rel.data.rel.local
                0x0000000000008b2c      0x380 /usr/lib/gcc/i686-linux-gnu/7/../../../i386-linux-gnu/crti.o
 .rel.data.rel  0x0000000000008eac       0x78 /usr/lib/gcc/i686-linux-gnu/7/../../../i386-linux-gnu/crti.o
 *(.rel.tdata .rel.tdata.* .rel.gnu.linkonce.td.*)
 *(.rel.tbss .rel.tbss.* .rel.gnu.linkonce.tb.*)
 *(.rel.ctors)
 *(.rel.dtors)
 *(.rel.got)
 .rel.got       0x0000000000008f24      0x2c8 /usr/lib/gcc/i686-linux-gnu/7/../../../i386-linux-gnu/crti.o
 *(.rel.bss .rel.bss.* .rel.gnu.linkonce.b.*)
 *(.rel.ifunc)
 .rel.ifunc     0x00000000000091ec        0x0 /usr/lib/gcc/i686-linux-gnu/7/../../../i386-linux-gnu/crti.o
 .rel.fini_array
                0x00000000000091ec        0x8 /usr/lib/gcc/i686-linux-gnu/7/../../../i386-linux-gnu/crti.o
 .rel.init_array
                0x00000000000091f4        0x8 /usr/lib/gcc/i686-linux-gnu/7/../../../i386-linux-gnu/crti.o

.rel.plt        0x00000000000091fc      0xaa8
 *(.rel.plt)
 .rel.plt       0x00000000000091fc      0xaa8 /usr/lib/gcc/i686-linux-gnu/7/../../../i386-linux-gnu/crti.o
 *(.rel.iplt)

.init           0x0000000000009ca4       0x23
 *(SORT_NONE(.init))
 .init          0x0000000000009ca4       0x1e /usr/lib/gcc/i686-linux-gnu/7/../../../i386-linux-gnu/crti.o
                0x0000000000009ca4                _init
 .init          0x0000000000009cc2        0x5 /usr/lib/gcc/i686-linux-gnu/7/../../../i386-linux-gnu/crtn.o

.plt            0x0000000000009cd0     0x1560
 *(.plt)
 .plt           0x0000000000009cd0     0x1560 /usr/lib/gcc/i686-linux-gnu/7/../../../i386-linux-gnu/crti.o
 *(.iplt)

.plt.got        0x000000000000b230       0x18
 *(.plt.got)
 .plt.got       0x000000000000b230       0x18 /usr/lib/gcc/i686-linux-gnu/7/../../../i386-linux-gnu/crti.o

.plt.sec
 *(.plt.sec)

.text           0x000000000000b250    0x1dc04
 *(.text.unlikely .text.*_unlikely .text.unlikely.*)
 *(.text.exit .text.exit.*)
 *(.text.startup .text.startup.*)
 *(.text.hot .text.hot.*)
 *(.text .stub .text.* .gnu.linkonce.t.*)
 .text          0x000000000000b250        0x0 /usr/lib/gcc/i686-linux-gnu/7/../../../i386-linux-gnu/crti.o
 .gnu.linkonce.t.__x86.get_pc_thunk.bx
                0x000000000000b250        0x4 /usr/lib/gcc/i686-linux-gnu/7/../../../i386-linux-gnu/crti.o
                0x000000000000b250                __x86.get_pc_thunk.bx
 *fill*         0x000000000000b254        0xc 
 .text          0x000000000000b260       0xe9 /usr/lib/gcc/i686-linux-gnu/7/crtbeginS.o
 .text.__x86.get_pc_thunk.dx
                0x000000000000b349        0x4 /usr/lib/gcc/i686-linux-gnu/7/crtbeginS.o
                0x000000000000b349                __x86.get_pc_thunk.dx
 .text          0x000000000000b34d      0x189 observing.o
 .text.__x86.get_pc_thunk.ax
                0x000000000000b4d6        0x4 observing.o
                0x000000000000b4d6                __x86.get_pc_thunk.ax
 .text          0x000000000000b4da      0x369 build/cooja/mtype193.o
                0x000000000000b58a                platform_init_stage_one
                0x000000000000b5ad                platform_init_stage_two
                0x000000000000b5d0                platform_init_stage_three
                0x000000000000b5f3                platform_main_loop
                0x000000000000b699                Java_org_contikios_cooja_corecomm_Lib5_init
                0x000000000000b6e7                Java_org_contikios_cooja_corecomm_Lib5_getMemory
                0x000000000000b727                Java_org_contikios_cooja_corecomm_Lib5_setMemory
                0x000000000000b798                Java_org_contikios_cooja_corecomm_Lib5_tick
                0x000000000000b822                Java_org_contikios_cooja_corecomm_Lib5_setReferenceAddress
 .text          0x000000000000b843       0x8d build/cooja/mtype193.a(simEnvChange.o)
                0x000000000000b843                doActionsBeforeTick
                0x000000000000b889                doActionsAfterTick
 .text          0x000000000000b8d0       0xb6 build/cooja/mtype193.a(cooja_mt.o)
                0x000000000000b8d0                cooja_mt_start
                0x000000000000b90a                cooja_mt_exec
                0x000000000000b951                cooja_mt_yield
 .text          0x000000000000b986       0xf2 build/cooja/mtype193.a(cooja_mtarch.o)
                0x000000000000b986                cooja_mtarch_start
                0x000000000000ba0a                cooja_sw
                0x000000000000ba38                cooja_mtarch_exec
                0x000000000000ba63                cooja_mtarch_yield
 .text          0x000000000000ba78      0x127 build/cooja/mtype193.a(rtimer-arch.o)
                0x000000000000ba78                rtimer_arch_init
                0x000000000000baa7                rtimer_arch_schedule
                0x000000000000bae9                rtimer_arch_next
                0x000000000000bb03                rtimer_arch_pending
                0x000000000000bb1a                rtimer_arch_check
                0x000000000000bb85                rtimer_arch_now
 .text.__x86.get_pc_thunk.cx
                0x000000000000bb9f        0x4 build/cooja/mtype193.a(rtimer-arch.o)
                0x000000000000bb9f                __x86.get_pc_thunk.cx
 .text          0x000000000000bba3      0x101 build/cooja/mtype193.a(beep.o)
                0x000000000000bba3                beep_alarm
                0x000000000000bbbc                beep_beep
                0x000000000000bbd5                beep
                0x000000000000bbee                beep_down
                0x000000000000bc07                beep_on
                0x000000000000bc20                beep_off
                0x000000000000bc39                beep_spinup
                0x000000000000bc52                beep_quick
                0x000000000000bc6b                beep_long
 .text          0x000000000000bca4       0x9f build/cooja/mtype193.a(leds-arch.o)
                0x000000000000bcc8                leds_arch_init
 .text          0x000000000000bd43       0x56 build/cooja/mtype193.a(moteid.o)
 .text          0x000000000000bd99      0x101 build/cooja/mtype193.a(pir-sensor.o)
 .text          0x000000000000be9a      0x1cc build/cooja/mtype193.a(rs232.o)
                0x000000000000be9a                rs232_init
                0x000000000000beaa                rs232_set_speed
                0x000000000000bec3                rs232_set_input
                0x000000000000bedc                rs232_send
                0x000000000000bf12                rs232_print
                0x000000000000bf40                slip_arch_writeb
 .text          0x000000000000c066      0x101 build/cooja/mtype193.a(vib-sensor.o)
 .text          0x000000000000c167       0x7a build/cooja/mtype193.a(clock.o)
                0x000000000000c167                clock_init
                0x000000000000c177                clock_time
                0x000000000000c18e                clock_seconds
                0x000000000000c1b1                clock_delay
 .text          0x000000000000c1e1      0x230 build/cooja/mtype193.a(cooja-log.o)
                0x000000000000c1e1                simlog_char
                0x000000000000c245                simlog
                0x000000000000c2c7                log_message
                0x000000000000c316                log_set_putchar_with_slip
                0x000000000000c32f                dbg_putchar
                0x000000000000c3b7                dbg_send_bytes
 .text          0x000000000000c411      0x36c build/cooja/mtype193.a(cfs-cooja.o)
                0x000000000000c411                cfs_open
                0x000000000000c489                cfs_close
                0x000000000000c4a0                cfs_read
                0x000000000000c554                cfs_write
                0x000000000000c652                cfs_seek
                0x000000000000c6ef                cfs_remove
                0x000000000000c725                cfs_opendir
                0x000000000000c739                cfs_readdir
                0x000000000000c74d                cfs_closedir
 .text          0x000000000000c77d      0x78b build/cooja/mtype193.a(cooja-radio.o)
                0x000000000000c7eb                radio_set_channel
                0x000000000000c804                radio_set_txpower
                0x000000000000c827                radio_signal_strength_last
                0x000000000000c83c                radio_signal_strength_current
                0x000000000000c851                radio_LQI
 .text          0x000000000000cf08      0x130 build/cooja/mtype193.a(eeprom.o)
                0x000000000000cf08                eeprom_init
                0x000000000000cf18                eeprom_read
                0x000000000000cf98                eeprom_write
 .text          0x000000000000d038       0x4e build/cooja/mtype193.a(random.o)
                0x000000000000d038                random_init
                0x000000000000d068                random_rand
 .text          0x000000000000d086      0x332 build/cooja/mtype193.a(sensors.o)
                0x000000000000d0cd                sensors_first
                0x000000000000d0e4                sensors_next
                0x000000000000d10f                sensors_changed
                0x000000000000d15c                sensors_find
 .text          0x000000000000d3b8      0x3fc build/cooja/mtype193.a(leds.o)
                0x000000000000d3b8                leds_init
                0x000000000000d410                leds_single_on
                0x000000000000d488                leds_single_off
                0x000000000000d500                leds_single_toggle
                0x000000000000d544                leds_on
                0x000000000000d5dc                leds_off
                0x000000000000d674                leds_toggle
                0x000000000000d6da                leds_set
                0x000000000000d710                leds_get
 .text          0x000000000000d7b4      0x401 build/cooja/mtype193.a(gpio-hal-arch.o)
                0x000000000000d7b4                gpio_hal_arch_register_pin_callback
                0x000000000000d835                gpio_hal_arch_init
                0x000000000000d88f                gpio_hal_arch_no_port_interrupt_enable
                0x000000000000d8c9                gpio_hal_arch_no_port_interrupt_disable
                0x000000000000d903                gpio_hal_arch_no_port_pin_cfg_set
                0x000000000000d932                gpio_hal_arch_no_port_pin_cfg_get
                0x000000000000d962                gpio_hal_arch_no_port_pin_set_input
                0x000000000000d97e                gpio_hal_arch_no_port_pin_set_output
                0x000000000000d99a                gpio_hal_arch_no_port_set_pin
                0x000000000000d9c5                gpio_hal_arch_no_port_clear_pin
                0x000000000000d9f0                gpio_hal_arch_no_port_read_pin
                0x000000000000da22                gpio_hal_arch_no_port_write_pin
                0x000000000000da56                gpio_hal_arch_no_port_set_pins
                0x000000000000daa7                gpio_hal_arch_no_port_clear_pins
                0x000000000000daf8                gpio_hal_arch_no_port_read_pins
                0x000000000000db4b                gpio_hal_arch_no_port_write_pins
 .text          0x000000000000dbb5       0xc6 build/cooja/mtype193.a(buttons.o)
 .text          0x000000000000dc7b       0xfa build/cooja/mtype193.a(res-status.o)
 .text          0x000000000000dd75      0xd4f build/cooja/mtype193.a(coap-engine.o)
                0x000000000000de46                coap_add_handler
                0x000000000000de74                coap_remove_handler
                0x000000000000dea2                coap_call_handlers
                0x000000000000dfc9                coap_receive
                0x000000000000e643                coap_engine_init
                0x000000000000e6b6                coap_activate_resource
                0x000000000000e773                coap_get_first_resource
                0x000000000000e79d                coap_get_next_resource
 .text          0x000000000000eac4      0x2ed build/cooja/mtype193.a(coap-res-well-k)
 .text          0x000000000000edb1      0xa13 build/cooja/mtype193.a(coap-observe.o)
                0x000000000000eeec                coap_remove_observer
                0x000000000000ef2e                coap_remove_observer_by_client
                0x000000000000efa6                coap_remove_observer_by_token
                0x000000000000f049                coap_remove_observer_by_uri
                0x000000000000f100                coap_remove_observer_by_mid
                0x000000000000f18c                coap_notify_observers
                0x000000000000f1af                coap_notify_observers_sub
                0x000000000000f620                coap_observe_handler
                0x000000000000f74b                coap_has_observers
 .text          0x000000000000f7c4      0x84c build/cooja/mtype193.a(coap-uip.o)
                0x000000000000f7c4                coap_endpoint_log
                0x000000000000f861                coap_endpoint_print
                0x000000000000f8fe                coap_endpoint_snprint
                0x000000000000fa47                coap_endpoint_copy
                0x000000000000fa8e                coap_endpoint_cmp
                0x000000000000fbbf                coap_endpoint_parse
                0x000000000000fdd0                coap_endpoint_is_secure
                0x000000000000fde9                coap_endpoint_is_connected
                0x000000000000fe2d                coap_endpoint_connect
                0x000000000000fe53                coap_endpoint_disconnect
                0x000000000000fe63                coap_databuf
                0x000000000000fe7a                coap_transport_init
                0x000000000000fef0                coap_sendto
 .text          0x0000000000010010      0x3ad build/cooja/mtype193.a(coap-timer.o)
                0x0000000000010135                coap_timer_stop
                0x0000000000010170                coap_timer_set
                0x00000000000101bd                coap_timer_reset
                0x000000000001020a                coap_timer_time_to_next_expiration
                0x0000000000010287                coap_timer_run
                0x0000000000010369                coap_timer_init
 .text          0x00000000000103bd      0x334 build/cooja/mtype193.a(coap-transactio)
                0x000000000001044b                coap_new_transaction
                0x00000000000104c3                coap_send_transaction
                0x0000000000010635                coap_clear_transaction
                0x000000000001068f                coap_get_transaction_by_mid
 .text          0x00000000000106f1     0x1f9f build/cooja/mtype193.a(coap.o)
                0x0000000000010cec                coap_init_connection
                0x0000000000010d11                coap_get_mid
                0x0000000000010d38                coap_init_message
                0x0000000000010d91                coap_serialize_message
                0x0000000000011428                coap_parse_message
                0x0000000000011b44                coap_get_query_variable
                0x0000000000011b90                coap_get_post_variable
                0x0000000000011bde                coap_set_status_code
                0x0000000000011c0d                coap_set_token
                0x0000000000011c64                coap_get_header_content_format
                0x0000000000011c9f                coap_set_header_content_format
                0x0000000000011ccc                coap_get_header_accept
                0x0000000000011d07                coap_set_header_accept
                0x0000000000011d34                coap_get_header_max_age
                0x0000000000011d6f                coap_set_header_max_age
                0x0000000000011d99                coap_get_header_etag
                0x0000000000011dd5                coap_set_header_etag
                0x0000000000011e3c                coap_get_header_if_match
                0x0000000000011e78                coap_set_header_if_match
                0x0000000000011edf                coap_get_header_if_none_match
                0x0000000000011f03                coap_set_header_if_none_match
                0x0000000000011f24                coap_get_header_proxy_uri
                0x0000000000011f5c                coap_set_header_proxy_uri
                0x0000000000011fa9                coap_get_header_uri_host
                0x0000000000011fe1                coap_set_header_uri_host
                0x000000000001202e                coap_get_header_uri_path
                0x0000000000012066                coap_set_header_uri_path
                0x00000000000120c4                coap_get_header_uri_query
                0x0000000000012102                coap_set_header_uri_query
                0x0000000000012169                coap_get_header_location_path
                0x00000000000121a1                coap_set_header_location_path
                0x0000000000012249                coap_get_header_location_query
                0x0000000000012281                coap_set_header_location_query
                0x00000000000122df                coap_get_header_observe
                0x0000000000012318                coap_set_header_observe
                0x0000000000012342                coap_get_header_block2
                0x00000000000123b8                coap_set_header_block2
                0x0000000000012439                coap_get_header_block1
                0x00000000000124b8                coap_set_header_block1
                0x000000000001253d                coap_get_header_size2
                0x0000000000012577                coap_set_header_size2
                0x00000000000125a4                coap_get_header_size1
                0x00000000000125de                coap_set_header_size1
                0x000000000001260b                coap_get_payload
                0x000000000001264f                coap_set_payload
 .text          0x0000000000012690      0x3c6 build/cooja/mtype193.a(contiki-main.o)
                0x0000000000012690                main
 .text          0x0000000000012a56       0xb0 build/cooja/mtype193.a(autostart.o)
                0x0000000000012a56                autostart_start
                0x0000000000012aaf                autostart_exit
 .text          0x0000000000012b06      0x400 build/cooja/mtype193.a(ctimer.o)
                0x0000000000012c49                ctimer_init
                0x0000000000012c8e                ctimer_set
                0x0000000000012cc1                ctimer_set_with_process
                0x0000000000012d58                ctimer_reset
                0x0000000000012dc6                ctimer_restart
                0x0000000000012e34                ctimer_stop
                0x0000000000012e94                ctimer_expired
 .text          0x0000000000012f06      0x4a3 build/cooja/mtype193.a(log.o)
                0x0000000000012f06                log_6addr
                0x0000000000012f6a                log_6addr_compact_snprint
                0x000000000001302a                log_6addr_compact
                0x000000000001308e                log_lladdr
                0x0000000000013115                log_lladdr_compact
                0x0000000000013192                log_bytes
                0x00000000000131e6                log_set_level
                0x00000000000132c4                log_get_level
                0x0000000000013355                log_level_to_str
 .text          0x00000000000133a9       0x39 build/cooja/mtype193.a(energest.o)
                0x00000000000133a9                energest_init
                0x00000000000133b9                energest_flush
                0x00000000000133c9                energest_get_total_time
 .text          0x00000000000133e2      0x527 build/cooja/mtype193.a(etimer.o)
                0x0000000000013637                etimer_request_poll
                0x00000000000136e8                etimer_set
                0x0000000000013721                etimer_reset_with_new_interval
                0x0000000000013760                etimer_reset
                0x0000000000013796                etimer_restart
                0x00000000000137cc                etimer_adjust
                0x00000000000137f3                etimer_expired
                0x0000000000013810                etimer_expiration_time
                0x000000000001382c                etimer_start_time
                0x0000000000013840                etimer_pending
                0x000000000001385d                etimer_next_expiration_time
                0x0000000000013885                etimer_stop
 .text          0x0000000000013909       0x36 build/cooja/mtype193.a(node-id.o)
                0x0000000000013909                node_id_init
 .text          0x000000000001393f      0x122 build/cooja/mtype193.a(rtimer.o)
                0x000000000001393f                rtimer_init
                0x000000000001395e                rtimer_set
                0x00000000000139ec                rtimer_run_next
 .text          0x0000000000013a61      0x5cb build/cooja/mtype193.a(process.o)
                0x0000000000013a61                process_alloc_event
                0x0000000000013a82                process_start
                0x0000000000013c87                process_exit
                0x0000000000013caf                process_init
                0x0000000000013e77                process_run
                0x0000000000013eba                process_nevents
                0x0000000000013edf                process_post
                0x0000000000013f8c                process_post_synch
                0x0000000000013fd2                process_poll
                0x000000000001400e                process_is_running
 .text.__x86.get_pc_thunk.si
                0x000000000001402c        0x4 build/cooja/mtype193.a(process.o)
                0x000000000001402c                __x86.get_pc_thunk.si
 .text          0x0000000000014030       0xf6 build/cooja/mtype193.a(timer.o)
                0x0000000000014030                timer_set
                0x000000000001405f                timer_reset
                0x0000000000014096                timer_restart
                0x00000000000140bc                timer_expired
                0x00000000000140fa                timer_remaining
 .text          0x0000000000014126      0x311 build/cooja/mtype193.a(list.o)
                0x0000000000014126                list_init
                0x000000000001413f                list_head
                0x0000000000014153                list_copy
                0x000000000001416d                list_tail
                0x00000000000141ad                list_add
                0x0000000000014203                list_push
                0x0000000000014239                list_chop
                0x00000000000142ad                list_pop
                0x00000000000142df                list_remove
                0x0000000000014351                list_length
                0x0000000000014389                list_insert
                0x00000000000143d8                list_item_next
                0x00000000000143f9                list_contains
 .text          0x0000000000014437      0x1ec build/cooja/mtype193.a(memb.o)
                0x0000000000014437                memb_init
                0x000000000001449b                memb_alloc
                0x0000000000014508                memb_free
                0x0000000000014589                memb_inmemb
                0x00000000000145d2                memb_numfree
 .text          0x0000000000014623      0x566 build/cooja/mtype193.a(button-hal.o)
                0x0000000000014817                button_hal_get_by_id
                0x0000000000014861                button_hal_get_by_index
                0x000000000001489b                button_hal_get_state
                0x00000000000148fd                button_hal_init
 .text          0x0000000000014b89      0x242 build/cooja/mtype193.a(serial-line.o)
                0x0000000000014b89                serial_line_input_byte
                0x0000000000014d81                serial_line_init
 .text          0x0000000000014dcb      0x1d6 build/cooja/mtype193.a(gpio-hal.o)
                0x0000000000014dcb                gpio_hal_register_handler
                0x0000000000014df9                gpio_hal_event_handler
                0x0000000000014e66                gpio_hal_init
                0x0000000000014e95                gpio_hal_arch_port_toggle_pin
                0x0000000000014ee0                gpio_hal_arch_port_toggle_pins
                0x0000000000014f1d                gpio_hal_arch_no_port_toggle_pin
                0x0000000000014f6a                gpio_hal_arch_no_port_toggle_pins
 .text          0x0000000000014fa1      0x3a9 build/cooja/mtype193.a(queuebuf.o)
                0x0000000000014fb5                queuebuf_init
                0x0000000000014ff1                queuebuf_numfree
                0x000000000001501b                queuebuf_new_from_packetbuf
                0x00000000000150cf                queuebuf_update_attr_from_packetbuf
                0x0000000000015113                queuebuf_update_from_packetbuf
                0x0000000000015172                queuebuf_free
                0x00000000000151d0                queuebuf_to_packetbuf
                0x000000000001524d                queuebuf_dataptr
                0x0000000000015299                queuebuf_datalen
                0x00000000000152c6                queuebuf_addr
                0x0000000000015305                queuebuf_attr
                0x000000000001533a                queuebuf_debug_print
 .text          0x000000000001534a      0x4dd build/cooja/mtype193.a(packetbuf.o)
                0x000000000001534a                packetbuf_clear
                0x0000000000015380                packetbuf_copyfrom
                0x00000000000153e0                packetbuf_copyto
                0x000000000001547e                packetbuf_hdralloc
                0x000000000001550e                packetbuf_hdrreduce
                0x0000000000015560                packetbuf_set_datalen
                0x0000000000015585                packetbuf_dataptr
                0x00000000000155ac                packetbuf_hdrptr
                0x00000000000155c1                packetbuf_datalen
                0x00000000000155d7                packetbuf_hdrlen
                0x00000000000155f6                packetbuf_totlen
                0x0000000000015616                packetbuf_remaininglen
                0x0000000000015633                packetbuf_attr_clear
                0x0000000000015699                packetbuf_attr_copyto
                0x00000000000156df                packetbuf_attr_copyfrom
                0x0000000000015725                packetbuf_set_attr
                0x000000000001575b                packetbuf_attr
                0x0000000000015781                packetbuf_set_addr
                0x00000000000157c9                packetbuf_addr
                0x00000000000157f3                packetbuf_holds_broadcast
 .text          0x0000000000015827      0x13c build/cooja/mtype193.a(netstack.o)
                0x0000000000015827                netstack_process_ip_callback
                0x00000000000158c8                netstack_ip_packet_processor_add
                0x00000000000158fc                uip_ds6_ip_packet_processor_rm
                0x000000000001592a                netstack_init
 .text          0x0000000000015963       0x75 build/cooja/mtype193.a(linkaddr.o)
                0x0000000000015963                linkaddr_copy
                0x0000000000015983                linkaddr_cmp
                0x00000000000159b6                linkaddr_set_node_addr
 .text          0x00000000000159d8       0x94 build/cooja/mtype193.a(printf.o)
                0x0000000000015a0c                log_printf
 .text          0x0000000000015a6c       0xbb build/cooja/mtype193.a(sprintf.o)
                0x0000000000015aaf                log_sprintf
 .text          0x0000000000015b27      0x150 build/cooja/mtype193.a(snprintf.o)
                0x0000000000015b99                log_snprintf
                0x0000000000015bf4                log_vsnprintf
 .text          0x0000000000015c77       0x29 build/cooja/mtype193.a(putchar.o)
                0x0000000000015c77                log_putchar
 .text          0x0000000000015ca0      0x2ae build/cooja/mtype193.a(csma.o)
 .text          0x0000000000015f4e      0xa6f build/cooja/mtype193.a(csma-output.o)
                0x00000000000166c0                csma_output_packet
                0x000000000001696f                csma_output_init
 .text          0x00000000000169bd      0xe47 build/cooja/mtype193.a(uip-ds6.o)
                0x00000000000169bd                uip_ds6_default_prefix
                0x00000000000169d2                uip_ds6_set_default_prefix
                0x0000000000016a08                uip_ds6_init
                0x0000000000016ca3                uip_ds6_periodic
                0x0000000000016d4b                uip_ds6_list_loop
                0x0000000000016e1a                uip_ds6_prefix_add
                0x0000000000016ee1                uip_ds6_prefix_rm
                0x0000000000016efe                uip_ds6_prefix_lookup
                0x0000000000016f51                uip_ds6_is_addr_onlink
                0x0000000000016fde                uip_ds6_addr_add
                0x0000000000017120                uip_ds6_addr_rm
                0x00000000000171df                uip_ds6_addr_lookup
                0x000000000001722f                uip_ds6_get_link_local
                0x00000000000172cd                uip_ds6_get_global
                0x000000000001736b                uip_ds6_maddr_add
                0x00000000000173e7                uip_ds6_maddr_rm
                0x0000000000017404                uip_ds6_maddr_lookup
                0x0000000000017457                uip_ds6_aaddr_add
                0x00000000000174d0                uip_ds6_aaddr_rm
                0x00000000000174ed                uip_ds6_aaddr_lookup
                0x000000000001753d                uip_ds6_select_src
                0x00000000000176ab                uip_ds6_set_addr_iid
                0x00000000000176e0                uip_ds6_set_lladdr_from_iid
                0x0000000000017713                get_match_length
                0x00000000000177ae                uip_ds6_compute_reachable_time
 .text          0x0000000000017804      0x152 build/cooja/mtype193.a(uip-udp-packet.)
                0x0000000000017804                uip_udp_packet_send
                0x000000000001787d                uip_udp_packet_sendto
 .text          0x0000000000017956      0x453 build/cooja/mtype193.a(uip-ds6-route.o)
                0x00000000000179b8                uip_ds6_route_init
                0x00000000000179f4                uip_ds6_route_count_nexthop_neighbors
                0x0000000000017a08                uip_ds6_route_nexthop
                0x0000000000017a1c                uip_ds6_route_head
                0x0000000000017a30                uip_ds6_route_next
                0x0000000000017a44                uip_ds6_route_is_nexthop
                0x0000000000017a58                uip_ds6_route_num_routes
                0x0000000000017a6c                uip_ds6_route_lookup
                0x0000000000017a80                uip_ds6_route_add
                0x0000000000017a9d                uip_ds6_route_rm
                0x0000000000017aad                uip_ds6_route_rm_by_nexthop
                0x0000000000017abd                uip_ds6_defrt_head
                0x0000000000017ae7                uip_ds6_defrt_add
                0x0000000000017ba7                uip_ds6_defrt_rm
                0x0000000000017c20                uip_ds6_defrt_lookup
                0x0000000000017c97                uip_ds6_defrt_choose
                0x0000000000017d1d                uip_ds6_defrt_periodic
 .text          0x0000000000017da9      0x870 build/cooja/mtype193.a(tcpip.o)
                0x0000000000017dcf                tcpip_output
                0x0000000000017e7e                udp_attach
                0x0000000000017ea0                udp_new
                0x0000000000017efa                udp_broadcast_new
                0x000000000001809a                tcpip_input
                0x0000000000018290                tcpip_ipv6_output
                0x00000000000184cc                tcpip_poll_udp
                0x00000000000184fc                tcpip_uipcall
 .text          0x0000000000018619     0x1520 build/cooja/mtype193.a(uip6.o)
                0x00000000000186d2                uip_chksum
                0x00000000000187ca                uip_icmp6chksum
                0x00000000000187e9                uip_udpchksum
                0x0000000000018808                uip_init
                0x0000000000018867                uip_remove_ext_hdr
                0x0000000000018962                uip_udp_new
                0x0000000000018cdb                uip_process
                0x00000000000199c9                uip_htons
                0x00000000000199f5                uip_htonl
                0x0000000000019a3f                uip_send
 .text          0x0000000000019b39      0x43e build/cooja/mtype193.a(uip-ds6-nbr.o)
                0x0000000000019b39                uip_ds6_neighbors_init
                0x0000000000019b6f                uip_ds6_nbr_add
                0x0000000000019c09                uip_ds6_nbr_rm
                0x0000000000019c68                uip_ds6_nbr_update_ll
                0x0000000000019d65                uip_ds6_nbr_get_ipaddr
                0x0000000000019d84                uip_ds6_nbr_get_ll
                0x0000000000019db1                uip_ds6_nbr_num
                0x0000000000019e0b                uip_ds6_nbr_head
                0x0000000000019e35                uip_ds6_nbr_next
                0x0000000000019e62                uip_ds6_nbr_lookup
                0x0000000000019ec9                uip_ds6_nbr_ll_lookup
                0x0000000000019ef6                uip_ds6_nbr_ipaddr_from_lladdr
                0x0000000000019f29                uip_ds6_nbr_lladdr_from_ipaddr
                0x0000000000019f67                uip_ds6_link_callback
 .text          0x0000000000019f77      0x810 build/cooja/mtype193.a(uip-nd6.o)
                0x000000000001a75c                uip_nd6_init
 .text          0x000000000001a787     0x33af build/cooja/mtype193.a(sicslowpan.o)
                0x000000000001ae85                netstack_sniffer_add
                0x000000000001ae9e                netstack_sniffer_remove
                0x000000000001daf5                sicslowpan_init
                0x000000000001db21                sicslowpan_get_last_rssi
 .text          0x000000000001db36      0x51a build/cooja/mtype193.a(uiplib.o)
                0x000000000001db36                uiplib_ip6addrconv
                0x000000000001dcfc                uiplib_ip4addrconv
                0x000000000001ddc9                uiplib_ipaddr_print
                0x000000000001de2d                uiplib_ipaddr_snprint
 .text          0x000000000001e050      0x610 build/cooja/mtype193.a(rpl.o)
                0x000000000001e050                rpl_lollipop_greater_than
                0x000000000001e0b3                rpl_get_global_address
                0x000000000001e1e9                rpl_link_callback
                0x000000000001e24c                rpl_has_joined
                0x000000000001e282                rpl_is_reachable
                0x000000000001e325                rpl_reset_prefix
                0x000000000001e3a1                rpl_set_prefix_from_addr
                0x000000000001e4b3                rpl_set_prefix
                0x000000000001e627                rpl_set_leaf_only
                0x000000000001e64a                rpl_get_leaf_only
 .text          0x000000000001e660     0x1491 build/cooja/mtype193.a(rpl-icmp6.o)
                0x000000000001e7bd                rpl_icmp6_update_nbr_table
                0x000000000001e86f                rpl_icmp6_dis_output
                0x000000000001ee84                rpl_icmp6_dio_output
                0x000000000001f6dd                rpl_icmp6_dao_output
                0x000000000001fa0a                rpl_icmp6_dao_ack_output
                0x000000000001fa91                rpl_icmp6_init
 .text          0x000000000001faf1      0x2e4 build/cooja/mtype193.a(rpl-dag-root.o)
                0x000000000001faf1                rpl_dag_root_print_links
                0x000000000001fc4a                rpl_dag_root_set_prefix
                0x000000000001fc85                rpl_dag_root_start
                0x000000000001fd93                rpl_dag_root_is_root
 .text          0x000000000001fdd5       0x6b build/cooja/mtype193.a(watchdog.o)
                0x000000000001fdd5                watchdog_init
                0x000000000001fde5                watchdog_start
                0x000000000001fdf5                watchdog_periodic
                0x000000000001fe20                watchdog_stop
                0x000000000001fe30                watchdog_reboot
 .text          0x000000000001fe40       0x75 build/cooja/mtype193.a(int-master.o)
                0x000000000001fe40                int_master_enable
                0x000000000001fe5a                int_master_read_and_disable
                0x000000000001fe82                int_master_status_set
                0x000000000001fe9b                int_master_is_enabled
 .text          0x000000000001feb5      0x2bc build/cooja/mtype193.a(coap-timer-defa)
 .text          0x0000000000020171      0x11d build/cooja/mtype193.a(stimer.o)
                0x0000000000020171                stimer_set
                0x00000000000201a0                stimer_reset
                0x00000000000201d7                stimer_restart
                0x00000000000201fd                stimer_expired
                0x0000000000020239                stimer_remaining
                0x0000000000020265                stimer_elapsed
 .text          0x000000000002028e      0x188 build/cooja/mtype193.a(ringbuf.o)
                0x000000000002028e                ringbuf_init
                0x00000000000202ca                ringbuf_put
                0x0000000000020352                ringbuf_get
                0x00000000000203c9                ringbuf_size
                0x00000000000203e5                ringbuf_elements
 .text          0x0000000000020416       0x31 build/cooja/mtype193.a(assert.o)
                0x0000000000020416                _xassert
 .text          0x0000000000020447      0xb68 build/cooja/mtype193.a(nbr-table.o)
                0x00000000000207e9                nbr_table_count_entries
                0x0000000000020896                nbr_table_gc_get_worst
                0x00000000000208d6                nbr_table_can_accept_new
                0x0000000000020a5f                nbr_table_entry_is_allowed
                0x0000000000020aff                nbr_table_register
                0x0000000000020b7d                nbr_table_is_registered
                0x0000000000020bc2                nbr_table_head
                0x0000000000020c2f                nbr_table_next
                0x0000000000020ca1                nbr_table_add_lladdr
                0x0000000000020df0                nbr_table_get_from_lladdr
                0x0000000000020e4d                nbr_table_remove
                0x0000000000020e98                nbr_table_lock
                0x0000000000020ebe                nbr_table_unlock
                0x0000000000020ee4                nbr_table_get_lladdr
                0x0000000000020f1a                nbr_table_clear
                0x0000000000020f5f                nbr_table_key_head
                0x0000000000020f89                nbr_table_key_next
 .text          0x0000000000020faf      0x450 build/cooja/mtype193.a(link-stats.o)
                0x0000000000020faf                link_stats_from_lladdr
                0x0000000000020fdc                link_stats_get_lladdr
                0x0000000000021009                link_stats_is_fresh
                0x0000000000021056                guess_etx_from_rssi
                0x00000000000210dc                link_stats_packet_sent
                0x0000000000021220                link_stats_input_callback
                0x0000000000021354                link_stats_reset
                0x00000000000213b6                link_stats_init
 .text          0x00000000000213ff      0x1a8 build/cooja/mtype193.a(mac-sequence.o)
                0x00000000000213ff                mac_sequence_is_duplicate
                0x00000000000214bf                mac_sequence_register_seqno
 .text          0x00000000000215a7       0x2d build/cooja/mtype193.a(mac.o)
                0x00000000000215a7                mac_call_sent_callback
 .text          0x00000000000215d4      0x477 build/cooja/mtype193.a(framer-802154.o)
                0x0000000000021777                framer_802154_setup_params
 .text          0x0000000000021a4b      0xc1a build/cooja/mtype193.a(frame802154.o)
                0x0000000000021a86                frame802154_get_pan_id
                0x0000000000021a9c                frame802154_set_pan_id
                0x0000000000021ac1                frame802154_has_panid
                0x0000000000021c7a                frame802154_check_dest_panid
                0x0000000000021d0c                frame802154_is_broadcast_addr
                0x0000000000021d63                frame802154_extract_linkaddr
                0x0000000000021fec                frame802154_hdrlen
                0x0000000000022069                frame802154_create_fcf
                0x000000000002212b                frame802154_create
                0x00000000000222b6                frame802154_parse_fcf
                0x00000000000223a2                frame802154_parse
 .text          0x0000000000022665     0x1216 build/cooja/mtype193.a(strformat.o)
                0x0000000000022a10                format_str
                0x0000000000022a6b                format_str_v
 .text          0x000000000002387b       0x4e build/cooja/mtype193.a(csma-security.o)
                0x000000000002387b                csma_security_create_frame
                0x00000000000238ac                csma_security_parse_frame
 .text          0x00000000000238c9      0x5d3 build/cooja/mtype193.a(uipbuf.o)
                0x00000000000238c9                uipbuf_clear
                0x0000000000023900                uipbuf_add_ext_hdr
                0x000000000002399b                uipbuf_set_len
                0x00000000000239d5                uipbuf_set_len_field
                0x0000000000023a0b                uipbuf_get_len_field
                0x0000000000023a35                uipbuf_get_next_header
                0x0000000000023b86                uipbuf_get_last_header
                0x0000000000023c09                uipbuf_search_header
                0x0000000000023ccd                uipbuf_get_attr
                0x0000000000023cfe                uipbuf_set_attr
                0x0000000000023d3f                uipbuf_set_default_attr
                0x0000000000023d80                uipbuf_clear_attr
                0x0000000000023dc0                uipbuf_set_attr_flag
                0x0000000000023dec                uipbuf_clr_attr_flag
                0x0000000000023e1e                uipbuf_is_attr_flag
                0x0000000000023e4c                uipbuf_init
 .text          0x0000000000023e9c      0x8b7 build/cooja/mtype193.a(uip-icmp6.o)
                0x0000000000023f21                uip_icmp6_input
                0x0000000000023f82                uip_icmp6_register_input_handler
                0x0000000000024136                uip_icmp6_error_output
                0x0000000000024478                uip_icmp6_send
                0x00000000000246a6                uip_icmp6_echo_reply_callback_add
                0x00000000000246e9                uip_icmp6_echo_reply_callback_rm
                0x0000000000024717                uip_icmp6_init
 .text          0x0000000000024753      0x772 build/cooja/mtype193.a(uip-sr.o)
                0x0000000000024753                uip_sr_num_nodes
                0x00000000000247ff                uip_sr_get_node
                0x0000000000024866                uip_sr_is_addr_reachable
                0x0000000000024923                uip_sr_expire_parent
                0x0000000000024976                uip_sr_update_node
                0x0000000000024aba                uip_sr_init
                0x0000000000024b00                uip_sr_node_head
                0x0000000000024b2a                uip_sr_node_next
                0x0000000000024b50                uip_sr_periodic
                0x0000000000024c6c                uip_sr_free_all
                0x0000000000024cf1                uip_sr_link_snprint
 .text          0x0000000000024ec5      0x1a5 build/cooja/mtype193.a(uip-packetqueue)
                0x0000000000024f05                uip_packetqueue_new
                0x0000000000024f1e                uip_packetqueue_alloc
                0x0000000000024f8d                uip_packetqueue_free
                0x0000000000024fe5                uip_packetqueue_buf
                0x000000000002500c                uip_packetqueue_buflen
                0x0000000000025037                uip_packetqueue_set_buflen
 .text          0x000000000002506a       0x8d build/cooja/mtype193.a(rpl-nbr-policy.)
                0x00000000000250b6                rpl_nbr_gc_get_worst
 .text          0x00000000000250f7      0xaad build/cooja/mtype193.a(rpl-neighbor.o)
                0x0000000000025193                rpl_neighbor_snprint
                0x000000000002547b                rpl_neighbor_print_list
                0x000000000002554e                rpl_neighbor_count
                0x0000000000025631                rpl_neighbor_get_from_lladdr
                0x000000000002565e                rpl_neighbor_is_acceptable_parent
                0x00000000000256a4                rpl_neighbor_get_link_metric
                0x00000000000256ea                rpl_neighbor_rank_via_nbr
                0x0000000000025730                rpl_neighbor_get_lladdr
                0x000000000002575d                rpl_neighbor_get_ipaddr
                0x0000000000025793                rpl_neighbor_get_link_stats
                0x00000000000257c9                rpl_neighbor_is_fresh
                0x00000000000257ff                rpl_neighbor_is_parent
                0x0000000000025836                rpl_neighbor_set_preferred_parent
                0x00000000000258f0                rpl_neighbor_remove_all
                0x000000000002595d                rpl_neighbor_get_from_ipaddr
                0x0000000000025a97                rpl_neighbor_select_best
                0x0000000000025b72                rpl_neighbor_init
 .text          0x0000000000025ba4     0x11f4 build/cooja/mtype193.a(rpl-dag.o)
                0x0000000000025ba4                rpl_dag_state_to_str
                0x0000000000025bf2                rpl_dag_get_root_ipaddr
                0x0000000000025c42                rpl_dag_leave
                0x0000000000025cf8                rpl_dag_poison_and_leave
                0x0000000000025d24                rpl_dag_periodic
                0x0000000000025de9                rpl_is_addr_in_our_dag
                0x0000000000025e48                rpl_get_default_instance
                0x0000000000025e72                rpl_get_any_dag
                0x0000000000025ee8                rpl_refresh_routes
                0x0000000000025f4b                rpl_global_repair
                0x000000000002601c                rpl_local_repair
                0x0000000000026081                rpl_dag_ready_to_advertise
                0x00000000000260da                rpl_dag_update_state
                0x0000000000026956                rpl_process_dio
                0x00000000000269f1                rpl_process_dis
                0x0000000000026a47                rpl_process_dao
                0x0000000000026ae8                rpl_process_dao_ack
                0x0000000000026ba4                rpl_process_hbh
                0x0000000000026c04                rpl_dag_init_root
                0x0000000000026d66                rpl_dag_init
 .text          0x0000000000026d98      0xd8d build/cooja/mtype193.a(rpl-timers.o)
                0x0000000000026d98                rpl_timers_schedule_periodic_dis
                0x0000000000026f42                rpl_timers_dio_reset
                0x00000000000270ba                rpl_timers_schedule_unicast_dio
                0x000000000002728d                rpl_timers_schedule_dao
                0x0000000000027393                rpl_timers_schedule_dao_ack
                0x0000000000027462                rpl_timers_notify_dao_ack
                0x00000000000274e8                get_probing_delay
                0x000000000002752d                get_probing_target
                0x0000000000027762                rpl_schedule_probing
                0x00000000000277ae                rpl_schedule_probing_now
                0x0000000000027848                rpl_timers_unschedule_leaving
                0x00000000000278a2                rpl_timers_schedule_leaving
                0x0000000000027907                rpl_timers_init
                0x00000000000279c9                rpl_timers_stop_dag_timers
                0x0000000000027a86                rpl_timers_unschedule_state_update
                0x0000000000027ac2                rpl_timers_schedule_state_update
 .text          0x0000000000027b25      0xd3b build/cooja/mtype193.a(rpl-ext-header.)
                0x0000000000027b25                rpl_ext_header_srh_get_next_hop
                0x0000000000027c30                rpl_ext_header_srh_update
                0x000000000002825b                rpl_ext_header_hbh_update
                0x00000000000285da                rpl_ext_header_update
                0x0000000000028689                rpl_ext_header_remove
 .text          0x0000000000028860      0x39b build/cooja/mtype193.a(rpl-mrhof.o)
 *fill*         0x0000000000028bfb        0x5 
 .text          0x0000000000028c00      0x116 /usr/lib/gcc/i686-linux-gnu/7/libgcc.a(_udivdi3.o)
                0x0000000000028c00                __udivdi3
 *fill*         0x0000000000028d16        0xa 
 .text          0x0000000000028d20      0x119 /usr/lib/gcc/i686-linux-gnu/7/libgcc.a(_umoddi3.o)
                0x0000000000028d20                __umoddi3
 *fill*         0x0000000000028e39        0x7 
 .text          0x0000000000028e40       0x14 /usr/lib/i386-linux-gnu/libc_nonshared.a(stack_chk_fail_local.oS)
                0x0000000000028e40                __stack_chk_fail_local
 .text          0x0000000000028e54        0x0 /usr/lib/gcc/i686-linux-gnu/7/crtendS.o
 .text          0x0000000000028e54        0x0 /usr/lib/gcc/i686-linux-gnu/7/../../../i386-linux-gnu/crtn.o
 *(.gnu.warning)

.fini           0x0000000000028e54       0x14
 *(SORT_NONE(.fini))
 .fini          0x0000000000028e54        0xf /usr/lib/gcc/i686-linux-gnu/7/../../../i386-linux-gnu/crti.o
                0x0000000000028e54                _fini
 .fini          0x0000000000028e63        0x5 /usr/lib/gcc/i686-linux-gnu/7/../../../i386-linux-gnu/crtn.o
                [!provide]                        PROVIDE (__etext = .)
                [!provide]                        PROVIDE (_etext = .)
                [!provide]                        PROVIDE (etext = .)

.rodata         0x0000000000028e68      0xaef
 *(.rodata .rodata.* .gnu.linkonce.r.*)
 .rodata        0x0000000000028e68       0x6b observing.o
 *fill*         0x0000000000028ed3        0x1 
 .rodata        0x0000000000028ed4        0x6 build/cooja/mtype193.a(leds-arch.o)
                0x0000000000028ed4                leds_arch_leds
 .rodata        0x0000000000028eda        0x4 build/cooja/mtype193.a(pir-sensor.o)
 .rodata        0x0000000000028ede        0x6 build/cooja/mtype193.a(rs232.o)
 .rodata        0x0000000000028ee4        0xa build/cooja/mtype193.a(vib-sensor.o)
 *fill*         0x0000000000028eee        0x2 
 .rodata        0x0000000000028ef0       0x27 build/cooja/mtype193.a(cfs-cooja.o)
 *fill*         0x0000000000028f17        0x1 
 .rodata        0x0000000000028f18       0x68 build/cooja/mtype193.a(cooja-radio.o)
 .rodata        0x0000000000028f80        0x8 build/cooja/mtype193.a(sensors.o)
 .rodata        0x0000000000028f88       0x14 build/cooja/mtype193.a(buttons.o)
                0x0000000000028f94                button_hal_button_count
 .rodata        0x0000000000028f9c       0x4d build/cooja/mtype193.a(res-status.o)
 .rodata        0x0000000000028fe9       0x41 build/cooja/mtype193.a(coap-engine.o)
 .rodata        0x000000000002902a       0x19 build/cooja/mtype193.a(coap-res-well-k)
 .rodata        0x0000000000029043       0x11 build/cooja/mtype193.a(coap-observe.o)
 .rodata        0x0000000000029054       0x35 build/cooja/mtype193.a(coap-uip.o)
 *fill*         0x0000000000029089        0x3 
 .rodata        0x000000000002908c      0x1ac build/cooja/mtype193.a(coap.o)
 .rodata        0x0000000000029238       0xf4 build/cooja/mtype193.a(contiki-main.o)
 .rodata        0x000000000002932c        0xf build/cooja/mtype193.a(ctimer.o)
 *fill*         0x000000000002933b        0x1 
 .rodata        0x000000000002933c       0xc4 build/cooja/mtype193.a(log.o)
 .rodata        0x0000000000029400        0xc build/cooja/mtype193.a(etimer.o)
 .rodata        0x000000000002940c       0x13 build/cooja/mtype193.a(button-hal.o)
 .rodata        0x000000000002941f        0xe build/cooja/mtype193.a(serial-line.o)
 *fill*         0x000000000002942d        0x3 
 .rodata        0x0000000000029430        0x8 build/cooja/mtype193.a(linkaddr.o)
                0x0000000000029430                linkaddr_null
 .rodata        0x0000000000029438        0x5 build/cooja/mtype193.a(csma.o)
 *fill*         0x000000000002943d        0x3 
 .rodata        0x0000000000029440       0x2a build/cooja/mtype193.a(csma-output.o)
 *fill*         0x000000000002946a        0x2 
 .rodata        0x000000000002946c       0x4d build/cooja/mtype193.a(uip-ds6-route.o)
 .rodata        0x00000000000294b9        0xd build/cooja/mtype193.a(tcpip.o)
 *fill*         0x00000000000294c6        0x2 
 .rodata        0x00000000000294c8       0x1f build/cooja/mtype193.a(sicslowpan.o)
                0x00000000000294c8                unc_llconf
                0x00000000000294cc                unc_ctxconf
                0x00000000000294d0                unc_mxconf
                0x00000000000294d4                llprefix
 .rodata        0x00000000000294e7       0x2d build/cooja/mtype193.a(uiplib.o)
 .rodata        0x0000000000029514        0x9 build/cooja/mtype193.a(rpl.o)
 .rodata        0x000000000002951d       0x13 build/cooja/mtype193.a(coap-timer-defa)
 .rodata        0x0000000000029530       0x25 build/cooja/mtype193.a(assert.o)
 *fill*         0x0000000000029555        0x3 
 .rodata        0x0000000000029558      0x280 build/cooja/mtype193.a(strformat.o)
 .rodata        0x00000000000297d8       0x44 build/cooja/mtype193.a(uip-sr.o)
 .rodata        0x000000000002981c       0x58 build/cooja/mtype193.a(rpl-neighbor.o)
 .rodata        0x0000000000029874       0xd7 build/cooja/mtype193.a(rpl-dag.o)
 .rodata        0x000000000002994b        0xc build/cooja/mtype193.a(rpl-timers.o)

.rodata1
 *(.rodata1)

.eh_frame_hdr   0x0000000000029958     0x1ad4
 *(.eh_frame_hdr)
 .eh_frame_hdr  0x0000000000029958     0x1ad4 observing.o
                0x0000000000029958                __GNU_EH_FRAME_HDR
 *(.eh_frame_entry .eh_frame_entry.*)

.eh_frame       0x000000000002b42c     0x746c
 *(.eh_frame)
 .eh_frame      0x000000000002b42c       0x3c /usr/lib/gcc/i686-linux-gnu/7/../../../i386-linux-gnu/crti.o
                                         0x40 (size before relaxing)
 .eh_frame      0x000000000002b468       0x14 /usr/lib/gcc/i686-linux-gnu/7/../../../i386-linux-gnu/crti.o
                                         0x2c (size before relaxing)
 .eh_frame      0x000000000002b47c       0x58 observing.o
                                         0x84 (size before relaxing)
 .eh_frame      0x000000000002b4d4      0x198 build/cooja/mtype193.o
                                        0x1ec (size before relaxing)
 .eh_frame      0x000000000002b66c       0x48 build/cooja/mtype193.a(simEnvChange.o)
                                         0x74 (size before relaxing)
 .eh_frame      0x000000000002b6b4       0x6c build/cooja/mtype193.a(cooja_mt.o)
                                         0x98 (size before relaxing)
 .eh_frame      0x000000000002b720       0x88 build/cooja/mtype193.a(cooja_mtarch.o)
                                         0xc8 (size before relaxing)
 .eh_frame      0x000000000002b7a8       0xe4 build/cooja/mtype193.a(rtimer-arch.o)
                                        0x110 (size before relaxing)
 .eh_frame      0x000000000002b88c      0x160 build/cooja/mtype193.a(beep.o)
                                        0x18c (size before relaxing)
 .eh_frame      0x000000000002b9ec       0x88 build/cooja/mtype193.a(leds-arch.o)
                                         0xc8 (size before relaxing)
 .eh_frame      0x000000000002ba74       0x44 build/cooja/mtype193.a(moteid.o)
                                         0x70 (size before relaxing)
 .eh_frame      0x000000000002bab8       0xa4 build/cooja/mtype193.a(pir-sensor.o)
                                         0xe4 (size before relaxing)
 .eh_frame      0x000000000002bb5c      0x110 build/cooja/mtype193.a(rs232.o)
                                        0x150 (size before relaxing)
 .eh_frame      0x000000000002bc6c       0xa4 build/cooja/mtype193.a(vib-sensor.o)
                                         0xe4 (size before relaxing)
 .eh_frame      0x000000000002bd10       0xc0 build/cooja/mtype193.a(clock.o)
                                         0xec (size before relaxing)
 .eh_frame      0x000000000002bdd0      0x110 build/cooja/mtype193.a(cooja-log.o)
                                        0x150 (size before relaxing)
 .eh_frame      0x000000000002bee0      0x16c build/cooja/mtype193.a(cfs-cooja.o)
                                        0x1ac (size before relaxing)
 .eh_frame      0x000000000002c04c      0x374 build/cooja/mtype193.a(cooja-radio.o)
                                        0x3b4 (size before relaxing)
 .eh_frame      0x000000000002c3c0       0xa8 build/cooja/mtype193.a(eeprom.o)
                                         0xe8 (size before relaxing)
 .eh_frame      0x000000000002c468       0x48 build/cooja/mtype193.a(random.o)
                                         0x74 (size before relaxing)
 .eh_frame      0x000000000002c4b0       0xd0 build/cooja/mtype193.a(sensors.o)
                                        0x110 (size before relaxing)
 .eh_frame      0x000000000002c580      0x140 build/cooja/mtype193.a(leds.o)
                                        0x180 (size before relaxing)
 .eh_frame      0x000000000002c6c0      0x228 build/cooja/mtype193.a(gpio-hal-arch.o)
                                        0x27c (size before relaxing)
 .eh_frame      0x000000000002c8e8       0xa4 build/cooja/mtype193.a(buttons.o)
                                         0xe4 (size before relaxing)
 .eh_frame      0x000000000002c98c       0x6c build/cooja/mtype193.a(res-status.o)
                                         0xac (size before relaxing)
 .eh_frame      0x000000000002c9f8      0x24c build/cooja/mtype193.a(coap-engine.o)
                                        0x28c (size before relaxing)
 .eh_frame      0x000000000002cc44       0x2c build/cooja/mtype193.a(coap-res-well-k)
                                         0x58 (size before relaxing)
 .eh_frame      0x000000000002cc70      0x1b4 build/cooja/mtype193.a(coap-observe.o)
                                        0x1f4 (size before relaxing)
 .eh_frame      0x000000000002ce24      0x278 build/cooja/mtype193.a(coap-uip.o)
                                        0x2b8 (size before relaxing)
 .eh_frame      0x000000000002d09c      0x128 build/cooja/mtype193.a(coap-timer.o)
                                        0x168 (size before relaxing)
 .eh_frame      0x000000000002d1c4      0x110 build/cooja/mtype193.a(coap-transactio)
                                        0x150 (size before relaxing)
 .eh_frame      0x000000000002d2d4      0x72c build/cooja/mtype193.a(coap.o)
                                        0x76c (size before relaxing)
 .eh_frame      0x000000000002da00       0x38 build/cooja/mtype193.a(contiki-main.o)
                                         0x64 (size before relaxing)
 .eh_frame      0x000000000002da38       0x48 build/cooja/mtype193.a(autostart.o)
                                         0x74 (size before relaxing)
 .eh_frame      0x000000000002da80      0x11c build/cooja/mtype193.a(ctimer.o)
                                        0x15c (size before relaxing)
 .eh_frame      0x000000000002db9c      0x144 build/cooja/mtype193.a(log.o)
                                        0x184 (size before relaxing)
 .eh_frame      0x000000000002dce0       0x60 build/cooja/mtype193.a(energest.o)
                                         0x8c (size before relaxing)
 .eh_frame      0x000000000002dd40      0x204 build/cooja/mtype193.a(etimer.o)
                                        0x244 (size before relaxing)
 .eh_frame      0x000000000002df44       0x20 build/cooja/mtype193.a(node-id.o)
                                         0x4c (size before relaxing)
 .eh_frame      0x000000000002df64       0x6c build/cooja/mtype193.a(rtimer.o)
                                         0xc0 (size before relaxing)
 .eh_frame      0x000000000002dfd0      0x1ec build/cooja/mtype193.a(process.o)
                                        0x22c (size before relaxing)
 .eh_frame      0x000000000002e1bc       0xb4 build/cooja/mtype193.a(timer.o)
                                         0xe0 (size before relaxing)
 .eh_frame      0x000000000002e270      0x1a0 build/cooja/mtype193.a(list.o)
                                        0x1cc (size before relaxing)
 .eh_frame      0x000000000002e410       0xa4 build/cooja/mtype193.a(memb.o)
                                         0xe4 (size before relaxing)
 .eh_frame      0x000000000002e4b4      0x188 build/cooja/mtype193.a(button-hal.o)
                                        0x1c8 (size before relaxing)
 .eh_frame      0x000000000002e63c       0x6c build/cooja/mtype193.a(serial-line.o)
                                         0x98 (size before relaxing)
 .eh_frame      0x000000000002e6a8       0xfc build/cooja/mtype193.a(gpio-hal.o)
                                        0x13c (size before relaxing)
 .eh_frame      0x000000000002e7a4      0x1c0 build/cooja/mtype193.a(queuebuf.o)
                                        0x200 (size before relaxing)
 .eh_frame      0x000000000002e964      0x2b0 build/cooja/mtype193.a(packetbuf.o)
                                        0x2f0 (size before relaxing)
 .eh_frame      0x000000000002ec14       0x90 build/cooja/mtype193.a(netstack.o)
                                         0xd0 (size before relaxing)
 .eh_frame      0x000000000002eca4       0x64 build/cooja/mtype193.a(linkaddr.o)
                                         0x90 (size before relaxing)
 .eh_frame      0x000000000002ed08       0x48 build/cooja/mtype193.a(printf.o)
                                         0x74 (size before relaxing)
 .eh_frame      0x000000000002ed50       0x48 build/cooja/mtype193.a(sprintf.o)
                                         0x74 (size before relaxing)
 .eh_frame      0x000000000002ed98       0x68 build/cooja/mtype193.a(snprintf.o)
                                         0x94 (size before relaxing)
 .eh_frame      0x000000000002ee00       0x24 build/cooja/mtype193.a(putchar.o)
                                         0x50 (size before relaxing)
 .eh_frame      0x000000000002ee24       0xf0 build/cooja/mtype193.a(csma.o)
                                        0x130 (size before relaxing)
 .eh_frame      0x000000000002ef14      0x1f8 build/cooja/mtype193.a(csma-output.o)
                                        0x238 (size before relaxing)
 .eh_frame      0x000000000002f10c      0x364 build/cooja/mtype193.a(uip-ds6.o)
                                        0x3a4 (size before relaxing)
 .eh_frame      0x000000000002f470       0x44 build/cooja/mtype193.a(uip-udp-packet.)
                                         0x84 (size before relaxing)
 .eh_frame      0x000000000002f4b4      0x260 build/cooja/mtype193.a(uip-ds6-route.o)
                                        0x2a0 (size before relaxing)
 .eh_frame      0x000000000002f714      0x270 build/cooja/mtype193.a(tcpip.o)
                                        0x2b0 (size before relaxing)
 .eh_frame      0x000000000002f984      0x20c build/cooja/mtype193.a(uip6.o)
                                        0x24c (size before relaxing)
 .eh_frame      0x000000000002fb90      0x1e8 build/cooja/mtype193.a(uip-ds6-nbr.o)
                                        0x228 (size before relaxing)
 .eh_frame      0x000000000002fd78       0x8c build/cooja/mtype193.a(uip-nd6.o)
                                         0xe0 (size before relaxing)
 .eh_frame      0x000000000002fe04      0x354 build/cooja/mtype193.a(sicslowpan.o)
                                        0x3a8 (size before relaxing)
 .eh_frame      0x0000000000030158       0x9c build/cooja/mtype193.a(uiplib.o)
                                         0xdc (size before relaxing)
 .eh_frame      0x00000000000301f4      0x1fc build/cooja/mtype193.a(rpl.o)
                                        0x23c (size before relaxing)
 .eh_frame      0x00000000000303f0      0x1f0 build/cooja/mtype193.a(rpl-icmp6.o)
                                        0x230 (size before relaxing)
 .eh_frame      0x00000000000305e0       0xb0 build/cooja/mtype193.a(rpl-dag-root.o)
                                         0xf0 (size before relaxing)
 .eh_frame      0x0000000000030690       0xa4 build/cooja/mtype193.a(watchdog.o)
                                         0xd0 (size before relaxing)
 .eh_frame      0x0000000000030734       0x80 build/cooja/mtype193.a(int-master.o)
                                         0xac (size before relaxing)
 .eh_frame      0x00000000000307b4       0xc4 build/cooja/mtype193.a(coap-timer-defa)
                                        0x104 (size before relaxing)
 .eh_frame      0x0000000000030878       0xd8 build/cooja/mtype193.a(stimer.o)
                                        0x104 (size before relaxing)
 .eh_frame      0x0000000000030950       0xa0 build/cooja/mtype193.a(ringbuf.o)
                                         0xcc (size before relaxing)
 .eh_frame      0x00000000000309f0       0x24 build/cooja/mtype193.a(assert.o)
                                         0x50 (size before relaxing)
 .eh_frame      0x0000000000030a14      0x428 build/cooja/mtype193.a(nbr-table.o)
                                        0x468 (size before relaxing)
 .eh_frame      0x0000000000030e3c      0x140 build/cooja/mtype193.a(link-stats.o)
                                        0x180 (size before relaxing)
 .eh_frame      0x0000000000030f7c       0x50 build/cooja/mtype193.a(mac-sequence.o)
                                         0x7c (size before relaxing)
 .eh_frame      0x0000000000030fcc       0x20 build/cooja/mtype193.a(mac.o)
                                         0x4c (size before relaxing)
 .eh_frame      0x0000000000030fec       0xb4 build/cooja/mtype193.a(framer-802154.o)
                                         0xf4 (size before relaxing)
 .eh_frame      0x00000000000310a0      0x1b0 build/cooja/mtype193.a(frame802154.o)
                                        0x1f0 (size before relaxing)
 .eh_frame      0x0000000000031250      0x15c build/cooja/mtype193.a(strformat.o)
                                        0x1b0 (size before relaxing)
 .eh_frame      0x00000000000313ac       0x44 build/cooja/mtype193.a(csma-security.o)
                                         0x84 (size before relaxing)
 .eh_frame      0x00000000000313f0      0x204 build/cooja/mtype193.a(uipbuf.o)
                                        0x230 (size before relaxing)
 .eh_frame      0x00000000000315f4      0x170 build/cooja/mtype193.a(uip-icmp6.o)
                                        0x1b0 (size before relaxing)
 .eh_frame      0x0000000000031764      0x1ac build/cooja/mtype193.a(uip-sr.o)
                                        0x1ec (size before relaxing)
 .eh_frame      0x0000000000031910       0xec build/cooja/mtype193.a(uip-packetqueue)
                                        0x12c (size before relaxing)
 .eh_frame      0x00000000000319fc       0x48 build/cooja/mtype193.a(rpl-nbr-policy.)
                                         0x88 (size before relaxing)
 .eh_frame      0x0000000000031a44      0x2ec build/cooja/mtype193.a(rpl-neighbor.o)
                                        0x340 (size before relaxing)
 .eh_frame      0x0000000000031d30      0x3c0 build/cooja/mtype193.a(rpl-dag.o)
                                        0x414 (size before relaxing)
 .eh_frame      0x00000000000320f0      0x418 build/cooja/mtype193.a(rpl-timers.o)
                                        0x458 (size before relaxing)
 .eh_frame      0x0000000000032508      0x144 build/cooja/mtype193.a(rpl-ext-header.)
                                        0x184 (size before relaxing)
 .eh_frame      0x000000000003264c      0x150 build/cooja/mtype193.a(rpl-mrhof.o)
                                        0x190 (size before relaxing)
 .eh_frame      0x000000000003279c       0x84 /usr/lib/gcc/i686-linux-gnu/7/libgcc.a(_udivdi3.o)
                                         0x9c (size before relaxing)
 .eh_frame      0x0000000000032820       0x58 /usr/lib/gcc/i686-linux-gnu/7/libgcc.a(_umoddi3.o)
                                         0x70 (size before relaxing)
 .eh_frame      0x0000000000032878       0x1c /usr/lib/i386-linux-gnu/libc_nonshared.a(stack_chk_fail_local.oS)
                                         0x48 (size before relaxing)
 .eh_frame      0x0000000000032894        0x4 /usr/lib/gcc/i686-linux-gnu/7/crtendS.o
 *(.eh_frame.*)

.gcc_except_table
 *(.gcc_except_table .gcc_except_table.*)

.gnu_extab
 *(.gnu_extab*)

.exception_ranges
 *(.exception_ranges .exception_ranges*)
                0x0000000000033bf8                . = DATA_SEGMENT_ALIGN (CONSTANT (MAXPAGESIZE), CONSTANT (COMMONPAGESIZE))

.eh_frame
 *(.eh_frame)
 *(.eh_frame.*)

.gnu_extab
 *(.gnu_extab)

.gcc_except_table
 *(.gcc_except_table .gcc_except_table.*)

.exception_ranges
 *(.exception_ranges .exception_ranges*)

.tdata
 *(.tdata .tdata.* .gnu.linkonce.td.*)

.tbss
 *(.tbss .tbss.* .gnu.linkonce.tb.*)
 *(.tcommon)

.preinit_array
 *(.preinit_array)

.init_array     0x0000000000033bf8        0x4
 *(SORT_BY_INIT_PRIORITY(.init_array.*) SORT_BY_INIT_PRIORITY(.ctors.*))
 *(.init_array EXCLUDE_FILE(*crtend?.o *crtend.o *crtbegin?.o *crtbegin.o) .ctors)
 .init_array    0x0000000000033bf8        0x4 /usr/lib/gcc/i686-linux-gnu/7/crtbeginS.o

.fini_array     0x0000000000033bfc        0x4
 *(SORT_BY_INIT_PRIORITY(.fini_array.*) SORT_BY_INIT_PRIORITY(.dtors.*))
 *(.fini_array EXCLUDE_FILE(*crtend?.o *crtend.o *crtbegin?.o *crtbegin.o) .dtors)
 .fini_array    0x0000000000033bfc        0x4 /usr/lib/gcc/i686-linux-gnu/7/crtbeginS.o

.ctors
 *crtbegin.o(.ctors)
 *crtbegin?.o(.ctors)
 *(EXCLUDE_FILE(*crtend?.o *crtend.o) .ctors)
 *(SORT_BY_NAME(.ctors.*))
 *(.ctors)

.dtors
 *crtbegin.o(.dtors)
 *crtbegin?.o(.dtors)
 *(EXCLUDE_FILE(*crtend?.o *crtend.o) .dtors)
 *(SORT_BY_NAME(.dtors.*))
 *(.dtors)

.jcr
 *(.jcr)

.data.rel.ro    0x0000000000033c00      0x198
 *(.data.rel.ro.local* .gnu.linkonce.d.rel.ro.local.*)
 .data.rel.ro.local
                0x0000000000033c00        0x8 observing.o
                0x0000000000033c00                autostart_processes
 .data.rel.ro.local
                0x0000000000033c08        0x8 build/cooja/mtype193.a(beep.o)
                0x0000000000033c08                beep_interface
 .data.rel.ro.local
                0x0000000000033c10        0x8 build/cooja/mtype193.a(leds-arch.o)
                0x0000000000033c10                leds_interface
 .data.rel.ro.local
                0x0000000000033c18        0x8 build/cooja/mtype193.a(moteid.o)
                0x0000000000033c18                moteid_interface
 .data.rel.ro.local
                0x0000000000033c20       0x18 build/cooja/mtype193.a(pir-sensor.o)
                0x0000000000033c20                pir_interface
                0x0000000000033c28                pir_sensor
 .data.rel.ro.local
                0x0000000000033c38        0x8 build/cooja/mtype193.a(rs232.o)
                0x0000000000033c38                rs232_interface
 .data.rel.ro.local
                0x0000000000033c40       0x18 build/cooja/mtype193.a(vib-sensor.o)
                0x0000000000033c40                vib_interface
                0x0000000000033c48                vib_sensor
 .data.rel.ro.local
                0x0000000000033c58        0x8 build/cooja/mtype193.a(clock.o)
                0x0000000000033c58                clock_interface
 .data.rel.ro.local
                0x0000000000033c60        0x8 build/cooja/mtype193.a(cooja-log.o)
                0x0000000000033c60                simlog_interface
 .data.rel.ro.local
                0x0000000000033c68        0x8 build/cooja/mtype193.a(cfs-cooja.o)
                0x0000000000033c68                cfs_interface
 *fill*         0x0000000000033c70       0x10 
 .data.rel.ro.local
                0x0000000000033c80       0x58 build/cooja/mtype193.a(cooja-radio.o)
                0x0000000000033c80                radio_interface
                0x0000000000033ca0                cooja_radio_driver
 .data.rel.ro.local
                0x0000000000033cd8        0x8 build/cooja/mtype193.a(eeprom.o)
                0x0000000000033cd8                eeprom_interface
 .data.rel.ro.local
                0x0000000000033ce0       0x18 build/cooja/mtype193.a(buttons.o)
                0x0000000000033ce0                button_interface
                0x0000000000033ce8                button_sensor
 .data.rel.ro.local
                0x0000000000033cf8       0x1c build/cooja/mtype193.a(csma.o)
                0x0000000000033cf8                csma_driver
 .data.rel.ro.local
                0x0000000000033d14       0x10 build/cooja/mtype193.a(sicslowpan.o)
                0x0000000000033d14                sicslowpan_driver
 .data.rel.ro.local
                0x0000000000033d24        0xc build/cooja/mtype193.a(coap-timer-defa)
                0x0000000000033d24                coap_timer_default_driver
 .data.rel.ro.local
                0x0000000000033d30        0xc build/cooja/mtype193.a(framer-802154.o)
                0x0000000000033d30                framer_802154
 *(.data.rel.ro .data.rel.ro.* .gnu.linkonce.d.rel.ro.*)
 .data.rel.ro   0x0000000000033d3c        0x0 /usr/lib/gcc/i686-linux-gnu/7/../../../i386-linux-gnu/crti.o
 *fill*         0x0000000000033d3c        0x4 
 .data.rel.ro   0x0000000000033d40       0x54 build/cooja/mtype193.a(rpl.o)
                0x0000000000033d40                rpl_lite_driver
 .data.rel.ro   0x0000000000033d94        0x4 build/cooja/mtype193.a(rpl-dag.o)

.dynamic        0x0000000000033d98       0xf0
 *(.dynamic)
 .dynamic       0x0000000000033d98       0xf0 /usr/lib/gcc/i686-linux-gnu/7/../../../i386-linux-gnu/crti.o
                0x0000000000033d98                _DYNAMIC

.got            0x0000000000033e88      0x164
 *(.got)
 .got           0x0000000000033e88      0x164 /usr/lib/gcc/i686-linux-gnu/7/../../../i386-linux-gnu/crti.o
 *(.igot)
                0x0000000000033ff4                . = DATA_SEGMENT_RELRO_END (., (SIZEOF (.got.plt) >= 0xc)?0xc:0x0)

.got.plt        0x0000000000034000      0x560
 *(.got.plt)
 .got.plt       0x0000000000034000      0x560 /usr/lib/gcc/i686-linux-gnu/7/../../../i386-linux-gnu/crti.o
                0x0000000000034000                _GLOBAL_OFFSET_TABLE_
 *(.igot.plt)

.data           0x0000000000034560      0x424
 *(.data .data.* .gnu.linkonce.d.*)
 .data          0x0000000000034560        0x0 /usr/lib/gcc/i686-linux-gnu/7/../../../i386-linux-gnu/crti.o
 .data          0x0000000000034560        0x0 /usr/lib/gcc/i686-linux-gnu/7/crtbeginS.o
 .data.rel.local
                0x0000000000034560        0x4 /usr/lib/gcc/i686-linux-gnu/7/crtbeginS.o
                0x0000000000034560                __dso_handle
 .data          0x0000000000034564        0x0 observing.o
 .data.rel.local
                0x0000000000034564       0x10 observing.o
                0x0000000000034564                er_example_server
 .data          0x0000000000034574        0x0 build/cooja/mtype193.o
 *fill*         0x0000000000034574        0xc 
 .data.rel      0x0000000000034580       0x44 build/cooja/mtype193.o
                0x0000000000034580                simInterfaces
                0x00000000000345b4                sensors
 .data          0x00000000000345c4        0x0 build/cooja/mtype193.a(simEnvChange.o)
 .data          0x00000000000345c4        0x0 build/cooja/mtype193.a(cooja_mt.o)
 .data          0x00000000000345c4        0x0 build/cooja/mtype193.a(cooja_mtarch.o)
 .data          0x00000000000345c4        0x0 build/cooja/mtype193.a(rtimer-arch.o)
 .data          0x00000000000345c4        0x0 build/cooja/mtype193.a(beep.o)
 .data          0x00000000000345c4        0x0 build/cooja/mtype193.a(leds-arch.o)
 .data          0x00000000000345c4        0x0 build/cooja/mtype193.a(moteid.o)
 .data          0x00000000000345c4        0x0 build/cooja/mtype193.a(pir-sensor.o)
 .data          0x00000000000345c4        0x0 build/cooja/mtype193.a(rs232.o)
 .data          0x00000000000345c4        0x0 build/cooja/mtype193.a(vib-sensor.o)
 .data          0x00000000000345c4        0x0 build/cooja/mtype193.a(clock.o)
 .data          0x00000000000345c4        0x0 build/cooja/mtype193.a(cooja-log.o)
 .data          0x00000000000345c4        0x0 build/cooja/mtype193.a(cfs-cooja.o)
 .data          0x00000000000345c4       0x20 build/cooja/mtype193.a(cooja-radio.o)
                0x00000000000345c4                simRadioHWOn
                0x00000000000345c8                simSignalStrength
                0x00000000000345cc                simLastSignalStrength
                0x00000000000345d0                simPower
                0x00000000000345d4                simRadioChannel
                0x00000000000345d8                simLQI
                0x00000000000345dc                simLastLQI
 .data.rel.local
                0x00000000000345e4       0x10 build/cooja/mtype193.a(cooja-radio.o)
                0x00000000000345e4                cooja_radio_process
 .data          0x00000000000345f4        0x0 build/cooja/mtype193.a(eeprom.o)
 .data          0x00000000000345f4        0x0 build/cooja/mtype193.a(random.o)
 .data          0x00000000000345f4        0x0 build/cooja/mtype193.a(sensors.o)
 .data.rel.local
                0x00000000000345f4       0x10 build/cooja/mtype193.a(sensors.o)
                0x00000000000345f4                sensors_process
 .data          0x0000000000034604        0x0 build/cooja/mtype193.a(leds.o)
 .data          0x0000000000034604        0x0 build/cooja/mtype193.a(gpio-hal-arch.o)
 .data          0x0000000000034604        0x1 build/cooja/mtype193.a(buttons.o)
                0x0000000000034604                simButtonIsActive
 *fill*         0x0000000000034605       0x1b 
 .data.rel.local
                0x0000000000034620       0x58 build/cooja/mtype193.a(buttons.o)
                0x0000000000034670                button_hal_buttons
 .data          0x0000000000034678        0x0 build/cooja/mtype193.a(res-status.o)
 *fill*         0x0000000000034678        0x8 
 .data.rel.local
                0x0000000000034680       0x24 build/cooja/mtype193.a(res-status.o)
                0x0000000000034680                res_obs
 .data          0x00000000000346a4        0x0 build/cooja/mtype193.a(coap-engine.o)
 .data.rel.local
                0x00000000000346a4        0x8 build/cooja/mtype193.a(coap-engine.o)
 .data          0x00000000000346ac        0x0 build/cooja/mtype193.a(coap-res-well-k)
 *fill*         0x00000000000346ac       0x14 
 .data.rel.local
                0x00000000000346c0       0x24 build/cooja/mtype193.a(coap-res-well-k)
                0x00000000000346c0                res_well_known_core
 .data          0x00000000000346e4        0x0 build/cooja/mtype193.a(coap-observe.o)
 .data.rel.local
                0x00000000000346e4       0x10 build/cooja/mtype193.a(coap-observe.o)
 .data          0x00000000000346f4        0x0 build/cooja/mtype193.a(coap-uip.o)
 .data.rel.local
                0x00000000000346f4       0x10 build/cooja/mtype193.a(coap-uip.o)
                0x00000000000346f4                coap_engine
 .data          0x0000000000034704        0x0 build/cooja/mtype193.a(coap-timer.o)
 .data.rel.local
                0x0000000000034704        0x4 build/cooja/mtype193.a(coap-timer.o)
 .data          0x0000000000034708        0x0 build/cooja/mtype193.a(coap-transactio)
 .data.rel.local
                0x0000000000034708       0x10 build/cooja/mtype193.a(coap-transactio)
 .data          0x0000000000034718        0x0 build/cooja/mtype193.a(coap.o)
 .data.rel.local
                0x0000000000034718        0x4 build/cooja/mtype193.a(coap.o)
                0x0000000000034718                coap_error_message
 .data          0x000000000003471c        0x0 build/cooja/mtype193.a(contiki-main.o)
 .data          0x000000000003471c        0x0 build/cooja/mtype193.a(autostart.o)
 .data          0x000000000003471c        0x0 build/cooja/mtype193.a(ctimer.o)
 .data.rel.local
                0x000000000003471c       0x14 build/cooja/mtype193.a(ctimer.o)
                0x0000000000034720                ctimer_process
 .data          0x0000000000034730        0x4 build/cooja/mtype193.a(log.o)
                0x0000000000034730                curr_log_level_main
 *fill*         0x0000000000034734        0xc 
 .data.rel.local
                0x0000000000034740       0x9c build/cooja/mtype193.a(log.o)
                0x0000000000034740                all_modules
 .data          0x00000000000347dc        0x0 build/cooja/mtype193.a(energest.o)
 .data          0x00000000000347dc        0x0 build/cooja/mtype193.a(etimer.o)
 .data.rel.local
                0x00000000000347dc       0x10 build/cooja/mtype193.a(etimer.o)
                0x00000000000347dc                etimer_process
 .data          0x00000000000347ec        0x0 build/cooja/mtype193.a(node-id.o)
 .data          0x00000000000347ec        0x0 build/cooja/mtype193.a(rtimer.o)
 .data          0x00000000000347ec        0x0 build/cooja/mtype193.a(process.o)
 .data          0x00000000000347ec        0x0 build/cooja/mtype193.a(timer.o)
 .data          0x00000000000347ec        0x0 build/cooja/mtype193.a(list.o)
 .data          0x00000000000347ec        0x0 build/cooja/mtype193.a(memb.o)
 .data          0x00000000000347ec        0x0 build/cooja/mtype193.a(button-hal.o)
 .data.rel.local
                0x00000000000347ec       0x10 build/cooja/mtype193.a(button-hal.o)
                0x00000000000347ec                button_hal_process
 .data          0x00000000000347fc        0x0 build/cooja/mtype193.a(serial-line.o)
 .data.rel.local
                0x00000000000347fc       0x10 build/cooja/mtype193.a(serial-line.o)
                0x00000000000347fc                serial_line_process
 .data          0x000000000003480c        0x0 build/cooja/mtype193.a(gpio-hal.o)
 .data.rel.local
                0x000000000003480c        0x4 build/cooja/mtype193.a(gpio-hal.o)
 .data          0x0000000000034810        0x0 build/cooja/mtype193.a(queuebuf.o)
 .data.rel.local
                0x0000000000034810       0x18 build/cooja/mtype193.a(queuebuf.o)
 .data          0x0000000000034828        0x0 build/cooja/mtype193.a(packetbuf.o)
 .data.rel.local
                0x0000000000034828        0x4 build/cooja/mtype193.a(packetbuf.o)
 .data          0x000000000003482c        0x0 build/cooja/mtype193.a(netstack.o)
 .data.rel.local
                0x000000000003482c        0x4 build/cooja/mtype193.a(netstack.o)
 .data          0x0000000000034830        0x0 build/cooja/mtype193.a(linkaddr.o)
 .data          0x0000000000034830        0x0 build/cooja/mtype193.a(printf.o)
 .data.rel.local
                0x0000000000034830        0x8 build/cooja/mtype193.a(printf.o)
 .data          0x0000000000034838        0x0 build/cooja/mtype193.a(sprintf.o)
 .data          0x0000000000034838        0x0 build/cooja/mtype193.a(snprintf.o)
 .data          0x0000000000034838        0x0 build/cooja/mtype193.a(putchar.o)
 .data          0x0000000000034838        0x0 build/cooja/mtype193.a(csma.o)
 .data          0x0000000000034838        0x0 build/cooja/mtype193.a(csma-output.o)
 .data.rel.local
                0x0000000000034838       0x28 build/cooja/mtype193.a(csma-output.o)
 .data          0x0000000000034860        0x0 build/cooja/mtype193.a(uip-ds6.o)
 .data          0x0000000000034860        0x0 build/cooja/mtype193.a(uip-udp-packet.)
 .data          0x0000000000034860        0x0 build/cooja/mtype193.a(uip-ds6-route.o)
 .data.rel.local
                0x0000000000034860       0x10 build/cooja/mtype193.a(uip-ds6-route.o)
 .data          0x0000000000034870        0x0 build/cooja/mtype193.a(tcpip.o)
 .data.rel.local
                0x0000000000034870       0x10 build/cooja/mtype193.a(tcpip.o)
                0x0000000000034870                tcpip_process
 .data          0x0000000000034880        0x0 build/cooja/mtype193.a(uip6.o)
 .data          0x0000000000034880        0x0 build/cooja/mtype193.a(uip-ds6-nbr.o)
 .data.rel.local
                0x0000000000034880       0x14 build/cooja/mtype193.a(uip-ds6-nbr.o)
 .data          0x0000000000034894        0x0 build/cooja/mtype193.a(uip-nd6.o)
 .data.rel.local
                0x0000000000034894        0xc build/cooja/mtype193.a(uip-nd6.o)
 .data          0x00000000000348a0        0x0 build/cooja/mtype193.a(sicslowpan.o)
 .data          0x00000000000348a0        0x0 build/cooja/mtype193.a(uiplib.o)
 .data          0x00000000000348a0        0x0 build/cooja/mtype193.a(rpl.o)
 .data          0x00000000000348a0        0x0 build/cooja/mtype193.a(rpl-icmp6.o)
 .data.rel.local
                0x00000000000348a0       0x30 build/cooja/mtype193.a(rpl-icmp6.o)
 .data          0x00000000000348d0        0x0 build/cooja/mtype193.a(rpl-dag-root.o)
 .data          0x00000000000348d0        0x0 build/cooja/mtype193.a(watchdog.o)
 .data          0x00000000000348d0        0x0 build/cooja/mtype193.a(int-master.o)
 .data          0x00000000000348d0        0x0 build/cooja/mtype193.a(coap-timer-defa)
 .data.rel.local
                0x00000000000348d0       0x10 build/cooja/mtype193.a(coap-timer-defa)
                0x00000000000348d0                coap_timer_process
 .data          0x00000000000348e0        0x0 build/cooja/mtype193.a(stimer.o)
 .data          0x00000000000348e0        0x0 build/cooja/mtype193.a(ringbuf.o)
 .data          0x00000000000348e0        0x0 build/cooja/mtype193.a(assert.o)
 .data          0x00000000000348e0        0x0 build/cooja/mtype193.a(nbr-table.o)
 .data.rel.local
                0x00000000000348e0       0x10 build/cooja/mtype193.a(nbr-table.o)
 .data          0x00000000000348f0        0x0 build/cooja/mtype193.a(link-stats.o)
 .data.rel.local
                0x00000000000348f0       0x14 build/cooja/mtype193.a(link-stats.o)
 .data          0x0000000000034904        0x0 build/cooja/mtype193.a(mac-sequence.o)
 .data          0x0000000000034904        0x0 build/cooja/mtype193.a(mac.o)
 .data          0x0000000000034904        0x0 build/cooja/mtype193.a(framer-802154.o)
 .data          0x0000000000034904        0x2 build/cooja/mtype193.a(frame802154.o)
 .data          0x0000000000034906        0x0 build/cooja/mtype193.a(strformat.o)
 .data          0x0000000000034906        0x0 build/cooja/mtype193.a(csma-security.o)
 .data          0x0000000000034906        0x0 build/cooja/mtype193.a(uipbuf.o)
 .data          0x0000000000034906        0x0 build/cooja/mtype193.a(uip-icmp6.o)
 *fill*         0x0000000000034906        0x2 
 .data.rel.local
                0x0000000000034908       0x20 build/cooja/mtype193.a(uip-icmp6.o)
 .data          0x0000000000034928        0x0 build/cooja/mtype193.a(uip-sr.o)
 .data.rel.local
                0x0000000000034928       0x10 build/cooja/mtype193.a(uip-sr.o)
 .data          0x0000000000034938        0x0 build/cooja/mtype193.a(uip-packetqueue)
 .data.rel.local
                0x0000000000034938        0xc build/cooja/mtype193.a(uip-packetqueue)
 .data          0x0000000000034944        0x0 build/cooja/mtype193.a(rpl-nbr-policy.)
 .data          0x0000000000034944        0x0 build/cooja/mtype193.a(rpl-neighbor.o)
 .data.rel.local
                0x0000000000034944       0x14 build/cooja/mtype193.a(rpl-neighbor.o)
                0x0000000000034954                rpl_neighbors
 .data          0x0000000000034958        0x0 build/cooja/mtype193.a(rpl-dag.o)
 .data          0x0000000000034958        0x0 build/cooja/mtype193.a(rpl-timers.o)
 .data          0x0000000000034958        0x0 build/cooja/mtype193.a(rpl-ext-header.)
 .data          0x0000000000034958        0x0 build/cooja/mtype193.a(rpl-mrhof.o)
 *fill*         0x0000000000034958        0x8 
 .data.rel.local
                0x0000000000034960       0x24 build/cooja/mtype193.a(rpl-mrhof.o)
                0x0000000000034960                rpl_mrhof
 .data          0x0000000000034984        0x0 /usr/lib/gcc/i686-linux-gnu/7/libgcc.a(_udivdi3.o)
 .data          0x0000000000034984        0x0 /usr/lib/gcc/i686-linux-gnu/7/libgcc.a(_umoddi3.o)
 .data          0x0000000000034984        0x0 /usr/lib/i386-linux-gnu/libc_nonshared.a(stack_chk_fail_local.oS)
 .data          0x0000000000034984        0x0 /usr/lib/gcc/i686-linux-gnu/7/crtendS.o
 .data          0x0000000000034984        0x0 /usr/lib/gcc/i686-linux-gnu/7/../../../i386-linux-gnu/crtn.o

.tm_clone_table
                0x0000000000034984        0x0
 .tm_clone_table
                0x0000000000034984        0x0 /usr/lib/gcc/i686-linux-gnu/7/crtbeginS.o
 .tm_clone_table