Archive member included to satisfy reference by file (symbol)

build/cooja/mtype353.a(simEnvChange.o)
                              build/cooja/mtype353.o (simDontFallAsleep)
build/cooja/mtype353.a(cooja_mt.o)
                              build/cooja/mtype353.o (cooja_mt_start)
build/cooja/mtype353.a(cooja_mtarch.o)
                              build/cooja/mtype353.a(cooja_mt.o) (cooja_mtarch_start)
build/cooja/mtype353.a(rtimer-arch.o)
                              build/cooja/mtype353.o (rtimer_arch_check)
build/cooja/mtype353.a(beep.o)
                              build/cooja/mtype353.o (beep_interface)
build/cooja/mtype353.a(leds-arch.o)
                              build/cooja/mtype353.o (leds_interface)
build/cooja/mtype353.a(moteid.o)
                              build/cooja/mtype353.o (moteid_interface)
build/cooja/mtype353.a(pir-sensor.o)
                              build/cooja/mtype353.o (pir_interface)
build/cooja/mtype353.a(rs232.o)
                              build/cooja/mtype353.o (rs232_interface)
build/cooja/mtype353.a(vib-sensor.o)
                              build/cooja/mtype353.o (vib_interface)
build/cooja/mtype353.a(clock.o)
                              build/cooja/mtype353.o (clock_interface)
build/cooja/mtype353.a(cooja-log.o)
                              build/cooja/mtype353.o (simlog_interface)
build/cooja/mtype353.a(cfs-cooja.o)
                              build/cooja/mtype353.o (cfs_interface)
build/cooja/mtype353.a(cooja-radio.o)
                              build/cooja/mtype353.o (radio_interface)
build/cooja/mtype353.a(eeprom.o)
                              build/cooja/mtype353.o (eeprom_interface)
build/cooja/mtype353.a(random.o)
                              build/cooja/mtype353.a(moteid.o) (random_init)
build/cooja/mtype353.a(sensors.o)
                              build/cooja/mtype353.a(pir-sensor.o) (sensors_changed)
build/cooja/mtype353.a(leds.o)
                              build/cooja/mtype353.a(leds-arch.o) (leds_get)
build/cooja/mtype353.a(gpio-hal-arch.o)
                              build/cooja/mtype353.a(leds-arch.o) (gpio_hal_arch_register_pin_callback)
build/cooja/mtype353.a(buttons.o)
                              build/cooja/mtype353.o (button_interface)
build/cooja/mtype353.a(res-status.o)
                              observing.o (res_obs)
build/cooja/mtype353.a(coap-engine.o)
                              observing.o (coap_activate_resource)
build/cooja/mtype353.a(coap-res-well-k)
                              build/cooja/mtype353.a(coap-engine.o) (res_well_known_core)
build/cooja/mtype353.a(coap-observe.o)
                              build/cooja/mtype353.a(coap-engine.o) (coap_remove_observer_by_mid)
build/cooja/mtype353.a(coap-uip.o)
                              build/cooja/mtype353.a(coap-observe.o) (coap_endpoint_copy)
build/cooja/mtype353.a(coap-timer.o)
                              build/cooja/mtype353.a(coap-engine.o) (coap_timer_set)
build/cooja/mtype353.a(coap-transactio)
                              build/cooja/mtype353.a(coap-engine.o) (coap_send_transaction)
build/cooja/mtype353.a(coap.o)
                              build/cooja/mtype353.a(coap-engine.o) (coap_status_code)
build/cooja/mtype353.a(contiki-main.o)
                              build/cooja/mtype353.o (main)
build/cooja/mtype353.a(autostart.o)
                              build/cooja/mtype353.a(contiki-main.o) (autostart_start)
build/cooja/mtype353.a(ctimer.o)
                              build/cooja/mtype353.a(contiki-main.o) (ctimer_init)
build/cooja/mtype353.a(log.o)
                              build/cooja/mtype353.a(contiki-main.o) (curr_log_level_main)
build/cooja/mtype353.a(energest.o)
                              build/cooja/mtype353.a(contiki-main.o) (energest_init)
build/cooja/mtype353.a(etimer.o)
                              build/cooja/mtype353.a(contiki-main.o) (etimer_process)
build/cooja/mtype353.a(node-id.o)
                              build/cooja/mtype353.a(contiki-main.o) (node_id)
build/cooja/mtype353.a(rtimer.o)
                              build/cooja/mtype353.a(contiki-main.o) (rtimer_init)
build/cooja/mtype353.a(process.o)
                              observing.o (process_current)
build/cooja/mtype353.a(timer.o)
                              build/cooja/mtype353.a(etimer.o) (timer_set)
build/cooja/mtype353.a(list.o)
                              build/cooja/mtype353.a(coap-engine.o) (list_init)
build/cooja/mtype353.a(memb.o)
                              build/cooja/mtype353.a(coap-observe.o) (memb_alloc)
build/cooja/mtype353.a(button-hal.o)
                              build/cooja/mtype353.o (button_hal_init)
build/cooja/mtype353.a(serial-line.o)
                              observing.o (serial_line_event_message)
build/cooja/mtype353.a(gpio-hal.o)
                              build/cooja/mtype353.a(button-hal.o) (gpio_hal_register_handler)
build/cooja/mtype353.a(queuebuf.o)
[...]
Memory Configuration

Name             Origin             Length             Attributes
*default*        0x0000000000000000 0xffffffffffffffff

Linker script and memory map

LOAD /usr/lib/gcc/i686-linux-gnu/7/../../../i386-linux-gnu/crti.o
LOAD /usr/lib/gcc/i686-linux-gnu/7/crtbeginS.o
LOAD observing.o
LOAD build/cooja/mtype353.o
LOAD build/cooja/mtype353.a
LOAD /usr/lib/gcc/i686-linux-gnu/7/libgcc.a
LOAD /usr/lib/gcc/i686-linux-gnu/7/libgcc_s.so
START GROUP
LOAD /usr/lib/gcc/i686-linux-gnu/7/libgcc_s.so.1
LOAD /usr/lib/gcc/i686-linux-gnu/7/libgcc.a
END GROUP
LOAD /usr/lib/gcc/i686-linux-gnu/7/../../../i386-linux-gnu/libc.so
START GROUP
LOAD /lib/i386-linux-gnu/libc.so.6
LOAD /usr/lib/i386-linux-gnu/libc_nonshared.a
LOAD /lib/i386-linux-gnu/ld-linux.so.2
END GROUP
LOAD /usr/lib/gcc/i686-linux-gnu/7/libgcc.a
LOAD /usr/lib/gcc/i686-linux-gnu/7/libgcc_s.so
START GROUP
LOAD /usr/lib/gcc/i686-linux-gnu/7/libgcc_s.so.1
LOAD /usr/lib/gcc/i686-linux-gnu/7/libgcc.a
END GROUP
LOAD /usr/lib/gcc/i686-linux-gnu/7/crtendS.o
LOAD /usr/lib/gcc/i686-linux-gnu/7/../../../i386-linux-gnu/crtn.o
                0x0000000000000114                . = (SEGMENT_START ("text-segment", 0x0) + SIZEOF_HEADERS)

.note.gnu.build-id
                0x0000000000000114       0x24
 *(.note.gnu.build-id)
 .note.gnu.build-id
                0x0000000000000114       0x24 /usr/lib/gcc/i686-linux-gnu/7/../../../i386-linux-gnu/crti.o

.hash
 *(.hash)

.gnu.hash       0x0000000000000138     0x15b4
 *(.gnu.hash)
 .gnu.hash      0x0000000000000138     0x15b4 /usr/lib/gcc/i686-linux-gnu/7/../../../i386-linux-gnu/crti.o

.dynsym         0x00000000000016ec     0x2f20
 *(.dynsym)
 .dynsym        0x00000000000016ec     0x2f20 /usr/lib/gcc/i686-linux-gnu/7/../../../i386-linux-gnu/crti.o

.dynstr         0x000000000000460c     0x36c4
 *(.dynstr)
 .dynstr        0x000000000000460c     0x36c4 /usr/lib/gcc/i686-linux-gnu/7/../../../i386-linux-gnu/crti.o

.gnu.version    0x0000000000007cd0      0x5e4
 *(.gnu.version)
 .gnu.version   0x0000000000007cd0      0x5e4 /usr/lib/gcc/i686-linux-gnu/7/../../../i386-linux-gnu/crti.o

.gnu.version_d  0x00000000000082b4        0x0
 *(.gnu.version_d)
 .gnu.version_d
                0x00000000000082b4        0x0 /usr/lib/gcc/i686-linux-gnu/7/../../../i386-linux-gnu/crti.o

.gnu.version_r  0x00000000000082b4       0x40
 *(.gnu.version_r)
 .gnu.version_r
                0x00000000000082b4       0x40 /usr/lib/gcc/i686-linux-gnu/7/../../../i386-linux-gnu/crti.o

.rel.dyn        0x00000000000082f4      0xf08
 *(.rel.init)
 .rel.init      0x00000000000082f4        0x0 /usr/lib/gcc/i686-linux-gnu/7/../../../i386-linux-gnu/crti.o
 *(.rel.text .rel.text.* .rel.gnu.linkonce.t.*)
 .rel.text      0x00000000000082f4      0x568 /usr/lib/gcc/i686-linux-gnu/7/../../../i386-linux-gnu/crti.o
 *(.rel.fini)
 .rel.fini      0x000000000000885c        0x0 /usr/lib/gcc/i686-linux-gnu/7/../../../i386-linux-gnu/crti.o
 *(.rel.rodata .rel.rodata.* .rel.gnu.linkonce.r.*)
 *(.rel.data.rel.ro .rel.data.rel.ro.* .rel.gnu.linkonce.d.rel.ro.*)
 .rel.data.rel.ro.local
                0x000000000000885c      0x220 /usr/lib/gcc/i686-linux-gnu/7/../../../i386-linux-gnu/crti.o
 .rel.data.rel.ro
                0x0000000000008a7c       0xb0 /usr/lib/gcc/i686-linux-gnu/7/../../../i386-linux-gnu/crti.o
 *(.rel.data .rel.data.* .rel.gnu.linkonce.d.*)
 .rel.data.rel.local
                0x0000000000008b2c      0x380 /usr/lib/gcc/i686-linux-gnu/7/../../../i386-linux-gnu/crti.o
 .rel.data.rel  0x0000000000008eac       0x78 /usr/lib/gcc/i686-linux-gnu/7/../../../i386-linux-gnu/crti.o
 *(.rel.tdata .rel.tdata.* .rel.gnu.linkonce.td.*)
 *(.rel.tbss .rel.tbss.* .rel.gnu.linkonce.tb.*)
 *(.rel.ctors)
 *(.rel.dtors)
 *(.rel.got)
 .rel.got       0x0000000000008f24      0x2c8 /usr/lib/gcc/i686-linux-gnu/7/../../../i386-linux-gnu/crti.o
 *(.rel.bss .rel.bss.* .rel.gnu.linkonce.b.*)
 *(.rel.ifunc)
 .rel.ifunc     0x00000000000091ec        0x0 /usr/lib/gcc/i686-linux-gnu/7/../../../i386-linux-gnu/crti.o
 .rel.fini_array
                0x00000000000091ec        0x8 /usr/lib/gcc/i686-linux-gnu/7/../../../i386-linux-gnu/crti.o
 .rel.init_array
                0x00000000000091f4        0x8 /usr/lib/gcc/i686-linux-gnu/7/../../../i386-linux-gnu/crti.o

.rel.plt        0x00000000000091fc      0xaa8
 *(.rel.plt)
 .rel.plt       0x00000000000091fc      0xaa8 /usr/lib/gcc/i686-linux-gnu/7/../../../i386-linux-gnu/crti.o
 *(.rel.iplt)

.init           0x0000000000009ca4       0x23
 *(SORT_NONE(.init))
 .init          0x0000000000009ca4       0x1e /usr/lib/gcc/i686-linux-gnu/7/../../../i386-linux-gnu/crti.o
                0x0000000000009ca4                _init
 .init          0x0000000000009cc2        0x5 /usr/lib/gcc/i686-linux-gnu/7/../../../i386-linux-gnu/crtn.o

.plt            0x0000000000009cd0     0x1560
 *(.plt)
 .plt           0x0000000000009cd0     0x1560 /usr/lib/gcc/i686-linux-gnu/7/../../../i386-linux-gnu/crti.o
 *(.iplt)

.plt.got        0x000000000000b230       0x18
 *(.plt.got)
 .plt.got       0x000000000000b230       0x18 /usr/lib/gcc/i686-linux-gnu/7/../../../i386-linux-gnu/crti.o

.plt.sec
 *(.plt.sec)

.text           0x000000000000b250    0x1dce4
 *(.text.unlikely .text.*_unlikely .text.unlikely.*)
 *(.text.exit .text.exit.*)
 *(.text.startup .text.startup.*)
 *(.text.hot .text.hot.*)
 *(.text .stub .text.* .gnu.linkonce.t.*)
 .text          0x000000000000b250        0x0 /usr/lib/gcc/i686-linux-gnu/7/../../../i386-linux-gnu/crti.o
 .gnu.linkonce.t.__x86.get_pc_thunk.bx
                0x000000000000b250        0x4 /usr/lib/gcc/i686-linux-gnu/7/../../../i386-linux-gnu/crti.o
                0x000000000000b250                __x86.get_pc_thunk.bx
 *fill*         0x000000000000b254        0xc 
 .text          0x000000000000b260       0xe9 /usr/lib/gcc/i686-linux-gnu/7/crtbeginS.o
 .text.__x86.get_pc_thunk.dx
                0x000000000000b349        0x4 /usr/lib/gcc/i686-linux-gnu/7/crtbeginS.o
                0x000000000000b349                __x86.get_pc_thunk.dx
 .text          0x000000000000b34d      0x267 observing.o
 .text.__x86.get_pc_thunk.ax
                0x000000000000b5b4        0x4 observing.o
                0x000000000000b5b4                __x86.get_pc_thunk.ax
 .text          0x000000000000b5b8      0x369 build/cooja/mtype353.o
                0x000000000000b668                platform_init_stage_one
                0x000000000000b68b                platform_init_stage_two
                0x000000000000b6ae                platform_init_stage_three
                0x000000000000b6d1                platform_main_loop
                0x000000000000b777                Java_org_contikios_cooja_corecomm_Lib4_init
                0x000000000000b7c5                Java_org_contikios_cooja_corecomm_Lib4_getMemory
                0x000000000000b805                Java_org_contikios_cooja_corecomm_Lib4_setMemory
                0x000000000000b876                Java_org_contikios_cooja_corecomm_Lib4_tick
                0x000000000000b900                Java_org_contikios_cooja_corecomm_Lib4_setReferenceAddress
 .text          0x000000000000b921       0x8d build/cooja/mtype353.a(simEnvChange.o)
                0x000000000000b921                doActionsBeforeTick
                0x000000000000b967                doActionsAfterTick
 .text          0x000000000000b9ae       0xb6 build/cooja/mtype353.a(cooja_mt.o)
                0x000000000000b9ae                cooja_mt_start
                0x000000000000b9e8                cooja_mt_exec
                0x000000000000ba2f                cooja_mt_yield
 .text          0x000000000000ba64       0xf2 build/cooja/mtype353.a(cooja_mtarch.o)
                0x000000000000ba64                cooja_mtarch_start
                0x000000000000bae8                cooja_sw
                0x000000000000bb16                cooja_mtarch_exec
                0x000000000000bb41                cooja_mtarch_yield
 .text          0x000000000000bb56      0x127 build/cooja/mtype353.a(rtimer-arch.o)
                0x000000000000bb56                rtimer_arch_init
                0x000000000000bb85                rtimer_arch_schedule
                0x000000000000bbc7                rtimer_arch_next
                0x000000000000bbe1                rtimer_arch_pending
                0x000000000000bbf8                rtimer_arch_check
                0x000000000000bc63                rtimer_arch_now
 .text.__x86.get_pc_thunk.cx
                0x000000000000bc7d        0x4 build/cooja/mtype353.a(rtimer-arch.o)
                0x000000000000bc7d                __x86.get_pc_thunk.cx
 .text          0x000000000000bc81      0x101 build/cooja/mtype353.a(beep.o)
                0x000000000000bc81                beep_alarm
                0x000000000000bc9a                beep_beep
                0x000000000000bcb3                beep
                0x000000000000bccc                beep_down
                0x000000000000bce5                beep_on
                0x000000000000bcfe                beep_off
                0x000000000000bd17                beep_spinup
                0x000000000000bd30                beep_quick
                0x000000000000bd49                beep_long
 .text          0x000000000000bd82       0x9f build/cooja/mtype353.a(leds-arch.o)
                0x000000000000bda6                leds_arch_init
 .text          0x000000000000be21       0x56 build/cooja/mtype353.a(moteid.o)
 .text          0x000000000000be77      0x101 build/cooja/mtype353.a(pir-sensor.o)
 .text          0x000000000000bf78      0x1cc build/cooja/mtype353.a(rs232.o)
                0x000000000000bf78                rs232_init
                0x000000000000bf88                rs232_set_speed
                0x000000000000bfa1                rs232_set_input
                0x000000000000bfba                rs232_send
                0x000000000000bff0                rs232_print
                0x000000000000c01e                slip_arch_writeb
 .text          0x000000000000c144      0x101 build/cooja/mtype353.a(vib-sensor.o)
 .text          0x000000000000c245       0x7a build/cooja/mtype353.a(clock.o)
                0x000000000000c245                clock_init
                0x000000000000c255                clock_time
                0x000000000000c26c                clock_seconds
                0x000000000000c28f                clock_delay
 .text          0x000000000000c2bf      0x230 build/cooja/mtype353.a(cooja-log.o)
                0x000000000000c2bf                simlog_char
                0x000000000000c323                simlog
                0x000000000000c3a5                log_message
                0x000000000000c3f4                log_set_putchar_with_slip
                0x000000000000c40d                dbg_putchar
                0x000000000000c495                dbg_send_bytes
 .text          0x000000000000c4ef      0x36c build/cooja/mtype353.a(cfs-cooja.o)
                0x000000000000c4ef                cfs_open
                0x000000000000c567                cfs_close
                0x000000000000c57e                cfs_read
                0x000000000000c632                cfs_write
                0x000000000000c730                cfs_seek
                0x000000000000c7cd                cfs_remove
                0x000000000000c803                cfs_opendir
                0x000000000000c817                cfs_readdir
                0x000000000000c82b                cfs_closedir
 .text          0x000000000000c85b      0x78b build/cooja/mtype353.a(cooja-radio.o)
                0x000000000000c8c9                radio_set_channel
                0x000000000000c8e2                radio_set_txpower
                0x000000000000c905                radio_signal_strength_last
                0x000000000000c91a                radio_signal_strength_current
                0x000000000000c92f                radio_LQI
 .text          0x000000000000cfe6      0x130 build/cooja/mtype353.a(eeprom.o)
                0x000000000000cfe6                eeprom_init
                0x000000000000cff6                eeprom_read
                0x000000000000d076                eeprom_write
 .text          0x000000000000d116       0x4e build/cooja/mtype353.a(random.o)
                0x000000000000d116                random_init
                0x000000000000d146                random_rand
 .text          0x000000000000d164      0x332 build/cooja/mtype353.a(sensors.o)
                0x000000000000d1ab                sensors_first
                0x000000000000d1c2                sensors_next
                0x000000000000d1ed                sensors_changed
                0x000000000000d23a                sensors_find
 .text          0x000000000000d496      0x3fc build/cooja/mtype353.a(leds.o)
                0x000000000000d496                leds_init
                0x000000000000d4ee                leds_single_on
                0x000000000000d566                leds_single_off
                0x000000000000d5de                leds_single_toggle
                0x000000000000d622                leds_on
                0x000000000000d6ba                leds_off
                0x000000000000d752                leds_toggle
                0x000000000000d7b8                leds_set
                0x000000000000d7ee                leds_get
 .text          0x000000000000d892      0x401 build/cooja/mtype353.a(gpio-hal-arch.o)
                0x000000000000d892                gpio_hal_arch_register_pin_callback
                0x000000000000d913                gpio_hal_arch_init
                0x000000000000d96d                gpio_hal_arch_no_port_interrupt_enable
                0x000000000000d9a7                gpio_hal_arch_no_port_interrupt_disable
                0x000000000000d9e1                gpio_hal_arch_no_port_pin_cfg_set
                0x000000000000da10                gpio_hal_arch_no_port_pin_cfg_get
                0x000000000000da40                gpio_hal_arch_no_port_pin_set_input
                0x000000000000da5c                gpio_hal_arch_no_port_pin_set_output
                0x000000000000da78                gpio_hal_arch_no_port_set_pin
                0x000000000000daa3                gpio_hal_arch_no_port_clear_pin
                0x000000000000dace                gpio_hal_arch_no_port_read_pin
                0x000000000000db00                gpio_hal_arch_no_port_write_pin
                0x000000000000db34                gpio_hal_arch_no_port_set_pins
                0x000000000000db85                gpio_hal_arch_no_port_clear_pins
                0x000000000000dbd6                gpio_hal_arch_no_port_read_pins
                0x000000000000dc29                gpio_hal_arch_no_port_write_pins
 .text          0x000000000000dc93       0xc6 build/cooja/mtype353.a(buttons.o)
 .text          0x000000000000dd59       0xfa build/cooja/mtype353.a(res-status.o)
 .text          0x000000000000de53      0xd4f build/cooja/mtype353.a(coap-engine.o)
                0x000000000000df24                coap_add_handler
                0x000000000000df52                coap_remove_handler
                0x000000000000df80                coap_call_handlers
                0x000000000000e0a7                coap_receive
                0x000000000000e721                coap_engine_init
                0x000000000000e794                coap_activate_resource
                0x000000000000e851                coap_get_first_resource
                0x000000000000e87b                coap_get_next_resource
 .text          0x000000000000eba2      0x2ed build/cooja/mtype353.a(coap-res-well-k)
 .text          0x000000000000ee8f      0xa13 build/cooja/mtype353.a(coap-observe.o)
                0x000000000000efca                coap_remove_observer
                0x000000000000f00c                coap_remove_observer_by_client
                0x000000000000f084                coap_remove_observer_by_token
                0x000000000000f127                coap_remove_observer_by_uri
                0x000000000000f1de                coap_remove_observer_by_mid
                0x000000000000f26a                coap_notify_observers
                0x000000000000f28d                coap_notify_observers_sub
                0x000000000000f6fe                coap_observe_handler
                0x000000000000f829                coap_has_observers
 .text          0x000000000000f8a2      0x84c build/cooja/mtype353.a(coap-uip.o)
                0x000000000000f8a2                coap_endpoint_log
                0x000000000000f93f                coap_endpoint_print
                0x000000000000f9dc                coap_endpoint_snprint
                0x000000000000fb25                coap_endpoint_copy
                0x000000000000fb6c                coap_endpoint_cmp
                0x000000000000fc9d                coap_endpoint_parse
                0x000000000000feae                coap_endpoint_is_secure
                0x000000000000fec7                coap_endpoint_is_connected
                0x000000000000ff0b                coap_endpoint_connect
                0x000000000000ff31                coap_endpoint_disconnect
                0x000000000000ff41                coap_databuf
                0x000000000000ff58                coap_transport_init
                0x000000000000ffce                coap_sendto
 .text          0x00000000000100ee      0x3ad build/cooja/mtype353.a(coap-timer.o)
                0x0000000000010213                coap_timer_stop
                0x000000000001024e                coap_timer_set
                0x000000000001029b                coap_timer_reset
                0x00000000000102e8                coap_timer_time_to_next_expiration
                0x0000000000010365                coap_timer_run
                0x0000000000010447                coap_timer_init
 .text          0x000000000001049b      0x334 build/cooja/mtype353.a(coap-transactio)
                0x0000000000010529                coap_new_transaction
                0x00000000000105a1                coap_send_transaction
                0x0000000000010713                coap_clear_transaction
                0x000000000001076d                coap_get_transaction_by_mid
 .text          0x00000000000107cf     0x1f9f build/cooja/mtype353.a(coap.o)
                0x0000000000010dca                coap_init_connection
                0x0000000000010def                coap_get_mid
                0x0000000000010e16                coap_init_message
                0x0000000000010e6f                coap_serialize_message
                0x0000000000011506                coap_parse_message
                0x0000000000011c22                coap_get_query_variable
                0x0000000000011c6e                coap_get_post_variable
                0x0000000000011cbc                coap_set_status_code
                0x0000000000011ceb                coap_set_token
                0x0000000000011d42                coap_get_header_content_format
                0x0000000000011d7d                coap_set_header_content_format
                0x0000000000011daa                coap_get_header_accept
                0x0000000000011de5                coap_set_header_accept
                0x0000000000011e12                coap_get_header_max_age
                0x0000000000011e4d                coap_set_header_max_age
                0x0000000000011e77                coap_get_header_etag
                0x0000000000011eb3                coap_set_header_etag
                0x0000000000011f1a                coap_get_header_if_match
                0x0000000000011f56                coap_set_header_if_match
                0x0000000000011fbd                coap_get_header_if_none_match
                0x0000000000011fe1                coap_set_header_if_none_match
                0x0000000000012002                coap_get_header_proxy_uri
                0x000000000001203a                coap_set_header_proxy_uri
                0x0000000000012087                coap_get_header_uri_host
                0x00000000000120bf                coap_set_header_uri_host
                0x000000000001210c                coap_get_header_uri_path
                0x0000000000012144                coap_set_header_uri_path
                0x00000000000121a2                coap_get_header_uri_query
                0x00000000000121e0                coap_set_header_uri_query
                0x0000000000012247                coap_get_header_location_path
                0x000000000001227f                coap_set_header_location_path
                0x0000000000012327                coap_get_header_location_query
                0x000000000001235f                coap_set_header_location_query
                0x00000000000123bd                coap_get_header_observe
                0x00000000000123f6                coap_set_header_observe
                0x0000000000012420                coap_get_header_block2
                0x0000000000012496                coap_set_header_block2
                0x0000000000012517                coap_get_header_block1
                0x0000000000012596                coap_set_header_block1
                0x000000000001261b                coap_get_header_size2
                0x0000000000012655                coap_set_header_size2
                0x0000000000012682                coap_get_header_size1
                0x00000000000126bc                coap_set_header_size1
                0x00000000000126e9                coap_get_payload
                0x000000000001272d                coap_set_payload
 .text          0x000000000001276e      0x3c6 build/cooja/mtype353.a(contiki-main.o)
                0x000000000001276e                main
 .text          0x0000000000012b34       0xb0 build/cooja/mtype353.a(autostart.o)
                0x0000000000012b34                autostart_start
                0x0000000000012b8d                autostart_exit
 .text          0x0000000000012be4      0x400 build/cooja/mtype353.a(ctimer.o)
                0x0000000000012d27                ctimer_init
                0x0000000000012d6c                ctimer_set
                0x0000000000012d9f                ctimer_set_with_process
                0x0000000000012e36                ctimer_reset
                0x0000000000012ea4                ctimer_restart
                0x0000000000012f12                ctimer_stop
                0x0000000000012f72                ctimer_expired
 .text          0x0000000000012fe4      0x4a3 build/cooja/mtype353.a(log.o)
                0x0000000000012fe4                log_6addr
                0x0000000000013048                log_6addr_compact_snprint
                0x0000000000013108                log_6addr_compact
                0x000000000001316c                log_lladdr
                0x00000000000131f3                log_lladdr_compact
                0x0000000000013270                log_bytes
                0x00000000000132c4                log_set_level
                0x00000000000133a2                log_get_level
                0x0000000000013433                log_level_to_str
 .text          0x0000000000013487       0x39 build/cooja/mtype353.a(energest.o)
                0x0000000000013487                energest_init
                0x0000000000013497                energest_flush
                0x00000000000134a7                energest_get_total_time
 .text          0x00000000000134c0      0x527 build/cooja/mtype353.a(etimer.o)
                0x0000000000013715                etimer_request_poll
                0x00000000000137c6                etimer_set
                0x00000000000137ff                etimer_reset_with_new_interval
                0x000000000001383e                etimer_reset
                0x0000000000013874                etimer_restart
                0x00000000000138aa                etimer_adjust
                0x00000000000138d1                etimer_expired
                0x00000000000138ee                etimer_expiration_time
                0x000000000001390a                etimer_start_time
                0x000000000001391e                etimer_pending
                0x000000000001393b                etimer_next_expiration_time
                0x0000000000013963                etimer_stop
 .text          0x00000000000139e7       0x36 build/cooja/mtype353.a(node-id.o)
                0x00000000000139e7                node_id_init
 .text          0x0000000000013a1d      0x122 build/cooja/mtype353.a(rtimer.o)
                0x0000000000013a1d                rtimer_init
                0x0000000000013a3c                rtimer_set
                0x0000000000013aca                rtimer_run_next
 .text          0x0000000000013b3f      0x5cb build/cooja/mtype353.a(process.o)
                0x0000000000013b3f                process_alloc_event
                0x0000000000013b60                process_start
                0x0000000000013d65                process_exit
                0x0000000000013d8d                process_init
                0x0000000000013f55                process_run
                0x0000000000013f98                process_nevents
                0x0000000000013fbd                process_post
                0x000000000001406a                process_post_synch
                0x00000000000140b0                process_poll
                0x00000000000140ec                process_is_running
 .text.__x86.get_pc_thunk.si
                0x000000000001410a        0x4 build/cooja/mtype353.a(process.o)
                0x000000000001410a                __x86.get_pc_thunk.si
 .text          0x000000000001410e       0xf6 build/cooja/mtype353.a(timer.o)
                0x000000000001410e                timer_set
                0x000000000001413d                timer_reset
                0x0000000000014174                timer_restart
                0x000000000001419a                timer_expired
                0x00000000000141d8                timer_remaining
 .text          0x0000000000014204      0x311 build/cooja/mtype353.a(list.o)
                0x0000000000014204                list_init
                0x000000000001421d                list_head
                0x0000000000014231                list_copy
                0x000000000001424b                list_tail
                0x000000000001428b                list_add
                0x00000000000142e1                list_push
                0x0000000000014317                list_chop
                0x000000000001438b                list_pop
                0x00000000000143bd                list_remove
                0x000000000001442f                list_length
                0x0000000000014467                list_insert
                0x00000000000144b6                list_item_next
                0x00000000000144d7                list_contains
 .text          0x0000000000014515      0x1ec build/cooja/mtype353.a(memb.o)
                0x0000000000014515                memb_init
                0x0000000000014579                memb_alloc
                0x00000000000145e6                memb_free
                0x0000000000014667                memb_inmemb
                0x00000000000146b0                memb_numfree
 .text          0x0000000000014701      0x566 build/cooja/mtype353.a(button-hal.o)
                0x00000000000148f5                button_hal_get_by_id
                0x000000000001493f                button_hal_get_by_index
                0x0000000000014979                button_hal_get_state
                0x00000000000149db                button_hal_init
 .text          0x0000000000014c67      0x242 build/cooja/mtype353.a(serial-line.o)
                0x0000000000014c67                serial_line_input_byte
                0x0000000000014e5f                serial_line_init
 .text          0x0000000000014ea9      0x1d6 build/cooja/mtype353.a(gpio-hal.o)
                0x0000000000014ea9                gpio_hal_register_handler
                0x0000000000014ed7                gpio_hal_event_handler
                0x0000000000014f44                gpio_hal_init
                0x0000000000014f73                gpio_hal_arch_port_toggle_pin
                0x0000000000014fbe                gpio_hal_arch_port_toggle_pins
                0x0000000000014ffb                gpio_hal_arch_no_port_toggle_pin
                0x0000000000015048                gpio_hal_arch_no_port_toggle_pins
 .text          0x000000000001507f      0x3a9 build/cooja/mtype353.a(queuebuf.o)
                0x0000000000015093                queuebuf_init
                0x00000000000150cf                queuebuf_numfree
                0x00000000000150f9                queuebuf_new_from_packetbuf
                0x00000000000151ad                queuebuf_update_attr_from_packetbuf
                0x00000000000151f1                queuebuf_update_from_packetbuf
                0x0000000000015250                queuebuf_free
                0x00000000000152ae                queuebuf_to_packetbuf
                0x000000000001532b                queuebuf_dataptr
                0x0000000000015377                queuebuf_datalen
                0x00000000000153a4                queuebuf_addr
                0x00000000000153e3                queuebuf_attr
                0x0000000000015418                queuebuf_debug_print
 .text          0x0000000000015428      0x4dd build/cooja/mtype353.a(packetbuf.o)
                0x0000000000015428                packetbuf_clear
                0x000000000001545e                packetbuf_copyfrom
                0x00000000000154be                packetbuf_copyto
                0x000000000001555c                packetbuf_hdralloc
                0x00000000000155ec                packetbuf_hdrreduce
                0x000000000001563e                packetbuf_set_datalen
                0x0000000000015663                packetbuf_dataptr
                0x000000000001568a                packetbuf_hdrptr
                0x000000000001569f                packetbuf_datalen
                0x00000000000156b5                packetbuf_hdrlen
                0x00000000000156d4                packetbuf_totlen
                0x00000000000156f4                packetbuf_remaininglen
                0x0000000000015711                packetbuf_attr_clear
                0x0000000000015777                packetbuf_attr_copyto
                0x00000000000157bd                packetbuf_attr_copyfrom
                0x0000000000015803                packetbuf_set_attr
                0x0000000000015839                packetbuf_attr
                0x000000000001585f                packetbuf_set_addr
                0x00000000000158a7                packetbuf_addr
                0x00000000000158d1                packetbuf_holds_broadcast
 .text          0x0000000000015905      0x13c build/cooja/mtype353.a(netstack.o)
                0x0000000000015905                netstack_process_ip_callback
                0x00000000000159a6                netstack_ip_packet_processor_add
                0x00000000000159da                uip_ds6_ip_packet_processor_rm
                0x0000000000015a08                netstack_init
 .text          0x0000000000015a41       0x75 build/cooja/mtype353.a(linkaddr.o)
                0x0000000000015a41                linkaddr_copy
                0x0000000000015a61                linkaddr_cmp
                0x0000000000015a94                linkaddr_set_node_addr
 .text          0x0000000000015ab6       0x94 build/cooja/mtype353.a(printf.o)
                0x0000000000015aea                log_printf
 .text          0x0000000000015b4a       0xbb build/cooja/mtype353.a(sprintf.o)
                0x0000000000015b8d                log_sprintf
 .text          0x0000000000015c05      0x150 build/cooja/mtype353.a(snprintf.o)
                0x0000000000015c77                log_snprintf
                0x0000000000015cd2                log_vsnprintf
 .text          0x0000000000015d55       0x29 build/cooja/mtype353.a(putchar.o)
                0x0000000000015d55                log_putchar
 .text          0x0000000000015d7e      0x2ae build/cooja/mtype353.a(csma.o)
 .text          0x000000000001602c      0xa6f build/cooja/mtype353.a(csma-output.o)
                0x000000000001679e                csma_output_packet
                0x0000000000016a4d                csma_output_init
 .text          0x0000000000016a9b      0xe47 build/cooja/mtype353.a(uip-ds6.o)
                0x0000000000016a9b                uip_ds6_default_prefix
                0x0000000000016ab0                uip_ds6_set_default_prefix
                0x0000000000016ae6                uip_ds6_init
                0x0000000000016d81                uip_ds6_periodic
                0x0000000000016e29                uip_ds6_list_loop
                0x0000000000016ef8                uip_ds6_prefix_add
                0x0000000000016fbf                uip_ds6_prefix_rm
                0x0000000000016fdc                uip_ds6_prefix_lookup
                0x000000000001702f                uip_ds6_is_addr_onlink
                0x00000000000170bc                uip_ds6_addr_add
                0x00000000000171fe                uip_ds6_addr_rm
                0x00000000000172bd                uip_ds6_addr_lookup
                0x000000000001730d                uip_ds6_get_link_local
                0x00000000000173ab                uip_ds6_get_global
                0x0000000000017449                uip_ds6_maddr_add
                0x00000000000174c5                uip_ds6_maddr_rm
                0x00000000000174e2                uip_ds6_maddr_lookup
                0x0000000000017535                uip_ds6_aaddr_add
                0x00000000000175ae                uip_ds6_aaddr_rm
                0x00000000000175cb                uip_ds6_aaddr_lookup
                0x000000000001761b                uip_ds6_select_src
                0x0000000000017789                uip_ds6_set_addr_iid
                0x00000000000177be                uip_ds6_set_lladdr_from_iid
                0x00000000000177f1                get_match_length
                0x000000000001788c                uip_ds6_compute_reachable_time
 .text          0x00000000000178e2      0x152 build/cooja/mtype353.a(uip-udp-packet.)
                0x00000000000178e2                uip_udp_packet_send
                0x000000000001795b                uip_udp_packet_sendto
 .text          0x0000000000017a34      0x453 build/cooja/mtype353.a(uip-ds6-route.o)
                0x0000000000017a96                uip_ds6_route_init
                0x0000000000017ad2                uip_ds6_route_count_nexthop_neighbors
                0x0000000000017ae6                uip_ds6_route_nexthop
                0x0000000000017afa                uip_ds6_route_head
                0x0000000000017b0e                uip_ds6_route_next
                0x0000000000017b22                uip_ds6_route_is_nexthop
                0x0000000000017b36                uip_ds6_route_num_routes
                0x0000000000017b4a                uip_ds6_route_lookup
                0x0000000000017b5e                uip_ds6_route_add
                0x0000000000017b7b                uip_ds6_route_rm
                0x0000000000017b8b                uip_ds6_route_rm_by_nexthop
                0x0000000000017b9b                uip_ds6_defrt_head
                0x0000000000017bc5                uip_ds6_defrt_add
                0x0000000000017c85                uip_ds6_defrt_rm
                0x0000000000017cfe                uip_ds6_defrt_lookup
                0x0000000000017d75                uip_ds6_defrt_choose
                0x0000000000017dfb                uip_ds6_defrt_periodic
 .text          0x0000000000017e87      0x870 build/cooja/mtype353.a(tcpip.o)
                0x0000000000017ead                tcpip_output
                0x0000000000017f5c                udp_attach
                0x0000000000017f7e                udp_new
                0x0000000000017fd8                udp_broadcast_new
                0x0000000000018178                tcpip_input
                0x000000000001836e                tcpip_ipv6_output
                0x00000000000185aa                tcpip_poll_udp
                0x00000000000185da                tcpip_uipcall
 .text          0x00000000000186f7     0x1520 build/cooja/mtype353.a(uip6.o)
                0x00000000000187b0                uip_chksum
                0x00000000000188a8                uip_icmp6chksum
                0x00000000000188c7                uip_udpchksum
                0x00000000000188e6                uip_init
                0x0000000000018945                uip_remove_ext_hdr
                0x0000000000018a40                uip_udp_new
                0x0000000000018db9                uip_process
                0x0000000000019aa7                uip_htons
                0x0000000000019ad3                uip_htonl
                0x0000000000019b1d                uip_send
 .text          0x0000000000019c17      0x43e build/cooja/mtype353.a(uip-ds6-nbr.o)
                0x0000000000019c17                uip_ds6_neighbors_init
                0x0000000000019c4d                uip_ds6_nbr_add
                0x0000000000019ce7                uip_ds6_nbr_rm
                0x0000000000019d46                uip_ds6_nbr_update_ll
                0x0000000000019e43                uip_ds6_nbr_get_ipaddr
                0x0000000000019e62                uip_ds6_nbr_get_ll
                0x0000000000019e8f                uip_ds6_nbr_num
                0x0000000000019ee9                uip_ds6_nbr_head
                0x0000000000019f13                uip_ds6_nbr_next
                0x0000000000019f40                uip_ds6_nbr_lookup
                0x0000000000019fa7                uip_ds6_nbr_ll_lookup
                0x0000000000019fd4                uip_ds6_nbr_ipaddr_from_lladdr
                0x000000000001a007                uip_ds6_nbr_lladdr_from_ipaddr
                0x000000000001a045                uip_ds6_link_callback
 .text          0x000000000001a055      0x810 build/cooja/mtype353.a(uip-nd6.o)
                0x000000000001a83a                uip_nd6_init
 .text          0x000000000001a865     0x33af build/cooja/mtype353.a(sicslowpan.o)
                0x000000000001af63                netstack_sniffer_add
                0x000000000001af7c                netstack_sniffer_remove
                0x000000000001dbd3                sicslowpan_init
                0x000000000001dbff                sicslowpan_get_last_rssi
 .text          0x000000000001dc14      0x51a build/cooja/mtype353.a(uiplib.o)
                0x000000000001dc14                uiplib_ip6addrconv
                0x000000000001ddda                uiplib_ip4addrconv
                0x000000000001dea7                uiplib_ipaddr_print
                0x000000000001df0b                uiplib_ipaddr_snprint
 .text          0x000000000001e12e      0x610 build/cooja/mtype353.a(rpl.o)
                0x000000000001e12e                rpl_lollipop_greater_than
                0x000000000001e191                rpl_get_global_address
                0x000000000001e2c7                rpl_link_callback
                0x000000000001e32a                rpl_has_joined
                0x000000000001e360                rpl_is_reachable
                0x000000000001e403                rpl_reset_prefix
                0x000000000001e47f                rpl_set_prefix_from_addr
                0x000000000001e591                rpl_set_prefix
                0x000000000001e705                rpl_set_leaf_only
                0x000000000001e728                rpl_get_leaf_only
 .text          0x000000000001e73e     0x1491 build/cooja/mtype353.a(rpl-icmp6.o)
                0x000000000001e89b                rpl_icmp6_update_nbr_table
                0x000000000001e94d                rpl_icmp6_dis_output
                0x000000000001ef62                rpl_icmp6_dio_output
                0x000000000001f7bb                rpl_icmp6_dao_output
                0x000000000001fae8                rpl_icmp6_dao_ack_output
                0x000000000001fb6f                rpl_icmp6_init
 .text          0x000000000001fbcf      0x2e4 build/cooja/mtype353.a(rpl-dag-root.o)
                0x000000000001fbcf                rpl_dag_root_print_links
                0x000000000001fd28                rpl_dag_root_set_prefix
                0x000000000001fd63                rpl_dag_root_start
                0x000000000001fe71                rpl_dag_root_is_root
 .text          0x000000000001feb3       0x6b build/cooja/mtype353.a(watchdog.o)
                0x000000000001feb3                watchdog_init
                0x000000000001fec3                watchdog_start
                0x000000000001fed3                watchdog_periodic
                0x000000000001fefe                watchdog_stop
                0x000000000001ff0e                watchdog_reboot
 .text          0x000000000001ff1e       0x75 build/cooja/mtype353.a(int-master.o)
                0x000000000001ff1e                int_master_enable
                0x000000000001ff38                int_master_read_and_disable
                0x000000000001ff60                int_master_status_set
                0x000000000001ff79                int_master_is_enabled
 .text          0x000000000001ff93      0x2bc build/cooja/mtype353.a(coap-timer-defa)
 .text          0x000000000002024f      0x11d build/cooja/mtype353.a(stimer.o)
                0x000000000002024f                stimer_set
                0x000000000002027e                stimer_reset
                0x00000000000202b5                stimer_restart
                0x00000000000202db                stimer_expired
                0x0000000000020317                stimer_remaining
                0x0000000000020343                stimer_elapsed
 .text          0x000000000002036c      0x188 build/cooja/mtype353.a(ringbuf.o)
                0x000000000002036c                ringbuf_init
                0x00000000000203a8                ringbuf_put
                0x0000000000020430                ringbuf_get
                0x00000000000204a7                ringbuf_size
                0x00000000000204c3                ringbuf_elements
 .text          0x00000000000204f4       0x31 build/cooja/mtype353.a(assert.o)
                0x00000000000204f4                _xassert
 .text          0x0000000000020525      0xb68 build/cooja/mtype353.a(nbr-table.o)
                0x00000000000208c7                nbr_table_count_entries
                0x0000000000020974                nbr_table_gc_get_worst
                0x00000000000209b4                nbr_table_can_accept_new
                0x0000000000020b3d                nbr_table_entry_is_allowed
                0x0000000000020bdd                nbr_table_register
                0x0000000000020c5b                nbr_table_is_registered
                0x0000000000020ca0                nbr_table_head
                0x0000000000020d0d                nbr_table_next
                0x0000000000020d7f                nbr_table_add_lladdr
                0x0000000000020ece                nbr_table_get_from_lladdr
                0x0000000000020f2b                nbr_table_remove
                0x0000000000020f76                nbr_table_lock
                0x0000000000020f9c                nbr_table_unlock
                0x0000000000020fc2                nbr_table_get_lladdr
                0x0000000000020ff8                nbr_table_clear
                0x000000000002103d                nbr_table_key_head
                0x0000000000021067                nbr_table_key_next
 .text          0x000000000002108d      0x450 build/cooja/mtype353.a(link-stats.o)
                0x000000000002108d                link_stats_from_lladdr
                0x00000000000210ba                link_stats_get_lladdr
                0x00000000000210e7                link_stats_is_fresh
                0x0000000000021134                guess_etx_from_rssi
                0x00000000000211ba                link_stats_packet_sent
                0x00000000000212fe                link_stats_input_callback
                0x0000000000021432                link_stats_reset
                0x0000000000021494                link_stats_init
 .text          0x00000000000214dd      0x1a8 build/cooja/mtype353.a(mac-sequence.o)
                0x00000000000214dd                mac_sequence_is_duplicate
                0x000000000002159d                mac_sequence_register_seqno
 .text          0x0000000000021685       0x2d build/cooja/mtype353.a(mac.o)
                0x0000000000021685                mac_call_sent_callback
 .text          0x00000000000216b2      0x477 build/cooja/mtype353.a(framer-802154.o)
                0x0000000000021855                framer_802154_setup_params
 .text          0x0000000000021b29      0xc1a build/cooja/mtype353.a(frame802154.o)
                0x0000000000021b64                frame802154_get_pan_id
                0x0000000000021b7a                frame802154_set_pan_id
                0x0000000000021b9f                frame802154_has_panid
                0x0000000000021d58                frame802154_check_dest_panid
                0x0000000000021dea                frame802154_is_broadcast_addr
                0x0000000000021e41                frame802154_extract_linkaddr
                0x00000000000220ca                frame802154_hdrlen
                0x0000000000022147                frame802154_create_fcf
                0x0000000000022209                frame802154_create
                0x0000000000022394                frame802154_parse_fcf
                0x0000000000022480                frame802154_parse
 .text          0x0000000000022743     0x1216 build/cooja/mtype353.a(strformat.o)
                0x0000000000022aee                format_str
                0x0000000000022b49                format_str_v
 .text          0x0000000000023959       0x4e build/cooja/mtype353.a(csma-security.o)
                0x0000000000023959                csma_security_create_frame
                0x000000000002398a                csma_security_parse_frame
 .text          0x00000000000239a7      0x5d3 build/cooja/mtype353.a(uipbuf.o)
                0x00000000000239a7                uipbuf_clear
                0x00000000000239de                uipbuf_add_ext_hdr
                0x0000000000023a79                uipbuf_set_len
                0x0000000000023ab3                uipbuf_set_len_field
                0x0000000000023ae9                uipbuf_get_len_field
                0x0000000000023b13                uipbuf_get_next_header
                0x0000000000023c64                uipbuf_get_last_header
                0x0000000000023ce7                uipbuf_search_header
                0x0000000000023dab                uipbuf_get_attr
                0x0000000000023ddc                uipbuf_set_attr
                0x0000000000023e1d                uipbuf_set_default_attr
                0x0000000000023e5e                uipbuf_clear_attr
                0x0000000000023e9e                uipbuf_set_attr_flag
                0x0000000000023eca                uipbuf_clr_attr_flag
                0x0000000000023efc                uipbuf_is_attr_flag
                0x0000000000023f2a                uipbuf_init
 .text          0x0000000000023f7a      0x8b7 build/cooja/mtype353.a(uip-icmp6.o)
                0x0000000000023fff                uip_icmp6_input
                0x0000000000024060                uip_icmp6_register_input_handler
                0x0000000000024214                uip_icmp6_error_output
                0x0000000000024556                uip_icmp6_send
                0x0000000000024784                uip_icmp6_echo_reply_callback_add
                0x00000000000247c7                uip_icmp6_echo_reply_callback_rm
                0x00000000000247f5                uip_icmp6_init
 .text          0x0000000000024831      0x772 build/cooja/mtype353.a(uip-sr.o)
                0x0000000000024831                uip_sr_num_nodes
                0x00000000000248dd                uip_sr_get_node
                0x0000000000024944                uip_sr_is_addr_reachable
                0x0000000000024a01                uip_sr_expire_parent
                0x0000000000024a54                uip_sr_update_node
                0x0000000000024b98                uip_sr_init
                0x0000000000024bde                uip_sr_node_head
                0x0000000000024c08                uip_sr_node_next
                0x0000000000024c2e                uip_sr_periodic
                0x0000000000024d4a                uip_sr_free_all
                0x0000000000024dcf                uip_sr_link_snprint
 .text          0x0000000000024fa3      0x1a5 build/cooja/mtype353.a(uip-packetqueue)
                0x0000000000024fe3                uip_packetqueue_new
                0x0000000000024ffc                uip_packetqueue_alloc
                0x000000000002506b                uip_packetqueue_free
                0x00000000000250c3                uip_packetqueue_buf
                0x00000000000250ea                uip_packetqueue_buflen
                0x0000000000025115                uip_packetqueue_set_buflen
 .text          0x0000000000025148       0x8d build/cooja/mtype353.a(rpl-nbr-policy.)
                0x0000000000025194                rpl_nbr_gc_get_worst
 .text          0x00000000000251d5      0xaad build/cooja/mtype353.a(rpl-neighbor.o)
                0x0000000000025271                rpl_neighbor_snprint
                0x0000000000025559                rpl_neighbor_print_list
                0x000000000002562c                rpl_neighbor_count
                0x000000000002570f                rpl_neighbor_get_from_lladdr
                0x000000000002573c                rpl_neighbor_is_acceptable_parent
                0x0000000000025782                rpl_neighbor_get_link_metric
                0x00000000000257c8                rpl_neighbor_rank_via_nbr
                0x000000000002580e                rpl_neighbor_get_lladdr
                0x000000000002583b                rpl_neighbor_get_ipaddr
                0x0000000000025871                rpl_neighbor_get_link_stats
                0x00000000000258a7                rpl_neighbor_is_fresh
                0x00000000000258dd                rpl_neighbor_is_parent
                0x0000000000025914                rpl_neighbor_set_preferred_parent
                0x00000000000259ce                rpl_neighbor_remove_all
                0x0000000000025a3b                rpl_neighbor_get_from_ipaddr
                0x0000000000025b75                rpl_neighbor_select_best
                0x0000000000025c50                rpl_neighbor_init
 .text          0x0000000000025c82     0x11f4 build/cooja/mtype353.a(rpl-dag.o)
                0x0000000000025c82                rpl_dag_state_to_str
                0x0000000000025cd0                rpl_dag_get_root_ipaddr
                0x0000000000025d20                rpl_dag_leave
                0x0000000000025dd6                rpl_dag_poison_and_leave
                0x0000000000025e02                rpl_dag_periodic
                0x0000000000025ec7                rpl_is_addr_in_our_dag
                0x0000000000025f26                rpl_get_default_instance
                0x0000000000025f50                rpl_get_any_dag
                0x0000000000025fc6                rpl_refresh_routes
                0x0000000000026029                rpl_global_repair
                0x00000000000260fa                rpl_local_repair
                0x000000000002615f                rpl_dag_ready_to_advertise
                0x00000000000261b8                rpl_dag_update_state
                0x0000000000026a34                rpl_process_dio
                0x0000000000026acf                rpl_process_dis
                0x0000000000026b25                rpl_process_dao
                0x0000000000026bc6                rpl_process_dao_ack
                0x0000000000026c82                rpl_process_hbh
                0x0000000000026ce2                rpl_dag_init_root
                0x0000000000026e44                rpl_dag_init
 .text          0x0000000000026e76      0xd8d build/cooja/mtype353.a(rpl-timers.o)
                0x0000000000026e76                rpl_timers_schedule_periodic_dis
                0x0000000000027020                rpl_timers_dio_reset
                0x0000000000027198                rpl_timers_schedule_unicast_dio
                0x000000000002736b                rpl_timers_schedule_dao
                0x0000000000027471                rpl_timers_schedule_dao_ack
                0x0000000000027540                rpl_timers_notify_dao_ack
                0x00000000000275c6                get_probing_delay
                0x000000000002760b                get_probing_target
                0x0000000000027840                rpl_schedule_probing
                0x000000000002788c                rpl_schedule_probing_now
                0x0000000000027926                rpl_timers_unschedule_leaving
                0x0000000000027980                rpl_timers_schedule_leaving
                0x00000000000279e5                rpl_timers_init
                0x0000000000027aa7                rpl_timers_stop_dag_timers
                0x0000000000027b64                rpl_timers_unschedule_state_update
                0x0000000000027ba0                rpl_timers_schedule_state_update
 .text          0x0000000000027c03      0xd3b build/cooja/mtype353.a(rpl-ext-header.)
                0x0000000000027c03                rpl_ext_header_srh_get_next_hop
                0x0000000000027d0e                rpl_ext_header_srh_update
                0x0000000000028339                rpl_ext_header_hbh_update
                0x00000000000286b8                rpl_ext_header_update
                0x0000000000028767                rpl_ext_header_remove
 .text          0x000000000002893e      0x39b build/cooja/mtype353.a(rpl-mrhof.o)
 *fill*         0x0000000000028cd9        0x7 
 .text          0x0000000000028ce0      0x116 /usr/lib/gcc/i686-linux-gnu/7/libgcc.a(_udivdi3.o)
                0x0000000000028ce0                __udivdi3
 *fill*         0x0000000000028df6        0xa 
 .text          0x0000000000028e00      0x119 /usr/lib/gcc/i686-linux-gnu/7/libgcc.a(_umoddi3.o)
                0x0000000000028e00                __umoddi3
 *fill*         0x0000000000028f19        0x7 
 .text          0x0000000000028f20       0x14 /usr/lib/i386-linux-gnu/libc_nonshared.a(stack_chk_fail_local.oS)
                0x0000000000028f20                __stack_chk_fail_local
 .text          0x0000000000028f34        0x0 /usr/lib/gcc/i686-linux-gnu/7/crtendS.o
 .text          0x0000000000028f34        0x0 /usr/lib/gcc/i686-linux-gnu/7/../../../i386-linux-gnu/crtn.o
 *(.gnu.warning)

.fini           0x0000000000028f34       0x14
 *(SORT_NONE(.fini))
 .fini          0x0000000000028f34        0xf /usr/lib/gcc/i686-linux-gnu/7/../../../i386-linux-gnu/crti.o
                0x0000000000028f34                _fini
 .fini          0x0000000000028f43        0x5 /usr/lib/gcc/i686-linux-gnu/7/../../../i386-linux-gnu/crtn.o
                [!provide]                        PROVIDE (__etext = .)
                [!provide]                        PROVIDE (_etext = .)
                [!provide]                        PROVIDE (etext = .)

.rodata         0x0000000000028f48      0xb13
 *(.rodata .rodata.* .gnu.linkonce.r.*)
 .rodata        0x0000000000028f48       0x90 observing.o
 .rodata        0x0000000000028fd8        0x6 build/cooja/mtype353.a(leds-arch.o)
                0x0000000000028fd8                leds_arch_leds
 .rodata        0x0000000000028fde        0x4 build/cooja/mtype353.a(pir-sensor.o)
 .rodata        0x0000000000028fe2        0x6 build/cooja/mtype353.a(rs232.o)
 .rodata        0x0000000000028fe8        0xa build/cooja/mtype353.a(vib-sensor.o)
 *fill*         0x0000000000028ff2        0x2 
 .rodata        0x0000000000028ff4       0x27 build/cooja/mtype353.a(cfs-cooja.o)
 *fill*         0x000000000002901b        0x1 
 .rodata        0x000000000002901c       0x68 build/cooja/mtype353.a(cooja-radio.o)
 .rodata        0x0000000000029084        0x8 build/cooja/mtype353.a(sensors.o)
 .rodata        0x000000000002908c       0x14 build/cooja/mtype353.a(buttons.o)
                0x0000000000029098                button_hal_button_count
 .rodata        0x00000000000290a0       0x4d build/cooja/mtype353.a(res-status.o)
 .rodata        0x00000000000290ed       0x41 build/cooja/mtype353.a(coap-engine.o)
 .rodata        0x000000000002912e       0x19 build/cooja/mtype353.a(coap-res-well-k)
 .rodata        0x0000000000029147       0x11 build/cooja/mtype353.a(coap-observe.o)
 .rodata        0x0000000000029158       0x35 build/cooja/mtype353.a(coap-uip.o)
 *fill*         0x000000000002918d        0x3 
 .rodata        0x0000000000029190      0x1ac build/cooja/mtype353.a(coap.o)
 .rodata        0x000000000002933c       0xf4 build/cooja/mtype353.a(contiki-main.o)
 .rodata        0x0000000000029430        0xf build/cooja/mtype353.a(ctimer.o)
 *fill*         0x000000000002943f        0x1 
 .rodata        0x0000000000029440       0xc4 build/cooja/mtype353.a(log.o)
 .rodata        0x0000000000029504        0xc build/cooja/mtype353.a(etimer.o)
 .rodata        0x0000000000029510       0x13 build/cooja/mtype353.a(button-hal.o)
 .rodata        0x0000000000029523        0xe build/cooja/mtype353.a(serial-line.o)
 *fill*         0x0000000000029531        0x3 
 .rodata        0x0000000000029534        0x8 build/cooja/mtype353.a(linkaddr.o)
                0x0000000000029534                linkaddr_null
 .rodata        0x000000000002953c        0x5 build/cooja/mtype353.a(csma.o)
 *fill*         0x0000000000029541        0x3 
 .rodata        0x0000000000029544       0x2a build/cooja/mtype353.a(csma-output.o)
 *fill*         0x000000000002956e        0x2 
 .rodata        0x0000000000029570       0x4d build/cooja/mtype353.a(uip-ds6-route.o)
 .rodata        0x00000000000295bd        0xd build/cooja/mtype353.a(tcpip.o)
 *fill*         0x00000000000295ca        0x2 
 .rodata        0x00000000000295cc       0x1f build/cooja/mtype353.a(sicslowpan.o)
                0x00000000000295cc                unc_llconf
                0x00000000000295d0                unc_ctxconf
                0x00000000000295d4                unc_mxconf
                0x00000000000295d8                llprefix
 .rodata        0x00000000000295eb       0x2d build/cooja/mtype353.a(uiplib.o)
 .rodata        0x0000000000029618        0x9 build/cooja/mtype353.a(rpl.o)
 .rodata        0x0000000000029621       0x13 build/cooja/mtype353.a(coap-timer-defa)
 .rodata        0x0000000000029634       0x25 build/cooja/mtype353.a(assert.o)
 *fill*         0x0000000000029659        0x3 
 .rodata        0x000000000002965c      0x280 build/cooja/mtype353.a(strformat.o)
 .rodata        0x00000000000298dc       0x44 build/cooja/mtype353.a(uip-sr.o)
 .rodata        0x0000000000029920       0x58 build/cooja/mtype353.a(rpl-neighbor.o)
 .rodata        0x0000000000029978       0xd7 build/cooja/mtype353.a(rpl-dag.o)
 .rodata        0x0000000000029a4f        0xc build/cooja/mtype353.a(rpl-timers.o)

.rodata1
 *(.rodata1)

.eh_frame_hdr   0x0000000000029a5c     0x1adc
 *(.eh_frame_hdr)
 .eh_frame_hdr  0x0000000000029a5c     0x1adc observing.o
                0x0000000000029a5c                __GNU_EH_FRAME_HDR
 *(.eh_frame_entry .eh_frame_entry.*)

.eh_frame       0x000000000002b538     0x7490
 *(.eh_frame)
 .eh_frame      0x000000000002b538       0x3c /usr/lib/gcc/i686-linux-gnu/7/../../../i386-linux-gnu/crti.o
                                         0x40 (size before relaxing)
 .eh_frame      0x000000000002b574       0x14 /usr/lib/gcc/i686-linux-gnu/7/../../../i386-linux-gnu/crti.o
                                         0x2c (size before relaxing)
 .eh_frame      0x000000000002b588       0x7c observing.o
                                         0xa8 (size before relaxing)
 .eh_frame      0x000000000002b604      0x198 build/cooja/mtype353.o
                                        0x1ec (size before relaxing)
 .eh_frame      0x000000000002b79c       0x48 build/cooja/mtype353.a(simEnvChange.o)
                                         0x74 (size before relaxing)
 .eh_frame      0x000000000002b7e4       0x6c build/cooja/mtype353.a(cooja_mt.o)
                                         0x98 (size before relaxing)
 .eh_frame      0x000000000002b850       0x88 build/cooja/mtype353.a(cooja_mtarch.o)
                                         0xc8 (size before relaxing)
 .eh_frame      0x000000000002b8d8       0xe4 build/cooja/mtype353.a(rtimer-arch.o)
                                        0x110 (size before relaxing)
 .eh_frame      0x000000000002b9bc      0x160 build/cooja/mtype353.a(beep.o)
                                        0x18c (size before relaxing)
 .eh_frame      0x000000000002bb1c       0x88 build/cooja/mtype353.a(leds-arch.o)
                                         0xc8 (size before relaxing)
 .eh_frame      0x000000000002bba4       0x44 build/cooja/mtype353.a(moteid.o)
                                         0x70 (size before relaxing)
 .eh_frame      0x000000000002bbe8       0xa4 build/cooja/mtype353.a(pir-sensor.o)
                                         0xe4 (size before relaxing)
 .eh_frame      0x000000000002bc8c      0x110 build/cooja/mtype353.a(rs232.o)
                                        0x150 (size before relaxing)
 .eh_frame      0x000000000002bd9c       0xa4 build/cooja/mtype353.a(vib-sensor.o)
                                         0xe4 (size before relaxing)
 .eh_frame      0x000000000002be40       0xc0 build/cooja/mtype353.a(clock.o)
                                         0xec (size before relaxing)
 .eh_frame      0x000000000002bf00      0x110 build/cooja/mtype353.a(cooja-log.o)
                                        0x150 (size before relaxing)
 .eh_frame      0x000000000002c010      0x16c build/cooja/mtype353.a(cfs-cooja.o)
                                        0x1ac (size before relaxing)
 .eh_frame      0x000000000002c17c      0x374 build/cooja/mtype353.a(cooja-radio.o)
                                        0x3b4 (size before relaxing)
 .eh_frame      0x000000000002c4f0       0xa8 build/cooja/mtype353.a(eeprom.o)
                                         0xe8 (size before relaxing)
 .eh_frame      0x000000000002c598       0x48 build/cooja/mtype353.a(random.o)
                                         0x74 (size before relaxing)
 .eh_frame      0x000000000002c5e0       0xd0 build/cooja/mtype353.a(sensors.o)
                                        0x110 (size before relaxing)
 .eh_frame      0x000000000002c6b0      0x140 build/cooja/mtype353.a(leds.o)
                                        0x180 (size before relaxing)
 .eh_frame      0x000000000002c7f0      0x228 build/cooja/mtype353.a(gpio-hal-arch.o)
                                        0x27c (size before relaxing)
 .eh_frame      0x000000000002ca18       0xa4 build/cooja/mtype353.a(buttons.o)
                                         0xe4 (size before relaxing)
 .eh_frame      0x000000000002cabc       0x6c build/cooja/mtype353.a(res-status.o)
                                         0xac (size before relaxing)
 .eh_frame      0x000000000002cb28      0x24c build/cooja/mtype353.a(coap-engine.o)
                                        0x28c (size before relaxing)
 .eh_frame      0x000000000002cd74       0x2c build/cooja/mtype353.a(coap-res-well-k)
                                         0x58 (size before relaxing)
 .eh_frame      0x000000000002cda0      0x1b4 build/cooja/mtype353.a(coap-observe.o)
                                        0x1f4 (size before relaxing)
 .eh_frame      0x000000000002cf54      0x278 build/cooja/mtype353.a(coap-uip.o)
                                        0x2b8 (size before relaxing)
 .eh_frame      0x000000000002d1cc      0x128 build/cooja/mtype353.a(coap-timer.o)
                                        0x168 (size before relaxing)
 .eh_frame      0x000000000002d2f4      0x110 build/cooja/mtype353.a(coap-transactio)
                                        0x150 (size before relaxing)
 .eh_frame      0x000000000002d404      0x72c build/cooja/mtype353.a(coap.o)
                                        0x76c (size before relaxing)
 .eh_frame      0x000000000002db30       0x38 build/cooja/mtype353.a(contiki-main.o)
                                         0x64 (size before relaxing)
 .eh_frame      0x000000000002db68       0x48 build/cooja/mtype353.a(autostart.o)
                                         0x74 (size before relaxing)
 .eh_frame      0x000000000002dbb0      0x11c build/cooja/mtype353.a(ctimer.o)
                                        0x15c (size before relaxing)
 .eh_frame      0x000000000002dccc      0x144 build/cooja/mtype353.a(log.o)
                                        0x184 (size before relaxing)
 .eh_frame      0x000000000002de10       0x60 build/cooja/mtype353.a(energest.o)
                                         0x8c (size before relaxing)
 .eh_frame      0x000000000002de70      0x204 build/cooja/mtype353.a(etimer.o)
                                        0x244 (size before relaxing)
 .eh_frame      0x000000000002e074       0x20 build/cooja/mtype353.a(node-id.o)
                                         0x4c (size before relaxing)
 .eh_frame      0x000000000002e094       0x6c build/cooja/mtype353.a(rtimer.o)
                                         0xc0 (size before relaxing)
 .eh_frame      0x000000000002e100      0x1ec build/cooja/mtype353.a(process.o)
                                        0x22c (size before relaxing)
 .eh_frame      0x000000000002e2ec       0xb4 build/cooja/mtype353.a(timer.o)
                                         0xe0 (size before relaxing)
 .eh_frame      0x000000000002e3a0      0x1a0 build/cooja/mtype353.a(list.o)
                                        0x1cc (size before relaxing)
 .eh_frame      0x000000000002e540       0xa4 build/cooja/mtype353.a(memb.o)
                                         0xe4 (size before relaxing)
 .eh_frame      0x000000000002e5e4      0x188 build/cooja/mtype353.a(button-hal.o)
                                        0x1c8 (size before relaxing)
 .eh_frame      0x000000000002e76c       0x6c build/cooja/mtype353.a(serial-line.o)
                                         0x98 (size before relaxing)
 .eh_frame      0x000000000002e7d8       0xfc build/cooja/mtype353.a(gpio-hal.o)
                                        0x13c (size before relaxing)
 .eh_frame      0x000000000002e8d4      0x1c0 build/cooja/mtype353.a(queuebuf.o)
                                        0x200 (size before relaxing)
 .eh_frame      0x000000000002ea94      0x2b0 build/cooja/mtype353.a(packetbuf.o)
                                        0x2f0 (size before relaxing)
 .eh_frame      0x000000000002ed44       0x90 build/cooja/mtype353.a(netstack.o)
                                         0xd0 (size before relaxing)
 .eh_frame      0x000000000002edd4       0x64 build/cooja/mtype353.a(linkaddr.o)
                                         0x90 (size before relaxing)
 .eh_frame      0x000000000002ee38       0x48 build/cooja/mtype353.a(printf.o)
                                         0x74 (size before relaxing)
 .eh_frame      0x000000000002ee80       0x48 build/cooja/mtype353.a(sprintf.o)
                                         0x74 (size before relaxing)
 .eh_frame      0x000000000002eec8       0x68 build/cooja/mtype353.a(snprintf.o)
                                         0x94 (size before relaxing)
 .eh_frame      0x000000000002ef30       0x24 build/cooja/mtype353.a(putchar.o)
                                         0x50 (size before relaxing)
 .eh_frame      0x000000000002ef54       0xf0 build/cooja/mtype353.a(csma.o)
                                        0x130 (size before relaxing)
 .eh_frame      0x000000000002f044      0x1f8 build/cooja/mtype353.a(csma-output.o)
                                        0x238 (size before relaxing)
 .eh_frame      0x000000000002f23c      0x364 build/cooja/mtype353.a(uip-ds6.o)
                                        0x3a4 (size before relaxing)
 .eh_frame      0x000000000002f5a0       0x44 build/cooja/mtype353.a(uip-udp-packet.)
                                         0x84 (size before relaxing)
 .eh_frame      0x000000000002f5e4      0x260 build/cooja/mtype353.a(uip-ds6-route.o)
                                        0x2a0 (size before relaxing)
 .eh_frame      0x000000000002f844      0x270 build/cooja/mtype353.a(tcpip.o)
                                        0x2b0 (size before relaxing)
 .eh_frame      0x000000000002fab4      0x20c build/cooja/mtype353.a(uip6.o)
                                        0x24c (size before relaxing)
 .eh_frame      0x000000000002fcc0      0x1e8 build/cooja/mtype353.a(uip-ds6-nbr.o)
                                        0x228 (size before relaxing)
 .eh_frame      0x000000000002fea8       0x8c build/cooja/mtype353.a(uip-nd6.o)
                                         0xe0 (size before relaxing)
 .eh_frame      0x000000000002ff34      0x354 build/cooja/mtype353.a(sicslowpan.o)
                                        0x3a8 (size before relaxing)
 .eh_frame      0x0000000000030288       0x9c build/cooja/mtype353.a(uiplib.o)
                                         0xdc (size before relaxing)
 .eh_frame      0x0000000000030324      0x1fc build/cooja/mtype353.a(rpl.o)
                                        0x23c (size before relaxing)
 .eh_frame      0x0000000000030520      0x1f0 build/cooja/mtype353.a(rpl-icmp6.o)
                                        0x230 (size before relaxing)
 .eh_frame      0x0000000000030710       0xb0 build/cooja/mtype353.a(rpl-dag-root.o)
                                         0xf0 (size before relaxing)
 .eh_frame      0x00000000000307c0       0xa4 build/cooja/mtype353.a(watchdog.o)
                                         0xd0 (size before relaxing)
 .eh_frame      0x0000000000030864       0x80 build/cooja/mtype353.a(int-master.o)
                                         0xac (size before relaxing)
 .eh_frame      0x00000000000308e4       0xc4 build/cooja/mtype353.a(coap-timer-defa)
                                        0x104 (size before relaxing)
 .eh_frame      0x00000000000309a8       0xd8 build/cooja/mtype353.a(stimer.o)
                                        0x104 (size before relaxing)
 .eh_frame      0x0000000000030a80       0xa0 build/cooja/mtype353.a(ringbuf.o)
                                         0xcc (size before relaxing)
 .eh_frame      0x0000000000030b20       0x24 build/cooja/mtype353.a(assert.o)
                                         0x50 (size before relaxing)
 .eh_frame      0x0000000000030b44      0x428 build/cooja/mtype353.a(nbr-table.o)
                                        0x468 (size before relaxing)
 .eh_frame      0x0000000000030f6c      0x140 build/cooja/mtype353.a(link-stats.o)
                                        0x180 (size before relaxing)
 .eh_frame      0x00000000000310ac       0x50 build/cooja/mtype353.a(mac-sequence.o)
                                         0x7c (size before relaxing)
 .eh_frame      0x00000000000310fc       0x20 build/cooja/mtype353.a(mac.o)
                                         0x4c (size before relaxing)
 .eh_frame      0x000000000003111c       0xb4 build/cooja/mtype353.a(framer-802154.o)
                                         0xf4 (size before relaxing)
 .eh_frame      0x00000000000311d0      0x1b0 build/cooja/mtype353.a(frame802154.o)
                                        0x1f0 (size before relaxing)
 .eh_frame      0x0000000000031380      0x15c build/cooja/mtype353.a(strformat.o)
                                        0x1b0 (size before relaxing)
 .eh_frame      0x00000000000314dc       0x44 build/cooja/mtype353.a(csma-security.o)
                                         0x84 (size before relaxing)
 .eh_frame      0x0000000000031520      0x204 build/cooja/mtype353.a(uipbuf.o)
                                        0x230 (size before relaxing)
 .eh_frame      0x0000000000031724      0x170 build/cooja/mtype353.a(uip-icmp6.o)
                                        0x1b0 (size before relaxing)
 .eh_frame      0x0000000000031894      0x1ac build/cooja/mtype353.a(uip-sr.o)
                                        0x1ec (size before relaxing)
 .eh_frame      0x0000000000031a40       0xec build/cooja/mtype353.a(uip-packetqueue)
                                        0x12c (size before relaxing)
 .eh_frame      0x0000000000031b2c       0x48 build/cooja/mtype353.a(rpl-nbr-policy.)
                                         0x88 (size before relaxing)
 .eh_frame      0x0000000000031b74      0x2ec build/cooja/mtype353.a(rpl-neighbor.o)
                                        0x340 (size before relaxing)
 .eh_frame      0x0000000000031e60      0x3c0 build/cooja/mtype353.a(rpl-dag.o)
                                        0x414 (size before relaxing)
 .eh_frame      0x0000000000032220      0x418 build/cooja/mtype353.a(rpl-timers.o)
                                        0x458 (size before relaxing)
 .eh_frame      0x0000000000032638      0x144 build/cooja/mtype353.a(rpl-ext-header.)
                                        0x184 (size before relaxing)
 .eh_frame      0x000000000003277c      0x150 build/cooja/mtype353.a(rpl-mrhof.o)
                                        0x190 (size before relaxing)
 .eh_frame      0x00000000000328cc       0x84 /usr/lib/gcc/i686-linux-gnu/7/libgcc.a(_udivdi3.o)
                                         0x9c (size before relaxing)
 .eh_frame      0x0000000000032950       0x58 /usr/lib/gcc/i686-linux-gnu/7/libgcc.a(_umoddi3.o)
                                         0x70 (size before relaxing)
 .eh_frame      0x00000000000329a8       0x1c /usr/lib/i386-linux-gnu/libc_nonshared.a(stack_chk_fail_local.oS)
                                         0x48 (size before relaxing)
 .eh_frame      0x00000000000329c4        0x4 /usr/lib/gcc/i686-linux-gnu/7/crtendS.o
 *(.eh_frame.*)

.gcc_except_table
 *(.gcc_except_table .gcc_except_table.*)

.gnu_extab
 *(.gnu_extab*)

.exception_ranges
 *(.exception_ranges .exception_ranges*)
                0x0000000000033bf8                . = DATA_SEGMENT_ALIGN (CONSTANT (MAXPAGESIZE), CONSTANT (COMMONPAGESIZE))

.eh_frame
 *(.eh_frame)
 *(.eh_frame.*)

.gnu_extab
 *(.gnu_extab)

.gcc_except_table
 *(.gcc_except_table .gcc_except_table.*)

.exception_ranges
 *(.exception_ranges .exception_ranges*)

.tdata
 *(.tdata .tdata.* .gnu.linkonce.td.*)

.tbss
 *(.tbss .tbss.* .gnu.linkonce.tb.*)
 *(.tcommon)

.preinit_array
 *(.preinit_array)

.init_array     0x0000000000033bf8        0x4
 *(SORT_BY_INIT_PRIORITY(.init_array.*) SORT_BY_INIT_PRIORITY(.ctors.*))
 *(.init_array EXCLUDE_FILE(*crtend?.o *crtend.o *crtbegin?.o *crtbegin.o) .ctors)
 .init_array    0x0000000000033bf8        0x4 /usr/lib/gcc/i686-linux-gnu/7/crtbeginS.o

.fini_array     0x0000000000033bfc        0x4
 *(SORT_BY_INIT_PRIORITY(.fini_array.*) SORT_BY_INIT_PRIORITY(.dtors.*))
 *(.fini_array EXCLUDE_FILE(*crtend?.o *crtend.o *crtbegin?.o *crtbegin.o) .dtors)
 .fini_array    0x0000000000033bfc        0x4 /usr/lib/gcc/i686-linux-gnu/7/crtbeginS.o

.ctors
 *crtbegin.o(.ctors)
 *crtbegin?.o(.ctors)
 *(EXCLUDE_FILE(*crtend?.o *crtend.o) .ctors)
 *(SORT_BY_NAME(.ctors.*))
 *(.ctors)

.dtors
 *crtbegin.o(.dtors)
 *crtbegin?.o(.dtors)
 *(EXCLUDE_FILE(*crtend?.o *crtend.o) .dtors)
 *(SORT_BY_NAME(.dtors.*))
 *(.dtors)

.jcr
 *(.jcr)

.data.rel.ro    0x0000000000033c00      0x198
 *(.data.rel.ro.local* .gnu.linkonce.d.rel.ro.local.*)
 .data.rel.ro.local
                0x0000000000033c00        0x8 observing.o
                0x0000000000033c00                autostart_processes
 .data.rel.ro.local
                0x0000000000033c08        0x8 build/cooja/mtype353.a(beep.o)
                0x0000000000033c08                beep_interface
 .data.rel.ro.local
                0x0000000000033c10        0x8 build/cooja/mtype353.a(leds-arch.o)
                0x0000000000033c10                leds_interface
 .data.rel.ro.local
                0x0000000000033c18        0x8 build/cooja/mtype353.a(moteid.o)
                0x0000000000033c18                moteid_interface
 .data.rel.ro.local
                0x0000000000033c20       0x18 build/cooja/mtype353.a(pir-sensor.o)
                0x0000000000033c20                pir_interface
                0x0000000000033c28                pir_sensor
 .data.rel.ro.local
                0x0000000000033c38        0x8 build/cooja/mtype353.a(rs232.o)
                0x0000000000033c38                rs232_interface
 .data.rel.ro.local
                0x0000000000033c40       0x18 build/cooja/mtype353.a(vib-sensor.o)
                0x0000000000033c40                vib_interface
                0x0000000000033c48                vib_sensor
 .data.rel.ro.local
                0x0000000000033c58        0x8 build/cooja/mtype353.a(clock.o)
                0x0000000000033c58                clock_interface
 .data.rel.ro.local
                0x0000000000033c60        0x8 build/cooja/mtype353.a(cooja-log.o)
                0x0000000000033c60                simlog_interface
 .data.rel.ro.local
                0x0000000000033c68        0x8 build/cooja/mtype353.a(cfs-cooja.o)
                0x0000000000033c68                cfs_interface
 *fill*         0x0000000000033c70       0x10 
 .data.rel.ro.local
                0x0000000000033c80       0x58 build/cooja/mtype353.a(cooja-radio.o)
                0x0000000000033c80                radio_interface
                0x0000000000033ca0                cooja_radio_driver
 .data.rel.ro.local
                0x0000000000033cd8        0x8 build/cooja/mtype353.a(eeprom.o)
                0x0000000000033cd8                eeprom_interface
 .data.rel.ro.local
                0x0000000000033ce0       0x18 build/cooja/mtype353.a(buttons.o)
                0x0000000000033ce0                button_interface
                0x0000000000033ce8                button_sensor
 .data.rel.ro.local
                0x0000000000033cf8       0x1c build/cooja/mtype353.a(csma.o)
                0x0000000000033cf8                csma_driver
 .data.rel.ro.local
                0x0000000000033d14       0x10 build/cooja/mtype353.a(sicslowpan.o)
                0x0000000000033d14                sicslowpan_driver
 .data.rel.ro.local
                0x0000000000033d24        0xc build/cooja/mtype353.a(coap-timer-defa)
                0x0000000000033d24                coap_timer_default_driver
 .data.rel.ro.local
                0x0000000000033d30        0xc build/cooja/mtype353.a(framer-802154.o)
                0x0000000000033d30                framer_802154
 *(.data.rel.ro .data.rel.ro.* .gnu.linkonce.d.rel.ro.*)
 .data.rel.ro   0x0000000000033d3c        0x0 /usr/lib/gcc/i686-linux-gnu/7/../../../i386-linux-gnu/crti.o
 *fill*         0x0000000000033d3c        0x4 
 .data.rel.ro   0x0000000000033d40       0x54 build/cooja/mtype353.a(rpl.o)
                0x0000000000033d40                rpl_lite_driver
 .data.rel.ro   0x0000000000033d94        0x4 build/cooja/mtype353.a(rpl-dag.o)

.dynamic        0x0000000000033d98       0xf0
 *(.dynamic)
 .dynamic       0x0000000000033d98       0xf0 /usr/lib/gcc/i686-linux-gnu/7/../../../i386-linux-gnu/crti.o
                0x0000000000033d98                _DYNAMIC

.got            0x0000000000033e88      0x164
 *(.got)
 .got           0x0000000000033e88      0x164 /usr/lib/gcc/i686-linux-gnu/7/../../../i386-linux-gnu/crti.o
 *(.igot)
                0x0000000000033ff4                . = DATA_SEGMENT_RELRO_END (., (SIZEOF (.got.plt) >= 0xc)?0xc:0x0)

.got.plt        0x0000000000034000      0x560
 *(.got.plt)
 .got.plt       0x0000000000034000      0x560 /usr/lib/gcc/i686-linux-gnu/7/../../../i386-linux-gnu/crti.o
                0x0000000000034000                _GLOBAL_OFFSET_TABLE_
 *(.igot.plt)

.data           0x0000000000034560      0x424
 *(.data .data.* .gnu.linkonce.d.*)
 .data          0x0000000000034560        0x0 /usr/lib/gcc/i686-linux-gnu/7/../../../i386-linux-gnu/crti.o
 .data          0x0000000000034560        0x0 /usr/lib/gcc/i686-linux-gnu/7/crtbeginS.o
 .data.rel.local
                0x0000000000034560        0x4 /usr/lib/gcc/i686-linux-gnu/7/crtbeginS.o
                0x0000000000034560                __dso_handle
 .data          0x0000000000034564        0x0 observing.o
 .data.rel.local
                0x0000000000034564       0x10 observing.o
                0x0000000000034564                er_example_server
 .data          0x0000000000034574        0x0 build/cooja/mtype353.o
 *fill*         0x0000000000034574        0xc 
 .data.rel      0x0000000000034580       0x44 build/cooja/mtype353.o
                0x0000000000034580                simInterfaces
                0x00000000000345b4                sensors
 .data          0x00000000000345c4        0x0 build/cooja/mtype353.a(simEnvChange.o)
 .data          0x00000000000345c4        0x0 build/cooja/mtype353.a(cooja_mt.o)
 .data          0x00000000000345c4        0x0 build/cooja/mtype353.a(cooja_mtarch.o)
 .data          0x00000000000345c4        0x0 build/cooja/mtype353.a(rtimer-arch.o)
 .data          0x00000000000345c4        0x0 build/cooja/mtype353.a(beep.o)
 .data          0x00000000000345c4        0x0 build/cooja/mtype353.a(leds-arch.o)
 .data          0x00000000000345c4        0x0 build/cooja/mtype353.a(moteid.o)
 .data          0x00000000000345c4        0x0 build/cooja/mtype353.a(pir-sensor.o)
 .data          0x00000000000345c4        0x0 build/cooja/mtype353.a(rs232.o)
 .data          0x00000000000345c4        0x0 build/cooja/mtype353.a(vib-sensor.o)
 .data          0x00000000000345c4        0x0 build/cooja/mtype353.a(clock.o)
 .data          0x00000000000345c4        0x0 build/cooja/mtype353.a(cooja-log.o)
 .data          0x00000000000345c4        0x0 build/cooja/mtype353.a(cfs-cooja.o)
 .data          0x00000000000345c4       0x20 build/cooja/mtype353.a(cooja-radio.o)
                0x00000000000345c4                simRadioHWOn
                0x00000000000345c8                simSignalStrength
                0x00000000000345cc                simLastSignalStrength
                0x00000000000345d0                simPower
                0x00000000000345d4                simRadioChannel
                0x00000000000345d8                simLQI
                0x00000000000345dc                simLastLQI
 .data.rel.local
                0x00000000000345e4       0x10 build/cooja/mtype353.a(cooja-radio.o)
                0x00000000000345e4                cooja_radio_process
 .data          0x00000000000345f4        0x0 build/cooja/mtype353.a(eeprom.o)
 .data          0x00000000000345f4        0x0 build/cooja/mtype353.a(random.o)
 .data          0x00000000000345f4        0x0 build/cooja/mtype353.a(sensors.o)
 .data.rel.local
                0x00000000000345f4       0x10 build/cooja/mtype353.a(sensors.o)
                0x00000000000345f4                sensors_process
 .data          0x0000000000034604        0x0 build/cooja/mtype353.a(leds.o)
 .data          0x0000000000034604        0x0 build/cooja/mtype353.a(gpio-hal-arch.o)
 .data          0x0000000000034604        0x1 build/cooja/mtype353.a(buttons.o)
                0x0000000000034604                simButtonIsActive
 *fill*         0x0000000000034605       0x1b 
 .data.rel.local
                0x0000000000034620       0x58 build/cooja/mtype353.a(buttons.o)
                0x0000000000034670                button_hal_buttons
 .data          0x0000000000034678        0x0 build/cooja/mtype353.a(res-status.o)
 *fill*         0x0000000000034678        0x8 
 .data.rel.local
                0x0000000000034680       0x24 build/cooja/mtype353.a(res-status.o)
                0x0000000000034680                res_obs
 .data          0x00000000000346a4        0x0 build/cooja/mtype353.a(coap-engine.o)
 .data.rel.local
                0x00000000000346a4        0x8 build/cooja/mtype353.a(coap-engine.o)
 .data          0x00000000000346ac        0x0 build/cooja/mtype353.a(coap-res-well-k)
 *fill*         0x00000000000346ac       0x14 
 .data.rel.local
                0x00000000000346c0       0x24 build/cooja/mtype353.a(coap-res-well-k)
                0x00000000000346c0                res_well_known_core
 .data          0x00000000000346e4        0x0 build/cooja/mtype353.a(coap-observe.o)
 .data.rel.local
                0x00000000000346e4       0x10 build/cooja/mtype353.a(coap-observe.o)
 .data          0x00000000000346f4        0x0 build/cooja/mtype353.a(coap-uip.o)
 .data.rel.local
                0x00000000000346f4       0x10 build/cooja/mtype353.a(coap-uip.o)
                0x00000000000346f4                coap_engine
 .data          0x0000000000034704        0x0 build/cooja/mtype353.a(coap-timer.o)
 .data.rel.local
                0x0000000000034704        0x4 build/cooja/mtype353.a(coap-timer.o)
 .data          0x0000000000034708        0x0 build/cooja/mtype353.a(coap-transactio)
 .data.rel.local
                0x0000000000034708       0x10 build/cooja/mtype353.a(coap-transactio)
 .data          0x0000000000034718        0x0 build/cooja/mtype353.a(coap.o)
 .data.rel.local
                0x0000000000034718        0x4 build/cooja/mtype353.a(coap.o)
                0x0000000000034718                coap_error_message
 .data          0x000000000003471c        0x0 build/cooja/mtype353.a(contiki-main.o)
 .data          0x000000000003471c        0x0 build/cooja/mtype353.a(autostart.o)
 .data          0x000000000003471c        0x0 build/cooja/mtype353.a(ctimer.o)
 .data.rel.local
                0x000000000003471c       0x14 build/cooja/mtype353.a(ctimer.o)
                0x0000000000034720                ctimer_process
 .data          0x0000000000034730        0x4 build/cooja/mtype353.a(log.o)
                0x0000000000034730                curr_log_level_main
 *fill*         0x0000000000034734        0xc 
 .data.rel.local
                0x0000000000034740       0x9c build/cooja/mtype353.a(log.o)
                0x0000000000034740                all_modules
 .data          0x00000000000347dc        0x0 build/cooja/mtype353.a(energest.o)
 .data          0x00000000000347dc        0x0 build/cooja/mtype353.a(etimer.o)
 .data.rel.local
                0x00000000000347dc       0x10 build/cooja/mtype353.a(etimer.o)
                0x00000000000347dc                etimer_process
 .data          0x00000000000347ec        0x0 build/cooja/mtype353.a(node-id.o)
 .data          0x00000000000347ec        0x0 build/cooja/mtype353.a(rtimer.o)
 .data          0x00000000000347ec        0x0 build/cooja/mtype353.a(process.o)
 .data          0x00000000000347ec        0x0 build/cooja/mtype353.a(timer.o)
 .data          0x00000000000347ec        0x0 build/cooja/mtype353.a(list.o)
 .data          0x00000000000347ec        0x0 build/cooja/mtype353.a(memb.o)
 .data          0x00000000000347ec        0x0 build/cooja/mtype353.a(button-hal.o)
 .data.rel.local
                0x00000000000347ec       0x10 build/cooja/mtype353.a(button-hal.o)
                0x00000000000347ec                button_hal_process
 .data          0x00000000000347fc        0x0 build/cooja/mtype353.a(serial-line.o)
 .data.rel.local
                0x00000000000347fc       0x10 build/cooja/mtype353.a(serial-line.o)
                0x00000000000347fc                serial_line_process
 .data          0x000000000003480c        0x0 build/cooja/mtype353.a(gpio-hal.o)
 .data.rel.local
                0x000000000003480c        0x4 build/cooja/mtype353.a(gpio-hal.o)
 .data          0x0000000000034810        0x0 build/cooja/mtype353.a(queuebuf.o)
 .data.rel.local
                0x0000000000034810       0x18 build/cooja/mtype353.a(queuebuf.o)
 .data          0x0000000000034828        0x0 build/cooja/mtype353.a(packetbuf.o)
 .data.rel.local
                0x0000000000034828        0x4 build/cooja/mtype353.a(packetbuf.o)
 .data          0x000000000003482c        0x0 build/cooja/mtype353.a(netstack.o)
 .data.rel.local
                0x000000000003482c        0x4 build/cooja/mtype353.a(netstack.o)
 .data          0x0000000000034830        0x0 build/cooja/mtype353.a(linkaddr.o)
 .data          0x0000000000034830        0x0 build/cooja/mtype353.a(printf.o)
 .data.rel.local
                0x0000000000034830        0x8 build/cooja/mtype353.a(printf.o)
 .data          0x0000000000034838        0x0 build/cooja/mtype353.a(sprintf.o)
 .data          0x0000000000034838        0x0 build/cooja/mtype353.a(snprintf.o)
 .data          0x0000000000034838        0x0 build/cooja/mtype353.a(putchar.o)
 .data          0x0000000000034838        0x0 build/cooja/mtype353.a(csma.o)
 .data          0x0000000000034838        0x0 build/cooja/mtype353.a(csma-output.o)
 .data.rel.local
                0x0000000000034838       0x28 build/cooja/mtype353.a(csma-output.o)
 .data          0x0000000000034860        0x0 build/cooja/mtype353.a(uip-ds6.o)
 .data          0x0000000000034860        0x0 build/cooja/mtype353.a(uip-udp-packet.)
 .data          0x0000000000034860        0x0 build/cooja/mtype353.a(uip-ds6-route.o)
 .data.rel.local
                0x0000000000034860       0x10 build/cooja/mtype353.a(uip-ds6-route.o)
 .data          0x0000000000034870        0x0 build/cooja/mtype353.a(tcpip.o)
 .data.rel.local
                0x0000000000034870       0x10 build/cooja/mtype353.a(tcpip.o)
                0x0000000000034870                tcpip_process
 .data          0x0000000000034880        0x0 build/cooja/mtype353.a(uip6.o)
 .data          0x0000000000034880        0x0 build/cooja/mtype353.a(uip-ds6-nbr.o)
 .data.rel.local
                0x0000000000034880       0x14 build/cooja/mtype353.a(uip-ds6-nbr.o)
 .data          0x0000000000034894        0x0 build/cooja/mtype353.a(uip-nd6.o)
 .data.rel.local
                0x0000000000034894        0xc build/cooja/mtype353.a(uip-nd6.o)
 .data          0x00000000000348a0        0x0 build/cooja/mtype353.a(sicslowpan.o)
 .data          0x00000000000348a0        0x0 build/cooja/mtype353.a(uiplib.o)
 .data          0x00000000000348a0        0x0 build/cooja/mtype353.a(rpl.o)
 .data          0x00000000000348a0        0x0 build/cooja/mtype353.a(rpl-icmp6.o)
 .data.rel.local
                0x00000000000348a0       0x30 build/cooja/mtype353.a(rpl-icmp6.o)
 .data          0x00000000000348d0        0x0 build/cooja/mtype353.a(rpl-dag-root.o)
 .data          0x00000000000348d0        0x0 build/cooja/mtype353.a(watchdog.o)
 .data          0x00000000000348d0        0x0 build/cooja/mtype353.a(int-master.o)
 .data          0x00000000000348d0        0x0 build/cooja/mtype353.a(coap-timer-defa)
 .data.rel.local
                0x00000000000348d0       0x10 build/cooja/mtype353.a(coap-timer-defa)
                0x00000000000348d0                coap_timer_process
 .data          0x00000000000348e0        0x0 build/cooja/mtype353.a(stimer.o)
 .data          0x00000000000348e0        0x0 build/cooja/mtype353.a(ringbuf.o)
 .data          0x00000000000348e0        0x0 build/cooja/mtype353.a(assert.o)
 .data          0x00000000000348e0        0x0 build/cooja/mtype353.a(nbr-table.o)
 .data.rel.local
                0x00000000000348e0       0x10 build/cooja/mtype353.a(nbr-table.o)
 .data          0x00000000000348f0        0x0 build/cooja/mtype353.a(link-stats.o)
 .data.rel.local
                0x00000000000348f0       0x14 build/cooja/mtype353.a(link-stats.o)
 .data          0x0000000000034904        0x0 build/cooja/mtype353.a(mac-sequence.o)
 .data          0x0000000000034904        0x0 build/cooja/mtype353.a(mac.o)
 .data          0x0000000000034904        0x0 build/cooja/mtype353.a(framer-802154.o)
 .data          0x0000000000034904        0x2 build/cooja/mtype353.a(frame802154.o)
 .data          0x0000000000034906        0x0 build/cooja/mtype353.a(strformat.o)
 .data          0x0000000000034906        0x0 build/cooja/mtype353.a(csma-security.o)
 .data          0x0000000000034906        0x0 build/cooja/mtype353.a(uipbuf.o)
 .data          0x0000000000034906        0x0 build/cooja/mtype353.a(uip-icmp6.o)
 *fill*         0x0000000000034906        0x2 
 .data.rel.local
                0x0000000000034908       0x20 build/cooja/mtype353.a(uip-icmp6.o)
 .data          0x0000000000034928        0x0 build/cooja/mtype353.a(uip-sr.o)
 .data.rel.local
                0x0000000000034928       0x10 build/cooja/mtype353.a(uip-sr.o)
 .data          0x0000000000034938        0x0 build/cooja/mtype353.a(uip-packetqueue)
 .data.rel.local
                0x0000000000034938        0xc build/cooja/mtype353.a(uip-packetqueue)
 .data          0x0000000000034944        0x0 build/cooja/mtype353.a(rpl-nbr-policy.)
 .data          0x0000000000034944        0x0 build/cooja/mtype353.a(rpl-neighbor.o)
 .data.rel.local
                0x0000000000034944       0x14 build/cooja/mtype353.a(rpl-neighbor.o)
                0x0000000000034954                rpl_neighbors
 .data          0x0000000000034958        0x0 build/cooja/mtype353.a(rpl-dag.o)
 .data          0x0000000000034958        0x0 build/cooja/mtype353.a(rpl-timers.o)
 .data          0x0000000000034958        0x0 build/cooja/mtype353.a(rpl-ext-header.)
 .data          0x0000000000034958        0x0 build/cooja/mtype353.a(rpl-mrhof.o)
 *fill*         0x0000000000034958        0x8 
 .data.rel.local
                0x0000000000034960       0x24 build/cooja/mtype353.a(rpl-mrhof.o)
                0x0000000000034960                rpl_mrhof
 .data          0x0000000000034984        0x0 /usr/lib/gcc/i686-linux-gnu/7/libgcc.a(_udivdi3.o)
 .data          0x0000000000034984        0x0 /usr/lib/gcc/i686-linux-gnu/7/libgcc.a(_umoddi3.o)
 .data          0x0000000000034984        0x0 /usr/lib/i386-linux-gnu/libc_nonshared.a(stack_chk_fail_local.oS)
 .data          0x0000000000034984        0x0 /usr/lib/gcc/i686-linux-gnu/7/crtendS.o
 .data          0x0000000000034984        0x0 /usr/lib/gcc/i686-linux-gnu/7/../../../i386-linux-gnu/crtn.o

.tm_clone_table
                0x0000000000034984        0x0
 .tm_clone_table
                0x0000000000034984        0x0 /usr/lib/gcc/i686-linux-gnu/7/crtbeginS.o
 .tm_clone_table
                0x0000000000034984        0x0 /usr/lib/gcc/i686-linux-gnu/7/crtendS.o

.data1
 *(.data1)