Archive member included to satisfy reference by file (symbol)

build/cooja/mtype421.a(simEnvChange.o)
                              build/cooja/mtype421.o (simDontFallAsleep)
build/cooja/mtype421.a(cooja_mt.o)
                              build/cooja/mtype421.o (cooja_mt_start)
build/cooja/mtype421.a(cooja_mtarch.o)
                              build/cooja/mtype421.a(cooja_mt.o) (cooja_mtarch_start)
build/cooja/mtype421.a(rtimer-arch.o)
                              build/cooja/mtype421.o (rtimer_arch_check)
build/cooja/mtype421.a(beep.o)
                              build/cooja/mtype421.o (beep_interface)
build/cooja/mtype421.a(leds-arch.o)
                              build/cooja/mtype421.o (leds_interface)
build/cooja/mtype421.a(moteid.o)
                              build/cooja/mtype421.o (moteid_interface)
build/cooja/mtype421.a(pir-sensor.o)
                              build/cooja/mtype421.o (pir_interface)
build/cooja/mtype421.a(rs232.o)
                              build/cooja/mtype421.o (rs232_interface)
build/cooja/mtype421.a(vib-sensor.o)
                              build/cooja/mtype421.o (vib_interface)
build/cooja/mtype421.a(clock.o)
                              build/cooja/mtype421.o (clock_interface)
build/cooja/mtype421.a(cooja-log.o)
                              build/cooja/mtype421.o (simlog_interface)
build/cooja/mtype421.a(cfs-cooja.o)
                              build/cooja/mtype421.o (cfs_interface)
build/cooja/mtype421.a(cooja-radio.o)
                              build/cooja/mtype421.o (radio_interface)
build/cooja/mtype421.a(eeprom.o)
                              build/cooja/mtype421.o (eeprom_interface)
build/cooja/mtype421.a(random.o)
                              build/cooja/mtype421.a(moteid.o) (random_init)
build/cooja/mtype421.a(sensors.o)
                              build/cooja/mtype421.a(pir-sensor.o) (sensors_changed)
build/cooja/mtype421.a(leds.o)
                              build/cooja/mtype421.a(leds-arch.o) (leds_get)
build/cooja/mtype421.a(gpio-hal-arch.o)
                              build/cooja/mtype421.a(leds-arch.o) (gpio_hal_arch_register_pin_callback)
build/cooja/mtype421.a(buttons.o)
                              build/cooja/mtype421.o (button_interface)
build/cooja/mtype421.a(webserver.o)
                              border-router.o (webserver_nogui_process)
build/cooja/mtype421.a(contiki-main.o)
                              build/cooja/mtype421.o (main)
build/cooja/mtype421.a(autostart.o)
                              build/cooja/mtype421.a(contiki-main.o) (autostart_start)
build/cooja/mtype421.a(ctimer.o)
                              build/cooja/mtype421.a(contiki-main.o) (ctimer_init)
build/cooja/mtype421.a(log.o)
                              build/cooja/mtype421.a(contiki-main.o) (curr_log_level_main)
build/cooja/mtype421.a(energest.o)
                              build/cooja/mtype421.a(contiki-main.o) (energest_init)
build/cooja/mtype421.a(etimer.o)
                              build/cooja/mtype421.a(contiki-main.o) (etimer_process)
build/cooja/mtype421.a(node-id.o)
                              build/cooja/mtype421.a(contiki-main.o) (node_id)
build/cooja/mtype421.a(rtimer.o)
                              build/cooja/mtype421.a(contiki-main.o) (rtimer_init)
build/cooja/mtype421.a(process.o)
                              build/cooja/mtype421.a(ctimer.o) (process_current)
build/cooja/mtype421.a(timer.o)
                              build/cooja/mtype421.a(etimer.o) (timer_set)
build/cooja/mtype421.a(list.o)
                              build/cooja/mtype421.a(ctimer.o) (list_init)
build/cooja/mtype421.a(button-hal.o)
                              build/cooja/mtype421.o (button_hal_init)
build/cooja/mtype421.a(serial-line.o)
                              build/cooja/mtype421.a(rs232.o) (serial_line_input_byte)
build/cooja/mtype421.a(gpio-hal.o)
                              build/cooja/mtype421.a(button-hal.o) (gpio_hal_register_handler)
build/cooja/mtype421.a(queuebuf.o)
                              build/cooja/mtype421.a(contiki-main.o) (queuebuf_init)
build/cooja/mtype421.a(packetbuf.o)
                              build/cooja/mtype421.a(cooja-radio.o) (packetbuf_clear)
build/cooja/mtype421.a(netstack.o)
                              build/cooja/mtype421.a(contiki-main.o) (netstack_init)
build/cooja/mtype421.a(linkaddr.o)
                              build/cooja/mtype421.a(contiki-main.o) (linkaddr_node_addr)
build/cooja/mtype421.a(printf.o)
                              border-router.o (log_printf)
build/cooja/mtype421.a(snprintf.o)
                              build/cooja/mtype421.a(webserver.o) (log_snprintf)
build/cooja/mtype421.a(putchar.o)
                              build/cooja/mtype421.a(cooja-log.o) (log_putchar)
build/cooja/mtype421.a(csma.o)
                              build/cooja/mtype421.a(cooja-radio.o) (csma_driver)
build/cooja/mtype421.a(csma-output.o)
[...]
Memory Configuration

Name             Origin             Length             Attributes
*default*        0x0000000000000000 0xffffffffffffffff

Linker script and memory map

LOAD /usr/lib/gcc/i686-linux-gnu/7/../../../i386-linux-gnu/crti.o
LOAD /usr/lib/gcc/i686-linux-gnu/7/crtbeginS.o
LOAD border-router.o
LOAD build/cooja/mtype421.o
LOAD build/cooja/mtype421.a
LOAD /usr/lib/gcc/i686-linux-gnu/7/libgcc.a
LOAD /usr/lib/gcc/i686-linux-gnu/7/libgcc_s.so
START GROUP
LOAD /usr/lib/gcc/i686-linux-gnu/7/libgcc_s.so.1
LOAD /usr/lib/gcc/i686-linux-gnu/7/libgcc.a
END GROUP
LOAD /usr/lib/gcc/i686-linux-gnu/7/../../../i386-linux-gnu/libc.so
START GROUP
LOAD /lib/i386-linux-gnu/libc.so.6
LOAD /usr/lib/i386-linux-gnu/libc_nonshared.a
LOAD /lib/i386-linux-gnu/ld-linux.so.2
END GROUP
LOAD /usr/lib/gcc/i686-linux-gnu/7/libgcc.a
LOAD /usr/lib/gcc/i686-linux-gnu/7/libgcc_s.so
START GROUP
LOAD /usr/lib/gcc/i686-linux-gnu/7/libgcc_s.so.1
LOAD /usr/lib/gcc/i686-linux-gnu/7/libgcc.a
END GROUP
LOAD /usr/lib/gcc/i686-linux-gnu/7/crtendS.o
LOAD /usr/lib/gcc/i686-linux-gnu/7/../../../i386-linux-gnu/crtn.o
                0x0000000000000114                . = (SEGMENT_START ("text-segment", 0x0) + SIZEOF_HEADERS)

.note.gnu.build-id
                0x0000000000000114       0x24
 *(.note.gnu.build-id)
 .note.gnu.build-id
                0x0000000000000114       0x24 /usr/lib/gcc/i686-linux-gnu/7/../../../i386-linux-gnu/crti.o

.hash
 *(.hash)

.gnu.hash       0x0000000000000138     0x14d8
 *(.gnu.hash)
 .gnu.hash      0x0000000000000138     0x14d8 /usr/lib/gcc/i686-linux-gnu/7/../../../i386-linux-gnu/crti.o

.dynsym         0x0000000000001610     0x2b90
 *(.dynsym)
 .dynsym        0x0000000000001610     0x2b90 /usr/lib/gcc/i686-linux-gnu/7/../../../i386-linux-gnu/crti.o

.dynstr         0x00000000000041a0     0x30e1
 *(.dynstr)
 .dynstr        0x00000000000041a0     0x30e1 /usr/lib/gcc/i686-linux-gnu/7/../../../i386-linux-gnu/crti.o

.gnu.version    0x0000000000007282      0x572
 *(.gnu.version)
 .gnu.version   0x0000000000007282      0x572 /usr/lib/gcc/i686-linux-gnu/7/../../../i386-linux-gnu/crti.o

.gnu.version_d  0x00000000000077f4        0x0
 *(.gnu.version_d)
 .gnu.version_d
                0x00000000000077f4        0x0 /usr/lib/gcc/i686-linux-gnu/7/../../../i386-linux-gnu/crti.o

.gnu.version_r  0x00000000000077f4       0x40
 *(.gnu.version_r)
 .gnu.version_r
                0x00000000000077f4       0x40 /usr/lib/gcc/i686-linux-gnu/7/../../../i386-linux-gnu/crti.o

.rel.dyn        0x0000000000007834      0xed8
 *(.rel.init)
 .rel.init      0x0000000000007834        0x0 /usr/lib/gcc/i686-linux-gnu/7/../../../i386-linux-gnu/crti.o
 *(.rel.text .rel.text.* .rel.gnu.linkonce.t.*)
 .rel.text      0x0000000000007834      0x570 /usr/lib/gcc/i686-linux-gnu/7/../../../i386-linux-gnu/crti.o
 *(.rel.fini)
 .rel.fini      0x0000000000007da4        0x0 /usr/lib/gcc/i686-linux-gnu/7/../../../i386-linux-gnu/crti.o
 *(.rel.rodata .rel.rodata.* .rel.gnu.linkonce.r.*)
 *(.rel.data.rel.ro .rel.data.rel.ro.* .rel.gnu.linkonce.d.rel.ro.*)
 .rel.data.rel.ro.local
                0x0000000000007da4      0x218 /usr/lib/gcc/i686-linux-gnu/7/../../../i386-linux-gnu/crti.o
 .rel.data.rel.ro
                0x0000000000007fbc       0xb0 /usr/lib/gcc/i686-linux-gnu/7/../../../i386-linux-gnu/crti.o
 *(.rel.data .rel.data.* .rel.gnu.linkonce.d.*)
 .rel.data.rel.local
                0x000000000000806c      0x340 /usr/lib/gcc/i686-linux-gnu/7/../../../i386-linux-gnu/crti.o
 .rel.data.rel  0x00000000000083ac       0x78 /usr/lib/gcc/i686-linux-gnu/7/../../../i386-linux-gnu/crti.o
 *(.rel.tdata .rel.tdata.* .rel.gnu.linkonce.td.*)
 *(.rel.tbss .rel.tbss.* .rel.gnu.linkonce.tb.*)
 *(.rel.ctors)
 *(.rel.dtors)
 *(.rel.got)
 .rel.got       0x0000000000008424      0x2d8 /usr/lib/gcc/i686-linux-gnu/7/../../../i386-linux-gnu/crti.o
 *(.rel.bss .rel.bss.* .rel.gnu.linkonce.b.*)
 *(.rel.ifunc)
 .rel.ifunc     0x00000000000086fc        0x0 /usr/lib/gcc/i686-linux-gnu/7/../../../i386-linux-gnu/crti.o
 .rel.fini_array
                0x00000000000086fc        0x8 /usr/lib/gcc/i686-linux-gnu/7/../../../i386-linux-gnu/crti.o
 .rel.init_array
                0x0000000000008704        0x8 /usr/lib/gcc/i686-linux-gnu/7/../../../i386-linux-gnu/crti.o

.rel.plt        0x000000000000870c      0xa08
 *(.rel.plt)
 .rel.plt       0x000000000000870c      0xa08 /usr/lib/gcc/i686-linux-gnu/7/../../../i386-linux-gnu/crti.o
 *(.rel.iplt)

.init           0x0000000000009114       0x23
 *(SORT_NONE(.init))
 .init          0x0000000000009114       0x1e /usr/lib/gcc/i686-linux-gnu/7/../../../i386-linux-gnu/crti.o
                0x0000000000009114                _init
 .init          0x0000000000009132        0x5 /usr/lib/gcc/i686-linux-gnu/7/../../../i386-linux-gnu/crtn.o

.plt            0x0000000000009140     0x1420
 *(.plt)
 .plt           0x0000000000009140     0x1420 /usr/lib/gcc/i686-linux-gnu/7/../../../i386-linux-gnu/crti.o
 *(.iplt)

.plt.got        0x000000000000a560       0x18
 *(.plt.got)
 .plt.got       0x000000000000a560       0x18 /usr/lib/gcc/i686-linux-gnu/7/../../../i386-linux-gnu/crti.o

.plt.sec
 *(.plt.sec)

.text           0x000000000000a580    0x1d334
 *(.text.unlikely .text.*_unlikely .text.unlikely.*)
 *(.text.exit .text.exit.*)
 *(.text.startup .text.startup.*)
 *(.text.hot .text.hot.*)
 *(.text .stub .text.* .gnu.linkonce.t.*)
 .text          0x000000000000a580        0x0 /usr/lib/gcc/i686-linux-gnu/7/../../../i386-linux-gnu/crti.o
 .gnu.linkonce.t.__x86.get_pc_thunk.bx
                0x000000000000a580        0x4 /usr/lib/gcc/i686-linux-gnu/7/../../../i386-linux-gnu/crti.o
                0x000000000000a580                __x86.get_pc_thunk.bx
 *fill*         0x000000000000a584        0xc 
 .text          0x000000000000a590       0xe9 /usr/lib/gcc/i686-linux-gnu/7/crtbeginS.o
 .text.__x86.get_pc_thunk.dx
                0x000000000000a679        0x4 /usr/lib/gcc/i686-linux-gnu/7/crtbeginS.o
                0x000000000000a679                __x86.get_pc_thunk.dx
 .text          0x000000000000a67d       0x85 border-router.o
 .text          0x000000000000a702      0x369 build/cooja/mtype421.o
                0x000000000000a7b2                platform_init_stage_one
                0x000000000000a7d5                platform_init_stage_two
                0x000000000000a7f8                platform_init_stage_three
                0x000000000000a81b                platform_main_loop
                0x000000000000a8c1                Java_org_contikios_cooja_corecomm_Lib3_init
                0x000000000000a90f                Java_org_contikios_cooja_corecomm_Lib3_getMemory
                0x000000000000a94f                Java_org_contikios_cooja_corecomm_Lib3_setMemory
                0x000000000000a9c0                Java_org_contikios_cooja_corecomm_Lib3_tick
                0x000000000000aa4a                Java_org_contikios_cooja_corecomm_Lib3_setReferenceAddress
 .text.__x86.get_pc_thunk.ax
                0x000000000000aa6b        0x4 build/cooja/mtype421.o
                0x000000000000aa6b                __x86.get_pc_thunk.ax
 .text          0x000000000000aa6f       0x8d build/cooja/mtype421.a(simEnvChange.o)
                0x000000000000aa6f                doActionsBeforeTick
                0x000000000000aab5                doActionsAfterTick
 .text          0x000000000000aafc       0xb6 build/cooja/mtype421.a(cooja_mt.o)
                0x000000000000aafc                cooja_mt_start
                0x000000000000ab36                cooja_mt_exec
                0x000000000000ab7d                cooja_mt_yield
 .text          0x000000000000abb2       0xf2 build/cooja/mtype421.a(cooja_mtarch.o)
                0x000000000000abb2                cooja_mtarch_start
                0x000000000000ac36                cooja_sw
                0x000000000000ac64                cooja_mtarch_exec
                0x000000000000ac8f                cooja_mtarch_yield
 .text          0x000000000000aca4      0x127 build/cooja/mtype421.a(rtimer-arch.o)
                0x000000000000aca4                rtimer_arch_init
                0x000000000000acd3                rtimer_arch_schedule
                0x000000000000ad15                rtimer_arch_next
                0x000000000000ad2f                rtimer_arch_pending
                0x000000000000ad46                rtimer_arch_check
                0x000000000000adb1                rtimer_arch_now
 .text.__x86.get_pc_thunk.cx
                0x000000000000adcb        0x4 build/cooja/mtype421.a(rtimer-arch.o)
                0x000000000000adcb                __x86.get_pc_thunk.cx
 .text          0x000000000000adcf      0x101 build/cooja/mtype421.a(beep.o)
                0x000000000000adcf                beep_alarm
                0x000000000000ade8                beep_beep
                0x000000000000ae01                beep
                0x000000000000ae1a                beep_down
                0x000000000000ae33                beep_on
                0x000000000000ae4c                beep_off
                0x000000000000ae65                beep_spinup
                0x000000000000ae7e                beep_quick
                0x000000000000ae97                beep_long
 .text          0x000000000000aed0       0x9f build/cooja/mtype421.a(leds-arch.o)
                0x000000000000aef4                leds_arch_init
 .text          0x000000000000af6f       0x56 build/cooja/mtype421.a(moteid.o)
 .text          0x000000000000afc5      0x101 build/cooja/mtype421.a(pir-sensor.o)
 .text          0x000000000000b0c6      0x1cc build/cooja/mtype421.a(rs232.o)
                0x000000000000b0c6                rs232_init
                0x000000000000b0d6                rs232_set_speed
                0x000000000000b0ef                rs232_set_input
                0x000000000000b108                rs232_send
                0x000000000000b13e                rs232_print
                0x000000000000b16c                slip_arch_writeb
 .text          0x000000000000b292      0x101 build/cooja/mtype421.a(vib-sensor.o)
 .text          0x000000000000b393       0x7a build/cooja/mtype421.a(clock.o)
                0x000000000000b393                clock_init
                0x000000000000b3a3                clock_time
                0x000000000000b3ba                clock_seconds
                0x000000000000b3dd                clock_delay
 .text          0x000000000000b40d      0x230 build/cooja/mtype421.a(cooja-log.o)
                0x000000000000b40d                simlog_char
                0x000000000000b471                simlog
                0x000000000000b4f3                log_message
                0x000000000000b542                log_set_putchar_with_slip
                0x000000000000b55b                dbg_putchar
                0x000000000000b5e3                dbg_send_bytes
 .text          0x000000000000b63d      0x36c build/cooja/mtype421.a(cfs-cooja.o)
                0x000000000000b63d                cfs_open
                0x000000000000b6b5                cfs_close
                0x000000000000b6cc                cfs_read
                0x000000000000b780                cfs_write
                0x000000000000b87e                cfs_seek
                0x000000000000b91b                cfs_remove
                0x000000000000b951                cfs_opendir
                0x000000000000b965                cfs_readdir
                0x000000000000b979                cfs_closedir
 .text          0x000000000000b9a9      0x78b build/cooja/mtype421.a(cooja-radio.o)
                0x000000000000ba17                radio_set_channel
                0x000000000000ba30                radio_set_txpower
                0x000000000000ba53                radio_signal_strength_last
                0x000000000000ba68                radio_signal_strength_current
                0x000000000000ba7d                radio_LQI
 .text          0x000000000000c134      0x130 build/cooja/mtype421.a(eeprom.o)
                0x000000000000c134                eeprom_init
                0x000000000000c144                eeprom_read
                0x000000000000c1c4                eeprom_write
 .text          0x000000000000c264       0x4e build/cooja/mtype421.a(random.o)
                0x000000000000c264                random_init
                0x000000000000c294                random_rand
 .text          0x000000000000c2b2      0x332 build/cooja/mtype421.a(sensors.o)
                0x000000000000c2f9                sensors_first
                0x000000000000c310                sensors_next
                0x000000000000c33b                sensors_changed
                0x000000000000c388                sensors_find
 .text          0x000000000000c5e4      0x3fc build/cooja/mtype421.a(leds.o)
                0x000000000000c5e4                leds_init
                0x000000000000c63c                leds_single_on
                0x000000000000c6b4                leds_single_off
                0x000000000000c72c                leds_single_toggle
                0x000000000000c770                leds_on
                0x000000000000c808                leds_off
                0x000000000000c8a0                leds_toggle
                0x000000000000c906                leds_set
                0x000000000000c93c                leds_get
 .text          0x000000000000c9e0      0x401 build/cooja/mtype421.a(gpio-hal-arch.o)
                0x000000000000c9e0                gpio_hal_arch_register_pin_callback
                0x000000000000ca61                gpio_hal_arch_init
                0x000000000000cabb                gpio_hal_arch_no_port_interrupt_enable
                0x000000000000caf5                gpio_hal_arch_no_port_interrupt_disable
                0x000000000000cb2f                gpio_hal_arch_no_port_pin_cfg_set
                0x000000000000cb5e                gpio_hal_arch_no_port_pin_cfg_get
                0x000000000000cb8e                gpio_hal_arch_no_port_pin_set_input
                0x000000000000cbaa                gpio_hal_arch_no_port_pin_set_output
                0x000000000000cbc6                gpio_hal_arch_no_port_set_pin
                0x000000000000cbf1                gpio_hal_arch_no_port_clear_pin
                0x000000000000cc1c                gpio_hal_arch_no_port_read_pin
                0x000000000000cc4e                gpio_hal_arch_no_port_write_pin
                0x000000000000cc82                gpio_hal_arch_no_port_set_pins
                0x000000000000ccd3                gpio_hal_arch_no_port_clear_pins
                0x000000000000cd24                gpio_hal_arch_no_port_read_pins
                0x000000000000cd77                gpio_hal_arch_no_port_write_pins
 .text          0x000000000000cde1       0xc6 build/cooja/mtype421.a(buttons.o)
 .text          0x000000000000cea7      0x8ae build/cooja/mtype421.a(webserver.o)
                0x000000000000d740                httpd_simple_get_script
 .text          0x000000000000d755      0x3c6 build/cooja/mtype421.a(contiki-main.o)
                0x000000000000d755                main
 .text          0x000000000000db1b       0xb0 build/cooja/mtype421.a(autostart.o)
                0x000000000000db1b                autostart_start
                0x000000000000db74                autostart_exit
 .text          0x000000000000dbcb      0x400 build/cooja/mtype421.a(ctimer.o)
                0x000000000000dd0e                ctimer_init
                0x000000000000dd53                ctimer_set
                0x000000000000dd86                ctimer_set_with_process
                0x000000000000de1d                ctimer_reset
                0x000000000000de8b                ctimer_restart
                0x000000000000def9                ctimer_stop
                0x000000000000df59                ctimer_expired
 .text          0x000000000000dfcb      0x4a3 build/cooja/mtype421.a(log.o)
                0x000000000000dfcb                log_6addr
                0x000000000000e02f                log_6addr_compact_snprint
                0x000000000000e0ef                log_6addr_compact
                0x000000000000e153                log_lladdr
                0x000000000000e1da                log_lladdr_compact
                0x000000000000e257                log_bytes
                0x000000000000e2ab                log_set_level
                0x000000000000e389                log_get_level
                0x000000000000e41a                log_level_to_str
 .text          0x000000000000e46e       0x39 build/cooja/mtype421.a(energest.o)
                0x000000000000e46e                energest_init
                0x000000000000e47e                energest_flush
                0x000000000000e48e                energest_get_total_time
 .text          0x000000000000e4a7      0x527 build/cooja/mtype421.a(etimer.o)
                0x000000000000e6fc                etimer_request_poll
                0x000000000000e7ad                etimer_set
                0x000000000000e7e6                etimer_reset_with_new_interval
                0x000000000000e825                etimer_reset
                0x000000000000e85b                etimer_restart
                0x000000000000e891                etimer_adjust
                0x000000000000e8b8                etimer_expired
                0x000000000000e8d5                etimer_expiration_time
                0x000000000000e8f1                etimer_start_time
                0x000000000000e905                etimer_pending
                0x000000000000e922                etimer_next_expiration_time
                0x000000000000e94a                etimer_stop
 .text          0x000000000000e9ce       0x36 build/cooja/mtype421.a(node-id.o)
                0x000000000000e9ce                node_id_init
 .text          0x000000000000ea04      0x122 build/cooja/mtype421.a(rtimer.o)
                0x000000000000ea04                rtimer_init
                0x000000000000ea23                rtimer_set
                0x000000000000eab1                rtimer_run_next
 .text          0x000000000000eb26      0x5cb build/cooja/mtype421.a(process.o)
                0x000000000000eb26                process_alloc_event
                0x000000000000eb47                process_start
                0x000000000000ed4c                process_exit
                0x000000000000ed74                process_init
                0x000000000000ef3c                process_run
                0x000000000000ef7f                process_nevents
                0x000000000000efa4                process_post
                0x000000000000f051                process_post_synch
                0x000000000000f097                process_poll
                0x000000000000f0d3                process_is_running
 .text.__x86.get_pc_thunk.si
                0x000000000000f0f1        0x4 build/cooja/mtype421.a(process.o)
                0x000000000000f0f1                __x86.get_pc_thunk.si
 .text          0x000000000000f0f5       0xf6 build/cooja/mtype421.a(timer.o)
                0x000000000000f0f5                timer_set
                0x000000000000f124                timer_reset
                0x000000000000f15b                timer_restart
                0x000000000000f181                timer_expired
                0x000000000000f1bf                timer_remaining
 .text          0x000000000000f1eb      0x311 build/cooja/mtype421.a(list.o)
                0x000000000000f1eb                list_init
                0x000000000000f204                list_head
                0x000000000000f218                list_copy
                0x000000000000f232                list_tail
                0x000000000000f272                list_add
                0x000000000000f2c8                list_push
                0x000000000000f2fe                list_chop
                0x000000000000f372                list_pop
                0x000000000000f3a4                list_remove
                0x000000000000f416                list_length
                0x000000000000f44e                list_insert
                0x000000000000f49d                list_item_next
                0x000000000000f4be                list_contains
 .text          0x000000000000f4fc      0x566 build/cooja/mtype421.a(button-hal.o)
                0x000000000000f6f0                button_hal_get_by_id
                0x000000000000f73a                button_hal_get_by_index
                0x000000000000f774                button_hal_get_state
                0x000000000000f7d6                button_hal_init
 .text          0x000000000000fa62      0x242 build/cooja/mtype421.a(serial-line.o)
                0x000000000000fa62                serial_line_input_byte
                0x000000000000fc5a                serial_line_init
 .text          0x000000000000fca4      0x1d6 build/cooja/mtype421.a(gpio-hal.o)
                0x000000000000fca4                gpio_hal_register_handler
                0x000000000000fcd2                gpio_hal_event_handler
                0x000000000000fd3f                gpio_hal_init
                0x000000000000fd6e                gpio_hal_arch_port_toggle_pin
                0x000000000000fdb9                gpio_hal_arch_port_toggle_pins
                0x000000000000fdf6                gpio_hal_arch_no_port_toggle_pin
                0x000000000000fe43                gpio_hal_arch_no_port_toggle_pins
 .text          0x000000000000fe7a      0x3a9 build/cooja/mtype421.a(queuebuf.o)
                0x000000000000fe8e                queuebuf_init
                0x000000000000feca                queuebuf_numfree
                0x000000000000fef4                queuebuf_new_from_packetbuf
                0x000000000000ffa8                queuebuf_update_attr_from_packetbuf
                0x000000000000ffec                queuebuf_update_from_packetbuf
                0x000000000001004b                queuebuf_free
                0x00000000000100a9                queuebuf_to_packetbuf
                0x0000000000010126                queuebuf_dataptr
                0x0000000000010172                queuebuf_datalen
                0x000000000001019f                queuebuf_addr
                0x00000000000101de                queuebuf_attr
                0x0000000000010213                queuebuf_debug_print
 .text          0x0000000000010223      0x4dd build/cooja/mtype421.a(packetbuf.o)
                0x0000000000010223                packetbuf_clear
                0x0000000000010259                packetbuf_copyfrom
                0x00000000000102b9                packetbuf_copyto
                0x0000000000010357                packetbuf_hdralloc
                0x00000000000103e7                packetbuf_hdrreduce
                0x0000000000010439                packetbuf_set_datalen
                0x000000000001045e                packetbuf_dataptr
                0x0000000000010485                packetbuf_hdrptr
                0x000000000001049a                packetbuf_datalen
                0x00000000000104b0                packetbuf_hdrlen
                0x00000000000104cf                packetbuf_totlen
                0x00000000000104ef                packetbuf_remaininglen
                0x000000000001050c                packetbuf_attr_clear
                0x0000000000010572                packetbuf_attr_copyto
                0x00000000000105b8                packetbuf_attr_copyfrom
                0x00000000000105fe                packetbuf_set_attr
                0x0000000000010634                packetbuf_attr
                0x000000000001065a                packetbuf_set_addr
                0x00000000000106a2                packetbuf_addr
                0x00000000000106cc                packetbuf_holds_broadcast
 .text          0x0000000000010700      0x13c build/cooja/mtype421.a(netstack.o)
                0x0000000000010700                netstack_process_ip_callback
                0x00000000000107a1                netstack_ip_packet_processor_add
                0x00000000000107d5                uip_ds6_ip_packet_processor_rm
                0x0000000000010803                netstack_init
 .text          0x000000000001083c       0x75 build/cooja/mtype421.a(linkaddr.o)
                0x000000000001083c                linkaddr_copy
                0x000000000001085c                linkaddr_cmp
                0x000000000001088f                linkaddr_set_node_addr
 .text          0x00000000000108b1       0x94 build/cooja/mtype421.a(printf.o)
                0x00000000000108e5                log_printf
 .text          0x0000000000010945      0x150 build/cooja/mtype421.a(snprintf.o)
                0x00000000000109b7                log_snprintf
                0x0000000000010a12                log_vsnprintf
 .text          0x0000000000010a95       0x29 build/cooja/mtype421.a(putchar.o)
                0x0000000000010a95                log_putchar
 .text          0x0000000000010abe      0x2ae build/cooja/mtype421.a(csma.o)
 .text          0x0000000000010d6c      0xa6f build/cooja/mtype421.a(csma-output.o)
                0x00000000000114de                csma_output_packet
                0x000000000001178d                csma_output_init
 .text          0x00000000000117db      0x772 build/cooja/mtype421.a(uip-sr.o)
                0x00000000000117db                uip_sr_num_nodes
                0x0000000000011887                uip_sr_get_node
                0x00000000000118ee                uip_sr_is_addr_reachable
                0x00000000000119ab                uip_sr_expire_parent
                0x00000000000119fe                uip_sr_update_node
                0x0000000000011b42                uip_sr_init
                0x0000000000011b88                uip_sr_node_head
                0x0000000000011bb2                uip_sr_node_next
                0x0000000000011bd8                uip_sr_periodic
                0x0000000000011cf4                uip_sr_free_all
                0x0000000000011d79                uip_sr_link_snprint
 .text          0x0000000000011f4d      0xe47 build/cooja/mtype421.a(uip-ds6.o)
                0x0000000000011f4d                uip_ds6_default_prefix
                0x0000000000011f62                uip_ds6_set_default_prefix
                0x0000000000011f98                uip_ds6_init
                0x0000000000012233                uip_ds6_periodic
                0x00000000000122db                uip_ds6_list_loop
                0x00000000000123aa                uip_ds6_prefix_add
                0x0000000000012471                uip_ds6_prefix_rm
                0x000000000001248e                uip_ds6_prefix_lookup
                0x00000000000124e1                uip_ds6_is_addr_onlink
                0x000000000001256e                uip_ds6_addr_add
                0x00000000000126b0                uip_ds6_addr_rm
                0x000000000001276f                uip_ds6_addr_lookup
                0x00000000000127bf                uip_ds6_get_link_local
                0x000000000001285d                uip_ds6_get_global
                0x00000000000128fb                uip_ds6_maddr_add
                0x0000000000012977                uip_ds6_maddr_rm
                0x0000000000012994                uip_ds6_maddr_lookup
                0x00000000000129e7                uip_ds6_aaddr_add
                0x0000000000012a60                uip_ds6_aaddr_rm
                0x0000000000012a7d                uip_ds6_aaddr_lookup
                0x0000000000012acd                uip_ds6_select_src
                0x0000000000012c3b                uip_ds6_set_addr_iid
                0x0000000000012c70                uip_ds6_set_lladdr_from_iid
                0x0000000000012ca3                get_match_length
                0x0000000000012d3e                uip_ds6_compute_reachable_time
 .text          0x0000000000012d94      0x453 build/cooja/mtype421.a(uip-ds6-route.o)
                0x0000000000012df6                uip_ds6_route_init
                0x0000000000012e32                uip_ds6_route_count_nexthop_neighbors
                0x0000000000012e46                uip_ds6_route_nexthop
                0x0000000000012e5a                uip_ds6_route_head
                0x0000000000012e6e                uip_ds6_route_next
                0x0000000000012e82                uip_ds6_route_is_nexthop
                0x0000000000012e96                uip_ds6_route_num_routes
                0x0000000000012eaa                uip_ds6_route_lookup
                0x0000000000012ebe                uip_ds6_route_add
                0x0000000000012edb                uip_ds6_route_rm
                0x0000000000012eeb                uip_ds6_route_rm_by_nexthop
                0x0000000000012efb                uip_ds6_defrt_head
                0x0000000000012f25                uip_ds6_defrt_add
                0x0000000000012fe5                uip_ds6_defrt_rm
                0x000000000001305e                uip_ds6_defrt_lookup
                0x00000000000130d5                uip_ds6_defrt_choose
                0x000000000001315b                uip_ds6_defrt_periodic
 .text          0x00000000000131e7      0x7c8 build/cooja/mtype421.a(psock.o)
                0x000000000001354f                psock_send
                0x00000000000135df                psock_generator_send
                0x000000000001370a                psock_datalen
                0x000000000001372c                psock_newdata
                0x0000000000013787                psock_readto
                0x0000000000013868                psock_readbuf_len
                0x0000000000013961                psock_init
 .text          0x00000000000139af      0xcac build/cooja/mtype421.a(tcpip.o)
                0x00000000000139d5                tcpip_output
                0x0000000000013b00                tcp_connect
                0x0000000000013b68                tcp_unlisten
                0x0000000000013bdd                tcp_listen
                0x0000000000013c4f                tcp_attach
                0x0000000000013c71                udp_attach
                0x0000000000013c93                udp_new
                0x0000000000013ced                udp_broadcast_new
                0x0000000000013fbf                tcpip_input
                0x0000000000014202                tcpip_ipv6_output
                0x000000000001443e                tcpip_poll_udp
                0x000000000001446e                tcpip_poll_tcp
                0x000000000001449e                tcpip_uipcall
 .text          0x000000000001465b     0x33b5 build/cooja/mtype421.a(uip6.o)
                0x000000000001465b                uip_add32
                0x0000000000014846                uip_chksum
                0x000000000001493e                uip_icmp6chksum
                0x000000000001495d                uip_tcpchksum
                0x000000000001497c                uip_udpchksum
                0x000000000001499b                uip_init
                0x0000000000014a49                uip_connect
                0x0000000000014be6                uip_remove_ext_hdr
                0x0000000000014ce1                uip_udp_new
                0x0000000000014e26                uip_unlisten
                0x0000000000014e76                uip_listen
                0x0000000000015186                uip_process
                0x00000000000178a0                uip_htons
                0x00000000000178cc                uip_htonl
                0x0000000000017916                uip_send
 .text          0x0000000000017a10      0x43e build/cooja/mtype421.a(uip-ds6-nbr.o)
                0x0000000000017a10                uip_ds6_neighbors_init
                0x0000000000017a46                uip_ds6_nbr_add
                0x0000000000017ae0                uip_ds6_nbr_rm
                0x0000000000017b3f                uip_ds6_nbr_update_ll
                0x0000000000017c3c                uip_ds6_nbr_get_ipaddr
                0x0000000000017c5b                uip_ds6_nbr_get_ll
                0x0000000000017c88                uip_ds6_nbr_num
                0x0000000000017ce2                uip_ds6_nbr_head
                0x0000000000017d0c                uip_ds6_nbr_next
                0x0000000000017d39                uip_ds6_nbr_lookup
                0x0000000000017da0                uip_ds6_nbr_ll_lookup
                0x0000000000017dcd                uip_ds6_nbr_ipaddr_from_lladdr
                0x0000000000017e00                uip_ds6_nbr_lladdr_from_ipaddr
                0x0000000000017e3e                uip_ds6_link_callback
 .text          0x0000000000017e4e      0x810 build/cooja/mtype421.a(uip-nd6.o)
                0x0000000000018633                uip_nd6_init
 .text          0x000000000001865e     0x33af build/cooja/mtype421.a(sicslowpan.o)
                0x0000000000018d5c                netstack_sniffer_add
                0x0000000000018d75                netstack_sniffer_remove
                0x000000000001b9cc                sicslowpan_init
                0x000000000001b9f8                sicslowpan_get_last_rssi
 .text          0x000000000001ba0d      0x51a build/cooja/mtype421.a(uiplib.o)
                0x000000000001ba0d                uiplib_ip6addrconv
                0x000000000001bbd3                uiplib_ip4addrconv
                0x000000000001bca0                uiplib_ipaddr_print
                0x000000000001bd04                uiplib_ipaddr_snprint
 .text          0x000000000001bf27      0x610 build/cooja/mtype421.a(rpl.o)
                0x000000000001bf27                rpl_lollipop_greater_than
                0x000000000001bf8a                rpl_get_global_address
                0x000000000001c0c0                rpl_link_callback
                0x000000000001c123                rpl_has_joined
                0x000000000001c159                rpl_is_reachable
                0x000000000001c1fc                rpl_reset_prefix
                0x000000000001c278                rpl_set_prefix_from_addr
                0x000000000001c38a                rpl_set_prefix
                0x000000000001c4fe                rpl_set_leaf_only
                0x000000000001c521                rpl_get_leaf_only
 .text          0x000000000001c537     0x1491 build/cooja/mtype421.a(rpl-icmp6.o)
                0x000000000001c694                rpl_icmp6_update_nbr_table
                0x000000000001c746                rpl_icmp6_dis_output
                0x000000000001cd5b                rpl_icmp6_dio_output
                0x000000000001d5b4                rpl_icmp6_dao_output
                0x000000000001d8e1                rpl_icmp6_dao_ack_output
                0x000000000001d968                rpl_icmp6_init
 .text          0x000000000001d9c8      0x2e4 build/cooja/mtype421.a(rpl-dag-root.o)
                0x000000000001d9c8                rpl_dag_root_print_links
                0x000000000001db21                rpl_dag_root_set_prefix
                0x000000000001db5c                rpl_dag_root_start
                0x000000000001dc6a                rpl_dag_root_is_root
 .text          0x000000000001dcac      0x277 build/cooja/mtype421.a(slip-bridge.o)
                0x000000000001dcac                request_prefix
 .text          0x000000000001df23      0x711 build/cooja/mtype421.a(slip.o)
                0x000000000001df23                slip_set_input_callback
                0x000000000001df3c                slip_send
                0x000000000001df6e                slip_write
                0x000000000001e4d9                slip_input_byte
 .text          0x000000000001e634       0x6b build/cooja/mtype421.a(watchdog.o)
                0x000000000001e634                watchdog_init
                0x000000000001e644                watchdog_start
                0x000000000001e654                watchdog_periodic
                0x000000000001e67f                watchdog_stop
                0x000000000001e68f                watchdog_reboot
 .text          0x000000000001e69f       0x75 build/cooja/mtype421.a(int-master.o)
                0x000000000001e69f                int_master_enable
                0x000000000001e6b9                int_master_read_and_disable
                0x000000000001e6e1                int_master_status_set
                0x000000000001e6fa                int_master_is_enabled
 .text          0x000000000001e714       0x2b build/cooja/mtype421.a(slip-arch.o)
                0x000000000001e714                slip_arch_init
 .text          0x000000000001e73f      0x698 build/cooja/mtype421.a(httpd-simple.o)
                0x000000000001ebd6                httpd_appcall
                0x000000000001ed9d                httpd_init
 .text          0x000000000001edd7      0x175 build/cooja/mtype421.a(rpl-border-rout)
                0x000000000001edd7                print_local_addresses
                0x000000000001eedd                set_prefix_64
                0x000000000001ef1f                rpl_border_router_init
 .text          0x000000000001ef4c      0x11d build/cooja/mtype421.a(stimer.o)
                0x000000000001ef4c                stimer_set
                0x000000000001ef7b                stimer_reset
                0x000000000001efb2                stimer_restart
                0x000000000001efd8                stimer_expired
                0x000000000001f014                stimer_remaining
                0x000000000001f040                stimer_elapsed
 .text          0x000000000001f069      0x188 build/cooja/mtype421.a(ringbuf.o)
                0x000000000001f069                ringbuf_init
                0x000000000001f0a5                ringbuf_put
                0x000000000001f12d                ringbuf_get
                0x000000000001f1a4                ringbuf_size
                0x000000000001f1c0                ringbuf_elements
 .text          0x000000000001f1f1      0x1ec build/cooja/mtype421.a(memb.o)
                0x000000000001f1f1                memb_init
                0x000000000001f255                memb_alloc
                0x000000000001f2c2                memb_free
                0x000000000001f343                memb_inmemb
                0x000000000001f38c                memb_numfree
 .text          0x000000000001f3dd       0x31 build/cooja/mtype421.a(assert.o)
                0x000000000001f3dd                _xassert
 .text          0x000000000001f40e      0xb68 build/cooja/mtype421.a(nbr-table.o)
                0x000000000001f7b0                nbr_table_count_entries
                0x000000000001f85d                nbr_table_gc_get_worst
                0x000000000001f89d                nbr_table_can_accept_new
                0x000000000001fa26                nbr_table_entry_is_allowed
                0x000000000001fac6                nbr_table_register
                0x000000000001fb44                nbr_table_is_registered
                0x000000000001fb89                nbr_table_head
                0x000000000001fbf6                nbr_table_next
                0x000000000001fc68                nbr_table_add_lladdr
                0x000000000001fdb7                nbr_table_get_from_lladdr
                0x000000000001fe14                nbr_table_remove
                0x000000000001fe5f                nbr_table_lock
                0x000000000001fe85                nbr_table_unlock
                0x000000000001feab                nbr_table_get_lladdr
                0x000000000001fee1                nbr_table_clear
                0x000000000001ff26                nbr_table_key_head
                0x000000000001ff50                nbr_table_key_next
 .text          0x000000000001ff76      0x450 build/cooja/mtype421.a(link-stats.o)
                0x000000000001ff76                link_stats_from_lladdr
                0x000000000001ffa3                link_stats_get_lladdr
                0x000000000001ffd0                link_stats_is_fresh
                0x000000000002001d                guess_etx_from_rssi
                0x00000000000200a3                link_stats_packet_sent
                0x00000000000201e7                link_stats_input_callback
                0x000000000002031b                link_stats_reset
                0x000000000002037d                link_stats_init
 .text          0x00000000000203c6      0x1a8 build/cooja/mtype421.a(mac-sequence.o)
                0x00000000000203c6                mac_sequence_is_duplicate
                0x0000000000020486                mac_sequence_register_seqno
 .text          0x000000000002056e       0x2d build/cooja/mtype421.a(mac.o)
                0x000000000002056e                mac_call_sent_callback
 .text          0x000000000002059b      0x477 build/cooja/mtype421.a(framer-802154.o)
                0x000000000002073e                framer_802154_setup_params
 .text          0x0000000000020a12      0xc1a build/cooja/mtype421.a(frame802154.o)
                0x0000000000020a4d                frame802154_get_pan_id
                0x0000000000020a63                frame802154_set_pan_id
                0x0000000000020a88                frame802154_has_panid
                0x0000000000020c41                frame802154_check_dest_panid
                0x0000000000020cd3                frame802154_is_broadcast_addr
                0x0000000000020d2a                frame802154_extract_linkaddr
                0x0000000000020fb3                frame802154_hdrlen
                0x0000000000021030                frame802154_create_fcf
                0x00000000000210f2                frame802154_create
                0x000000000002127d                frame802154_parse_fcf
                0x0000000000021369                frame802154_parse
 .text          0x000000000002162c     0x1216 build/cooja/mtype421.a(strformat.o)
                0x00000000000219d7                format_str
                0x0000000000021a32                format_str_v
 .text          0x0000000000022842       0x4e build/cooja/mtype421.a(csma-security.o)
                0x0000000000022842                csma_security_create_frame
                0x0000000000022873                csma_security_parse_frame
 .text          0x0000000000022890      0x5d3 build/cooja/mtype421.a(uipbuf.o)
                0x0000000000022890                uipbuf_clear
                0x00000000000228c7                uipbuf_add_ext_hdr
                0x0000000000022962                uipbuf_set_len
                0x000000000002299c                uipbuf_set_len_field
                0x00000000000229d2                uipbuf_get_len_field
                0x00000000000229fc                uipbuf_get_next_header
                0x0000000000022b4d                uipbuf_get_last_header
                0x0000000000022bd0                uipbuf_search_header
                0x0000000000022c94                uipbuf_get_attr
                0x0000000000022cc5                uipbuf_set_attr
                0x0000000000022d06                uipbuf_set_default_attr
                0x0000000000022d47                uipbuf_clear_attr
                0x0000000000022d87                uipbuf_set_attr_flag
                0x0000000000022db3                uipbuf_clr_attr_flag
                0x0000000000022de5                uipbuf_is_attr_flag
                0x0000000000022e13                uipbuf_init
 .text          0x0000000000022e63      0x8b7 build/cooja/mtype421.a(uip-icmp6.o)
                0x0000000000022ee8                uip_icmp6_input
                0x0000000000022f49                uip_icmp6_register_input_handler
                0x00000000000230fd                uip_icmp6_error_output
                0x000000000002343f                uip_icmp6_send
                0x000000000002366d                uip_icmp6_echo_reply_callback_add
                0x00000000000236b0                uip_icmp6_echo_reply_callback_rm
                0x00000000000236de                uip_icmp6_init
 .text          0x000000000002371a      0x1a5 build/cooja/mtype421.a(uip-packetqueue)
                0x000000000002375a                uip_packetqueue_new
                0x0000000000023773                uip_packetqueue_alloc
                0x00000000000237e2                uip_packetqueue_free
                0x000000000002383a                uip_packetqueue_buf
                0x0000000000023861                uip_packetqueue_buflen
                0x000000000002388c                uip_packetqueue_set_buflen
 .text          0x00000000000238bf       0x8d build/cooja/mtype421.a(rpl-nbr-policy.)
                0x000000000002390b                rpl_nbr_gc_get_worst
 .text          0x000000000002394c      0xaad build/cooja/mtype421.a(rpl-neighbor.o)
                0x00000000000239e8                rpl_neighbor_snprint
                0x0000000000023cd0                rpl_neighbor_print_list
                0x0000000000023da3                rpl_neighbor_count
                0x0000000000023e86                rpl_neighbor_get_from_lladdr
                0x0000000000023eb3                rpl_neighbor_is_acceptable_parent
                0x0000000000023ef9                rpl_neighbor_get_link_metric
                0x0000000000023f3f                rpl_neighbor_rank_via_nbr
                0x0000000000023f85                rpl_neighbor_get_lladdr
                0x0000000000023fb2                rpl_neighbor_get_ipaddr
                0x0000000000023fe8                rpl_neighbor_get_link_stats
                0x000000000002401e                rpl_neighbor_is_fresh
                0x0000000000024054                rpl_neighbor_is_parent
                0x000000000002408b                rpl_neighbor_set_preferred_parent
                0x0000000000024145                rpl_neighbor_remove_all
                0x00000000000241b2                rpl_neighbor_get_from_ipaddr
                0x00000000000242ec                rpl_neighbor_select_best
                0x00000000000243c7                rpl_neighbor_init
 .text          0x00000000000243f9     0x11f4 build/cooja/mtype421.a(rpl-dag.o)
                0x00000000000243f9                rpl_dag_state_to_str
                0x0000000000024447                rpl_dag_get_root_ipaddr
                0x0000000000024497                rpl_dag_leave
                0x000000000002454d                rpl_dag_poison_and_leave
                0x0000000000024579                rpl_dag_periodic
                0x000000000002463e                rpl_is_addr_in_our_dag
                0x000000000002469d                rpl_get_default_instance
                0x00000000000246c7                rpl_get_any_dag
                0x000000000002473d                rpl_refresh_routes
                0x00000000000247a0                rpl_global_repair
                0x0000000000024871                rpl_local_repair
                0x00000000000248d6                rpl_dag_ready_to_advertise
                0x000000000002492f                rpl_dag_update_state
                0x00000000000251ab                rpl_process_dio
                0x0000000000025246                rpl_process_dis
                0x000000000002529c                rpl_process_dao
                0x000000000002533d                rpl_process_dao_ack
                0x00000000000253f9                rpl_process_hbh
                0x0000000000025459                rpl_dag_init_root
                0x00000000000255bb                rpl_dag_init
 .text          0x00000000000255ed      0xd8d build/cooja/mtype421.a(rpl-timers.o)
                0x00000000000255ed                rpl_timers_schedule_periodic_dis
                0x0000000000025797                rpl_timers_dio_reset
                0x000000000002590f                rpl_timers_schedule_unicast_dio
                0x0000000000025ae2                rpl_timers_schedule_dao
                0x0000000000025be8                rpl_timers_schedule_dao_ack
                0x0000000000025cb7                rpl_timers_notify_dao_ack
                0x0000000000025d3d                get_probing_delay
                0x0000000000025d82                get_probing_target
                0x0000000000025fb7                rpl_schedule_probing
                0x0000000000026003                rpl_schedule_probing_now
                0x000000000002609d                rpl_timers_unschedule_leaving
                0x00000000000260f7                rpl_timers_schedule_leaving
                0x000000000002615c                rpl_timers_init
                0x000000000002621e                rpl_timers_stop_dag_timers
                0x00000000000262db                rpl_timers_unschedule_state_update
                0x0000000000026317                rpl_timers_schedule_state_update
 .text          0x000000000002637a      0xd3b build/cooja/mtype421.a(rpl-ext-header.)
                0x000000000002637a                rpl_ext_header_srh_get_next_hop
                0x0000000000026485                rpl_ext_header_srh_update
                0x0000000000026ab0                rpl_ext_header_hbh_update
                0x0000000000026e2f                rpl_ext_header_update
                0x0000000000026ede                rpl_ext_header_remove
 .text          0x00000000000270b5      0x39b build/cooja/mtype421.a(rpl-mrhof.o)
 .text          0x0000000000027450      0x201 build/cooja/mtype421.a(border-router-e)
 *fill*         0x0000000000027651        0xf 
 .text          0x0000000000027660      0x116 /usr/lib/gcc/i686-linux-gnu/7/libgcc.a(_udivdi3.o)
                0x0000000000027660                __udivdi3
 *fill*         0x0000000000027776        0xa 
 .text          0x0000000000027780      0x119 /usr/lib/gcc/i686-linux-gnu/7/libgcc.a(_umoddi3.o)
                0x0000000000027780                __umoddi3
 *fill*         0x0000000000027899        0x7 
 .text          0x00000000000278a0       0x14 /usr/lib/i386-linux-gnu/libc_nonshared.a(stack_chk_fail_local.oS)
                0x00000000000278a0                __stack_chk_fail_local
 .text          0x00000000000278b4        0x0 /usr/lib/gcc/i686-linux-gnu/7/crtendS.o
 .text          0x00000000000278b4        0x0 /usr/lib/gcc/i686-linux-gnu/7/../../../i386-linux-gnu/crtn.o
 *(.gnu.warning)

.fini           0x00000000000278b4       0x14
 *(SORT_NONE(.fini))
 .fini          0x00000000000278b4        0xf /usr/lib/gcc/i686-linux-gnu/7/../../../i386-linux-gnu/crti.o
                0x00000000000278b4                _fini
 .fini          0x00000000000278c3        0x5 /usr/lib/gcc/i686-linux-gnu/7/../../../i386-linux-gnu/crtn.o
                [!provide]                        PROVIDE (__etext = .)
                [!provide]                        PROVIDE (_etext = .)
                [!provide]                        PROVIDE (etext = .)

.rodata         0x00000000000278e0      0xb6e
 *(.rodata .rodata.* .gnu.linkonce.r.*)
 .rodata        0x00000000000278e0       0x56 border-router.o
 *fill*         0x0000000000027936        0x2 
 .rodata        0x0000000000027938        0x6 build/cooja/mtype421.a(leds-arch.o)
                0x0000000000027938                leds_arch_leds
 .rodata        0x000000000002793e        0x4 build/cooja/mtype421.a(pir-sensor.o)
 .rodata        0x0000000000027942        0x6 build/cooja/mtype421.a(rs232.o)
 .rodata        0x0000000000027948        0xa build/cooja/mtype421.a(vib-sensor.o)
 *fill*         0x0000000000027952        0x2 
 .rodata        0x0000000000027954       0x27 build/cooja/mtype421.a(cfs-cooja.o)
 *fill*         0x000000000002797b        0x1 
 .rodata        0x000000000002797c       0x68 build/cooja/mtype421.a(cooja-radio.o)
 .rodata        0x00000000000279e4        0x8 build/cooja/mtype421.a(sensors.o)
 .rodata        0x00000000000279ec       0x14 build/cooja/mtype421.a(buttons.o)
                0x00000000000279f8                button_hal_button_count
 .rodata        0x0000000000027a00       0xc3 build/cooja/mtype421.a(webserver.o)
 *fill*         0x0000000000027ac3        0x1 
 .rodata        0x0000000000027ac4       0xf4 build/cooja/mtype421.a(contiki-main.o)
 .rodata        0x0000000000027bb8        0xf build/cooja/mtype421.a(ctimer.o)
 *fill*         0x0000000000027bc7        0x1 
 .rodata        0x0000000000027bc8       0xc4 build/cooja/mtype421.a(log.o)
 .rodata        0x0000000000027c8c        0xc build/cooja/mtype421.a(etimer.o)
 .rodata        0x0000000000027c98       0x13 build/cooja/mtype421.a(button-hal.o)
 .rodata        0x0000000000027cab        0xe build/cooja/mtype421.a(serial-line.o)
 *fill*         0x0000000000027cb9        0x3 
 .rodata        0x0000000000027cbc        0x8 build/cooja/mtype421.a(linkaddr.o)
                0x0000000000027cbc                linkaddr_null
 .rodata        0x0000000000027cc4        0x5 build/cooja/mtype421.a(csma.o)
 *fill*         0x0000000000027cc9        0x3 
 .rodata        0x0000000000027ccc       0x27 build/cooja/mtype421.a(csma-output.o)
 .rodata        0x0000000000027cf3       0x44 build/cooja/mtype421.a(uip-sr.o)
 *fill*         0x0000000000027d37        0x1 
 .rodata        0x0000000000027d38       0x4d build/cooja/mtype421.a(uip-ds6-route.o)
 .rodata        0x0000000000027d85        0xd build/cooja/mtype421.a(tcpip.o)
 *fill*         0x0000000000027d92        0x2 
 .rodata        0x0000000000027d94       0x48 build/cooja/mtype421.a(uip6.o)
 .rodata        0x0000000000027ddc       0x1f build/cooja/mtype421.a(sicslowpan.o)
                0x0000000000027ddc                unc_llconf
                0x0000000000027de0                unc_ctxconf
                0x0000000000027de4                unc_mxconf
                0x0000000000027de8                llprefix
 .rodata        0x0000000000027dfb       0x2d build/cooja/mtype421.a(uiplib.o)
 .rodata        0x0000000000027e28        0x9 build/cooja/mtype421.a(rpl.o)
 .rodata        0x0000000000027e31       0x11 build/cooja/mtype421.a(slip-bridge.o)
 .rodata        0x0000000000027e42        0xc build/cooja/mtype421.a(slip.o)
 *fill*         0x0000000000027e4e       0x12 
 .rodata        0x0000000000027e60      0x154 build/cooja/mtype421.a(httpd-simple.o)
                0x0000000000027ebc                http_content_type_html
                0x0000000000027ee0                http_header_200
                0x0000000000027f40                http_header_404
                0x0000000000027fa0                http_get
                0x0000000000027fa8                http_index_html
 .rodata        0x0000000000027fb4       0x34 build/cooja/mtype421.a(rpl-border-rout)
 .rodata        0x0000000000027fe8       0x25 build/cooja/mtype421.a(assert.o)
 *fill*         0x000000000002800d        0x3 
 .rodata        0x0000000000028010      0x280 build/cooja/mtype421.a(strformat.o)
 .rodata        0x0000000000028290       0x58 build/cooja/mtype421.a(rpl-neighbor.o)
 .rodata        0x00000000000282e8       0xd7 build/cooja/mtype421.a(rpl-dag.o)
 .rodata        0x00000000000283bf        0xc build/cooja/mtype421.a(rpl-timers.o)
 .rodata        0x00000000000283cb       0x83 build/cooja/mtype421.a(border-router-e)

.rodata1
 *(.rodata1)

.eh_frame_hdr   0x0000000000028450     0x1844
 *(.eh_frame_hdr)
 .eh_frame_hdr  0x0000000000028450     0x1844 border-router.o
                0x0000000000028450                __GNU_EH_FRAME_HDR
 *(.eh_frame_entry .eh_frame_entry.*)

.eh_frame       0x0000000000029c94     0x69b4
 *(.eh_frame)
 .eh_frame      0x0000000000029c94       0x3c /usr/lib/gcc/i686-linux-gnu/7/../../../i386-linux-gnu/crti.o
                                         0x40 (size before relaxing)
 .eh_frame      0x0000000000029cd0       0x14 /usr/lib/gcc/i686-linux-gnu/7/../../../i386-linux-gnu/crti.o
                                         0x2c (size before relaxing)
 .eh_frame      0x0000000000029ce4       0x24 border-router.o
                                         0x50 (size before relaxing)
 .eh_frame      0x0000000000029d08      0x1ac build/cooja/mtype421.o
                                        0x1ec (size before relaxing)
 .eh_frame      0x0000000000029eb4       0x48 build/cooja/mtype421.a(simEnvChange.o)
                                         0x74 (size before relaxing)
 .eh_frame      0x0000000000029efc       0x6c build/cooja/mtype421.a(cooja_mt.o)
                                         0x98 (size before relaxing)
 .eh_frame      0x0000000000029f68       0x88 build/cooja/mtype421.a(cooja_mtarch.o)
                                         0xc8 (size before relaxing)
 .eh_frame      0x0000000000029ff0       0xe4 build/cooja/mtype421.a(rtimer-arch.o)
                                        0x110 (size before relaxing)
 .eh_frame      0x000000000002a0d4      0x160 build/cooja/mtype421.a(beep.o)
                                        0x18c (size before relaxing)
 .eh_frame      0x000000000002a234       0x88 build/cooja/mtype421.a(leds-arch.o)
                                         0xc8 (size before relaxing)
 .eh_frame      0x000000000002a2bc       0x44 build/cooja/mtype421.a(moteid.o)
                                         0x70 (size before relaxing)
 .eh_frame      0x000000000002a300       0xa4 build/cooja/mtype421.a(pir-sensor.o)
                                         0xe4 (size before relaxing)
 .eh_frame      0x000000000002a3a4      0x110 build/cooja/mtype421.a(rs232.o)
                                        0x150 (size before relaxing)
 .eh_frame      0x000000000002a4b4       0xa4 build/cooja/mtype421.a(vib-sensor.o)
                                         0xe4 (size before relaxing)
 .eh_frame      0x000000000002a558       0xc0 build/cooja/mtype421.a(clock.o)
                                         0xec (size before relaxing)
 .eh_frame      0x000000000002a618      0x110 build/cooja/mtype421.a(cooja-log.o)
                                        0x150 (size before relaxing)
 .eh_frame      0x000000000002a728      0x16c build/cooja/mtype421.a(cfs-cooja.o)
                                        0x1ac (size before relaxing)
 .eh_frame      0x000000000002a894      0x374 build/cooja/mtype421.a(cooja-radio.o)
                                        0x3b4 (size before relaxing)
 .eh_frame      0x000000000002ac08       0xa8 build/cooja/mtype421.a(eeprom.o)
                                         0xe8 (size before relaxing)
 .eh_frame      0x000000000002acb0       0x48 build/cooja/mtype421.a(random.o)
                                         0x74 (size before relaxing)
 .eh_frame      0x000000000002acf8       0xd0 build/cooja/mtype421.a(sensors.o)
                                        0x110 (size before relaxing)
 .eh_frame      0x000000000002adc8      0x140 build/cooja/mtype421.a(leds.o)
                                        0x180 (size before relaxing)
 .eh_frame      0x000000000002af08      0x228 build/cooja/mtype421.a(gpio-hal-arch.o)
                                        0x27c (size before relaxing)
 .eh_frame      0x000000000002b130       0xa4 build/cooja/mtype421.a(buttons.o)
                                         0xe4 (size before relaxing)
 .eh_frame      0x000000000002b1d4       0x9c build/cooja/mtype421.a(webserver.o)
                                         0xdc (size before relaxing)
 .eh_frame      0x000000000002b270       0x38 build/cooja/mtype421.a(contiki-main.o)
                                         0x64 (size before relaxing)
 .eh_frame      0x000000000002b2a8       0x48 build/cooja/mtype421.a(autostart.o)
                                         0x74 (size before relaxing)
 .eh_frame      0x000000000002b2f0      0x11c build/cooja/mtype421.a(ctimer.o)
                                        0x15c (size before relaxing)
 .eh_frame      0x000000000002b40c      0x144 build/cooja/mtype421.a(log.o)
                                        0x184 (size before relaxing)
 .eh_frame      0x000000000002b550       0x60 build/cooja/mtype421.a(energest.o)
                                         0x8c (size before relaxing)
 .eh_frame      0x000000000002b5b0      0x204 build/cooja/mtype421.a(etimer.o)
                                        0x244 (size before relaxing)
 .eh_frame      0x000000000002b7b4       0x20 build/cooja/mtype421.a(node-id.o)
                                         0x4c (size before relaxing)
 .eh_frame      0x000000000002b7d4       0x6c build/cooja/mtype421.a(rtimer.o)
                                         0xc0 (size before relaxing)
 .eh_frame      0x000000000002b840      0x1ec build/cooja/mtype421.a(process.o)
                                        0x22c (size before relaxing)
 .eh_frame      0x000000000002ba2c       0xb4 build/cooja/mtype421.a(timer.o)
                                         0xe0 (size before relaxing)
 .eh_frame      0x000000000002bae0      0x1a0 build/cooja/mtype421.a(list.o)
                                        0x1cc (size before relaxing)
 .eh_frame      0x000000000002bc80      0x188 build/cooja/mtype421.a(button-hal.o)
                                        0x1c8 (size before relaxing)
 .eh_frame      0x000000000002be08       0x6c build/cooja/mtype421.a(serial-line.o)
                                         0x98 (size before relaxing)
 .eh_frame      0x000000000002be74       0xfc build/cooja/mtype421.a(gpio-hal.o)
                                        0x13c (size before relaxing)
 .eh_frame      0x000000000002bf70      0x1c0 build/cooja/mtype421.a(queuebuf.o)
                                        0x200 (size before relaxing)
 .eh_frame      0x000000000002c130      0x2b0 build/cooja/mtype421.a(packetbuf.o)
                                        0x2f0 (size before relaxing)
 .eh_frame      0x000000000002c3e0       0x90 build/cooja/mtype421.a(netstack.o)
                                         0xd0 (size before relaxing)
 .eh_frame      0x000000000002c470       0x64 build/cooja/mtype421.a(linkaddr.o)
                                         0x90 (size before relaxing)
 .eh_frame      0x000000000002c4d4       0x48 build/cooja/mtype421.a(printf.o)
                                         0x74 (size before relaxing)
 .eh_frame      0x000000000002c51c       0x68 build/cooja/mtype421.a(snprintf.o)
                                         0x94 (size before relaxing)
 .eh_frame      0x000000000002c584       0x24 build/cooja/mtype421.a(putchar.o)
                                         0x50 (size before relaxing)
 .eh_frame      0x000000000002c5a8       0xf0 build/cooja/mtype421.a(csma.o)
                                        0x130 (size before relaxing)
 .eh_frame      0x000000000002c698      0x1f8 build/cooja/mtype421.a(csma-output.o)
                                        0x238 (size before relaxing)
 .eh_frame      0x000000000002c890      0x1ac build/cooja/mtype421.a(uip-sr.o)
                                        0x1ec (size before relaxing)
 .eh_frame      0x000000000002ca3c      0x364 build/cooja/mtype421.a(uip-ds6.o)
                                        0x3a4 (size before relaxing)
 .eh_frame      0x000000000002cda0      0x260 build/cooja/mtype421.a(uip-ds6-route.o)
                                        0x2a0 (size before relaxing)
 .eh_frame      0x000000000002d000      0x1a8 build/cooja/mtype421.a(psock.o)
                                        0x1fc (size before relaxing)
 .eh_frame      0x000000000002d1a8      0x350 build/cooja/mtype421.a(tcpip.o)
                                        0x390 (size before relaxing)
 .eh_frame      0x000000000002d4f8      0x2e8 build/cooja/mtype421.a(uip6.o)
                                        0x33c (size before relaxing)
 .eh_frame      0x000000000002d7e0      0x1e8 build/cooja/mtype421.a(uip-ds6-nbr.o)
                                        0x228 (size before relaxing)
 .eh_frame      0x000000000002d9c8       0x8c build/cooja/mtype421.a(uip-nd6.o)
                                         0xe0 (size before relaxing)
 .eh_frame      0x000000000002da54      0x354 build/cooja/mtype421.a(sicslowpan.o)
                                        0x3a8 (size before relaxing)
 .eh_frame      0x000000000002dda8       0x9c build/cooja/mtype421.a(uiplib.o)
                                         0xdc (size before relaxing)
 .eh_frame      0x000000000002de44      0x1fc build/cooja/mtype421.a(rpl.o)
                                        0x23c (size before relaxing)
 .eh_frame      0x000000000002e040      0x1f0 build/cooja/mtype421.a(rpl-icmp6.o)
                                        0x230 (size before relaxing)
 .eh_frame      0x000000000002e230       0xb0 build/cooja/mtype421.a(rpl-dag-root.o)
                                         0xf0 (size before relaxing)
 .eh_frame      0x000000000002e2e0       0x90 build/cooja/mtype421.a(slip-bridge.o)
                                         0xbc (size before relaxing)
 .eh_frame      0x000000000002e370       0xf0 build/cooja/mtype421.a(slip.o)
                                        0x130 (size before relaxing)
 .eh_frame      0x000000000002e460       0xa4 build/cooja/mtype421.a(watchdog.o)
                                         0xd0 (size before relaxing)
 .eh_frame      0x000000000002e504       0x80 build/cooja/mtype421.a(int-master.o)
                                         0xac (size before relaxing)
 .eh_frame      0x000000000002e584       0x24 build/cooja/mtype421.a(slip-arch.o)
                                         0x50 (size before relaxing)
 .eh_frame      0x000000000002e5a8       0xf8 build/cooja/mtype421.a(httpd-simple.o)
                                        0x138 (size before relaxing)
 .eh_frame      0x000000000002e6a0       0x6c build/cooja/mtype421.a(rpl-border-rout)
                                         0xac (size before relaxing)
 .eh_frame      0x000000000002e70c       0xd8 build/cooja/mtype421.a(stimer.o)
                                        0x104 (size before relaxing)
 .eh_frame      0x000000000002e7e4       0xa0 build/cooja/mtype421.a(ringbuf.o)
                                         0xcc (size before relaxing)
 .eh_frame      0x000000000002e884       0xa4 build/cooja/mtype421.a(memb.o)
                                         0xe4 (size before relaxing)
 .eh_frame      0x000000000002e928       0x24 build/cooja/mtype421.a(assert.o)
                                         0x50 (size before relaxing)
 .eh_frame      0x000000000002e94c      0x428 build/cooja/mtype421.a(nbr-table.o)
                                        0x468 (size before relaxing)
 .eh_frame      0x000000000002ed74      0x140 build/cooja/mtype421.a(link-stats.o)
                                        0x180 (size before relaxing)
 .eh_frame      0x000000000002eeb4       0x50 build/cooja/mtype421.a(mac-sequence.o)
                                         0x7c (size before relaxing)
 .eh_frame      0x000000000002ef04       0x20 build/cooja/mtype421.a(mac.o)
                                         0x4c (size before relaxing)
 .eh_frame      0x000000000002ef24       0xb4 build/cooja/mtype421.a(framer-802154.o)
                                         0xf4 (size before relaxing)
 .eh_frame      0x000000000002efd8      0x1b0 build/cooja/mtype421.a(frame802154.o)
                                        0x1f0 (size before relaxing)
 .eh_frame      0x000000000002f188      0x15c build/cooja/mtype421.a(strformat.o)
                                        0x1b0 (size before relaxing)
 .eh_frame      0x000000000002f2e4       0x44 build/cooja/mtype421.a(csma-security.o)
                                         0x84 (size before relaxing)
 .eh_frame      0x000000000002f328      0x204 build/cooja/mtype421.a(uipbuf.o)
                                        0x230 (size before relaxing)
 .eh_frame      0x000000000002f52c      0x170 build/cooja/mtype421.a(uip-icmp6.o)
                                        0x1b0 (size before relaxing)
 .eh_frame      0x000000000002f69c       0xec build/cooja/mtype421.a(uip-packetqueue)
                                        0x12c (size before relaxing)
 .eh_frame      0x000000000002f788       0x48 build/cooja/mtype421.a(rpl-nbr-policy.)
                                         0x88 (size before relaxing)
 .eh_frame      0x000000000002f7d0      0x2ec build/cooja/mtype421.a(rpl-neighbor.o)
                                        0x340 (size before relaxing)
 .eh_frame      0x000000000002fabc      0x3c0 build/cooja/mtype421.a(rpl-dag.o)
                                        0x414 (size before relaxing)
 .eh_frame      0x000000000002fe7c      0x418 build/cooja/mtype421.a(rpl-timers.o)
                                        0x458 (size before relaxing)
 .eh_frame      0x0000000000030294      0x144 build/cooja/mtype421.a(rpl-ext-header.)
                                        0x184 (size before relaxing)
 .eh_frame      0x00000000000303d8      0x150 build/cooja/mtype421.a(rpl-mrhof.o)
                                        0x190 (size before relaxing)
 .eh_frame      0x0000000000030528       0x24 build/cooja/mtype421.a(border-router-e)
                                         0x50 (size before relaxing)
 .eh_frame      0x000000000003054c       0x84 /usr/lib/gcc/i686-linux-gnu/7/libgcc.a(_udivdi3.o)
                                         0x9c (size before relaxing)
 .eh_frame      0x00000000000305d0       0x58 /usr/lib/gcc/i686-linux-gnu/7/libgcc.a(_umoddi3.o)
                                         0x70 (size before relaxing)
 .eh_frame      0x0000000000030628       0x1c /usr/lib/i386-linux-gnu/libc_nonshared.a(stack_chk_fail_local.oS)
                                         0x48 (size before relaxing)
 .eh_frame      0x0000000000030644        0x4 /usr/lib/gcc/i686-linux-gnu/7/crtendS.o
 *(.eh_frame.*)

.gcc_except_table
 *(.gcc_except_table .gcc_except_table.*)

.gnu_extab
 *(.gnu_extab*)

.exception_ranges
 *(.exception_ranges .exception_ranges*)
                0x0000000000031bf8                . = DATA_SEGMENT_ALIGN (CONSTANT (MAXPAGESIZE), CONSTANT (COMMONPAGESIZE))

.eh_frame
 *(.eh_frame)
 *(.eh_frame.*)

.gnu_extab
 *(.gnu_extab)

.gcc_except_table
 *(.gcc_except_table .gcc_except_table.*)

.exception_ranges
 *(.exception_ranges .exception_ranges*)

.tdata
 *(.tdata .tdata.* .gnu.linkonce.td.*)

.tbss
 *(.tbss .tbss.* .gnu.linkonce.tb.*)
 *(.tcommon)

.preinit_array
 *(.preinit_array)

.init_array     0x0000000000031bf8        0x4
 *(SORT_BY_INIT_PRIORITY(.init_array.*) SORT_BY_INIT_PRIORITY(.ctors.*))
 *(.init_array EXCLUDE_FILE(*crtend?.o *crtend.o *crtbegin?.o *crtbegin.o) .ctors)
 .init_array    0x0000000000031bf8        0x4 /usr/lib/gcc/i686-linux-gnu/7/crtbeginS.o

.fini_array     0x0000000000031bfc        0x4
 *(SORT_BY_INIT_PRIORITY(.fini_array.*) SORT_BY_INIT_PRIORITY(.dtors.*))
 *(.fini_array EXCLUDE_FILE(*crtend?.o *crtend.o *crtbegin?.o *crtbegin.o) .dtors)
 .fini_array    0x0000000000031bfc        0x4 /usr/lib/gcc/i686-linux-gnu/7/crtbeginS.o

.ctors
 *crtbegin.o(.ctors)
 *crtbegin?.o(.ctors)
 *(EXCLUDE_FILE(*crtend?.o *crtend.o) .ctors)
 *(SORT_BY_NAME(.ctors.*))
 *(.ctors)

.dtors
 *crtbegin.o(.dtors)
 *crtbegin?.o(.dtors)
 *(EXCLUDE_FILE(*crtend?.o *crtend.o) .dtors)
 *(SORT_BY_NAME(.dtors.*))
 *(.dtors)

.jcr
 *(.jcr)

.data.rel.ro    0x0000000000031c00      0x198
 *(.data.rel.ro.local* .gnu.linkonce.d.rel.ro.local.*)
 .data.rel.ro.local
                0x0000000000031c00        0x8 border-router.o
                0x0000000000031c00                autostart_processes
 .data.rel.ro.local
                0x0000000000031c08        0x8 build/cooja/mtype421.a(beep.o)
                0x0000000000031c08                beep_interface
 .data.rel.ro.local
                0x0000000000031c10        0x8 build/cooja/mtype421.a(leds-arch.o)
                0x0000000000031c10                leds_interface
 .data.rel.ro.local
                0x0000000000031c18        0x8 build/cooja/mtype421.a(moteid.o)
                0x0000000000031c18                moteid_interface
 .data.rel.ro.local
                0x0000000000031c20       0x18 build/cooja/mtype421.a(pir-sensor.o)
                0x0000000000031c20                pir_interface
                0x0000000000031c28                pir_sensor
 .data.rel.ro.local
                0x0000000000031c38        0x8 build/cooja/mtype421.a(rs232.o)
                0x0000000000031c38                rs232_interface
 .data.rel.ro.local
                0x0000000000031c40       0x18 build/cooja/mtype421.a(vib-sensor.o)
                0x0000000000031c40                vib_interface
                0x0000000000031c48                vib_sensor
 .data.rel.ro.local
                0x0000000000031c58        0x8 build/cooja/mtype421.a(clock.o)
                0x0000000000031c58                clock_interface
 .data.rel.ro.local
                0x0000000000031c60        0x8 build/cooja/mtype421.a(cooja-log.o)
                0x0000000000031c60                simlog_interface
 .data.rel.ro.local
                0x0000000000031c68        0x8 build/cooja/mtype421.a(cfs-cooja.o)
                0x0000000000031c68                cfs_interface
 *fill*         0x0000000000031c70       0x10 
 .data.rel.ro.local
                0x0000000000031c80       0x58 build/cooja/mtype421.a(cooja-radio.o)
                0x0000000000031c80                radio_interface
                0x0000000000031ca0                cooja_radio_driver
 .data.rel.ro.local
                0x0000000000031cd8        0x8 build/cooja/mtype421.a(eeprom.o)
                0x0000000000031cd8                eeprom_interface
 .data.rel.ro.local
                0x0000000000031ce0       0x18 build/cooja/mtype421.a(buttons.o)
                0x0000000000031ce0                button_interface
                0x0000000000031ce8                button_sensor
 .data.rel.ro.local
                0x0000000000031cf8       0x1c build/cooja/mtype421.a(csma.o)
                0x0000000000031cf8                csma_driver
 .data.rel.ro.local
                0x0000000000031d14       0x10 build/cooja/mtype421.a(sicslowpan.o)
                0x0000000000031d14                sicslowpan_driver
 .data.rel.ro.local
                0x0000000000031d24        0x8 build/cooja/mtype421.a(slip-bridge.o)
                0x0000000000031d24                rpl_interface
 .data.rel.ro.local
                0x0000000000031d2c        0xc build/cooja/mtype421.a(framer-802154.o)
                0x0000000000031d2c                framer_802154
 *(.data.rel.ro .data.rel.ro.* .gnu.linkonce.d.rel.ro.*)
 .data.rel.ro   0x0000000000031d38        0x0 /usr/lib/gcc/i686-linux-gnu/7/../../../i386-linux-gnu/crti.o
 *fill*         0x0000000000031d38        0x8 
 .data.rel.ro   0x0000000000031d40       0x54 build/cooja/mtype421.a(rpl.o)
                0x0000000000031d40                rpl_lite_driver
 .data.rel.ro   0x0000000000031d94        0x4 build/cooja/mtype421.a(rpl-dag.o)

.dynamic        0x0000000000031d98       0xf0
 *(.dynamic)
 .dynamic       0x0000000000031d98       0xf0 /usr/lib/gcc/i686-linux-gnu/7/../../../i386-linux-gnu/crti.o
                0x0000000000031d98                _DYNAMIC

.got            0x0000000000031e88      0x16c
 *(.got)
 .got           0x0000000000031e88      0x16c /usr/lib/gcc/i686-linux-gnu/7/../../../i386-linux-gnu/crti.o
 *(.igot)
                0x0000000000031ff4                . = DATA_SEGMENT_RELRO_END (., (SIZEOF (.got.plt) >= 0xc)?0xc:0x0)

.got.plt        0x0000000000032000      0x510
 *(.got.plt)
 .got.plt       0x0000000000032000      0x510 /usr/lib/gcc/i686-linux-gnu/7/../../../i386-linux-gnu/crti.o
                0x0000000000032000                _GLOBAL_OFFSET_TABLE_
 *(.igot.plt)

.data           0x0000000000032520      0x3d4
 *(.data .data.* .gnu.linkonce.d.*)
 .data          0x0000000000032520        0x0 /usr/lib/gcc/i686-linux-gnu/7/../../../i386-linux-gnu/crti.o
 .data          0x0000000000032520        0x0 /usr/lib/gcc/i686-linux-gnu/7/crtbeginS.o
 .data.rel.local
                0x0000000000032520        0x4 /usr/lib/gcc/i686-linux-gnu/7/crtbeginS.o
                0x0000000000032520                __dso_handle
 .data          0x0000000000032524        0x0 border-router.o
 .data.rel.local
                0x0000000000032524       0x10 border-router.o
                0x0000000000032524                contiki_ng_br
 .data          0x0000000000032534        0x0 build/cooja/mtype421.o
 *fill*         0x0000000000032534        0xc 
 .data.rel      0x0000000000032540       0x44 build/cooja/mtype421.o
                0x0000000000032540                simInterfaces
                0x0000000000032574                sensors
 .data          0x0000000000032584        0x0 build/cooja/mtype421.a(simEnvChange.o)
 .data          0x0000000000032584        0x0 build/cooja/mtype421.a(cooja_mt.o)
 .data          0x0000000000032584        0x0 build/cooja/mtype421.a(cooja_mtarch.o)
 .data          0x0000000000032584        0x0 build/cooja/mtype421.a(rtimer-arch.o)
 .data          0x0000000000032584        0x0 build/cooja/mtype421.a(beep.o)
 .data          0x0000000000032584        0x0 build/cooja/mtype421.a(leds-arch.o)
 .data          0x0000000000032584        0x0 build/cooja/mtype421.a(moteid.o)
 .data          0x0000000000032584        0x0 build/cooja/mtype421.a(pir-sensor.o)
 .data          0x0000000000032584        0x0 build/cooja/mtype421.a(rs232.o)
 .data          0x0000000000032584        0x0 build/cooja/mtype421.a(vib-sensor.o)
 .data          0x0000000000032584        0x0 build/cooja/mtype421.a(clock.o)
 .data          0x0000000000032584        0x0 build/cooja/mtype421.a(cooja-log.o)
 .data          0x0000000000032584        0x0 build/cooja/mtype421.a(cfs-cooja.o)
 .data          0x0000000000032584       0x20 build/cooja/mtype421.a(cooja-radio.o)
                0x0000000000032584                simRadioHWOn
                0x0000000000032588                simSignalStrength
                0x000000000003258c                simLastSignalStrength
                0x0000000000032590                simPower
                0x0000000000032594                simRadioChannel
                0x0000000000032598                simLQI
                0x000000000003259c                simLastLQI
 .data.rel.local
                0x00000000000325a4       0x10 build/cooja/mtype421.a(cooja-radio.o)
                0x00000000000325a4                cooja_radio_process
 .data          0x00000000000325b4        0x0 build/cooja/mtype421.a(eeprom.o)
 .data          0x00000000000325b4        0x0 build/cooja/mtype421.a(random.o)
 .data          0x00000000000325b4        0x0 build/cooja/mtype421.a(sensors.o)
 .data.rel.local
                0x00000000000325b4       0x10 build/cooja/mtype421.a(sensors.o)
                0x00000000000325b4                sensors_process
 .data          0x00000000000325c4        0x0 build/cooja/mtype421.a(leds.o)
 .data          0x00000000000325c4        0x0 build/cooja/mtype421.a(gpio-hal-arch.o)
 .data          0x00000000000325c4        0x1 build/cooja/mtype421.a(buttons.o)
                0x00000000000325c4                simButtonIsActive
 *fill*         0x00000000000325c5       0x1b 
 .data.rel.local
                0x00000000000325e0       0x58 build/cooja/mtype421.a(buttons.o)
                0x0000000000032630                button_hal_buttons
 .data          0x0000000000032638        0x0 build/cooja/mtype421.a(webserver.o)
 .data.rel.local
                0x0000000000032638       0x18 build/cooja/mtype421.a(webserver.o)
                0x0000000000032640                webserver_nogui_process
 .data          0x0000000000032650        0x0 build/cooja/mtype421.a(contiki-main.o)
 .data          0x0000000000032650        0x0 build/cooja/mtype421.a(autostart.o)
 .data          0x0000000000032650        0x0 build/cooja/mtype421.a(ctimer.o)
 .data.rel.local
                0x0000000000032650       0x14 build/cooja/mtype421.a(ctimer.o)
                0x0000000000032654                ctimer_process
 .data          0x0000000000032664        0x4 build/cooja/mtype421.a(log.o)
                0x0000000000032664                curr_log_level_main
 *fill*         0x0000000000032668       0x18 
 .data.rel.local
                0x0000000000032680       0x9c build/cooja/mtype421.a(log.o)
                0x0000000000032680                all_modules
 .data          0x000000000003271c        0x0 build/cooja/mtype421.a(energest.o)
 .data          0x000000000003271c        0x0 build/cooja/mtype421.a(etimer.o)
 .data.rel.local
                0x000000000003271c       0x10 build/cooja/mtype421.a(etimer.o)
                0x000000000003271c                etimer_process
 .data          0x000000000003272c        0x0 build/cooja/mtype421.a(node-id.o)
 .data          0x000000000003272c        0x0 build/cooja/mtype421.a(rtimer.o)
 .data          0x000000000003272c        0x0 build/cooja/mtype421.a(process.o)
 .data          0x000000000003272c        0x0 build/cooja/mtype421.a(timer.o)
 .data          0x000000000003272c        0x0 build/cooja/mtype421.a(list.o)
 .data          0x000000000003272c        0x0 build/cooja/mtype421.a(button-hal.o)
 .data.rel.local
                0x000000000003272c       0x10 build/cooja/mtype421.a(button-hal.o)
                0x000000000003272c                button_hal_process
 .data          0x000000000003273c        0x0 build/cooja/mtype421.a(serial-line.o)
 .data.rel.local
                0x000000000003273c       0x10 build/cooja/mtype421.a(serial-line.o)
                0x000000000003273c                serial_line_process
 .data          0x000000000003274c        0x0 build/cooja/mtype421.a(gpio-hal.o)
 .data.rel.local
                0x000000000003274c        0x4 build/cooja/mtype421.a(gpio-hal.o)
 .data          0x0000000000032750        0x0 build/cooja/mtype421.a(queuebuf.o)
 .data.rel.local
                0x0000000000032750       0x18 build/cooja/mtype421.a(queuebuf.o)
 .data          0x0000000000032768        0x0 build/cooja/mtype421.a(packetbuf.o)
 .data.rel.local
                0x0000000000032768        0x4 build/cooja/mtype421.a(packetbuf.o)
 .data          0x000000000003276c        0x0 build/cooja/mtype421.a(netstack.o)
 .data.rel.local
                0x000000000003276c        0x4 build/cooja/mtype421.a(netstack.o)
 .data          0x0000000000032770        0x0 build/cooja/mtype421.a(linkaddr.o)
 .data          0x0000000000032770        0x0 build/cooja/mtype421.a(printf.o)
 .data.rel.local
                0x0000000000032770        0x8 build/cooja/mtype421.a(printf.o)
 .data          0x0000000000032778        0x0 build/cooja/mtype421.a(snprintf.o)
 .data          0x0000000000032778        0x0 build/cooja/mtype421.a(putchar.o)
 .data          0x0000000000032778        0x0 build/cooja/mtype421.a(csma.o)
 .data          0x0000000000032778        0x0 build/cooja/mtype421.a(csma-output.o)
 .data.rel.local
                0x0000000000032778       0x28 build/cooja/mtype421.a(csma-output.o)
 .data          0x00000000000327a0        0x0 build/cooja/mtype421.a(uip-sr.o)
 .data.rel.local
                0x00000000000327a0       0x10 build/cooja/mtype421.a(uip-sr.o)
 .data          0x00000000000327b0        0x0 build/cooja/mtype421.a(uip-ds6.o)
 .data          0x00000000000327b0        0x0 build/cooja/mtype421.a(uip-ds6-route.o)
 .data.rel.local
                0x00000000000327b0       0x10 build/cooja/mtype421.a(uip-ds6-route.o)
 .data          0x00000000000327c0        0x0 build/cooja/mtype421.a(psock.o)
 .data          0x00000000000327c0        0x0 build/cooja/mtype421.a(tcpip.o)
 .data.rel.local
                0x00000000000327c0       0x10 build/cooja/mtype421.a(tcpip.o)
                0x00000000000327c0                tcpip_process
 .data          0x00000000000327d0        0x0 build/cooja/mtype421.a(uip6.o)
 .data          0x00000000000327d0        0x0 build/cooja/mtype421.a(uip-ds6-nbr.o)
 .data.rel.local
                0x00000000000327d0       0x14 build/cooja/mtype421.a(uip-ds6-nbr.o)
 .data          0x00000000000327e4        0x0 build/cooja/mtype421.a(uip-nd6.o)
 .data.rel.local
                0x00000000000327e4        0xc build/cooja/mtype421.a(uip-nd6.o)
 .data          0x00000000000327f0        0x0 build/cooja/mtype421.a(sicslowpan.o)
 .data          0x00000000000327f0        0x0 build/cooja/mtype421.a(uiplib.o)
 .data          0x00000000000327f0        0x0 build/cooja/mtype421.a(rpl.o)
 .data          0x00000000000327f0        0x0 build/cooja/mtype421.a(rpl-icmp6.o)
 .data.rel.local
                0x00000000000327f0       0x30 build/cooja/mtype421.a(rpl-icmp6.o)
 .data          0x0000000000032820        0x0 build/cooja/mtype421.a(rpl-dag-root.o)
 .data          0x0000000000032820        0x0 build/cooja/mtype421.a(slip-bridge.o)
 .data          0x0000000000032820        0x0 build/cooja/mtype421.a(slip.o)
 .data.rel.local
                0x0000000000032820       0x10 build/cooja/mtype421.a(slip.o)
                0x0000000000032820                slip_process
 .data          0x0000000000032830        0x0 build/cooja/mtype421.a(watchdog.o)
 .data          0x0000000000032830        0x0 build/cooja/mtype421.a(int-master.o)
 .data          0x0000000000032830        0x0 build/cooja/mtype421.a(slip-arch.o)
 .data          0x0000000000032830        0x0 build/cooja/mtype421.a(httpd-simple.o)
 .data.rel.local
                0x0000000000032830       0x10 build/cooja/mtype421.a(httpd-simple.o)
 .data          0x0000000000032840        0x0 build/cooja/mtype421.a(rpl-border-rout)
 .data          0x0000000000032840        0x0 build/cooja/mtype421.a(stimer.o)
 .data          0x0000000000032840        0x0 build/cooja/mtype421.a(ringbuf.o)
 .data          0x0000000000032840        0x0 build/cooja/mtype421.a(memb.o)
 .data          0x0000000000032840        0x0 build/cooja/mtype421.a(assert.o)
 .data          0x0000000000032840        0x0 build/cooja/mtype421.a(nbr-table.o)
 .data.rel.local
                0x0000000000032840       0x10 build/cooja/mtype421.a(nbr-table.o)
 .data          0x0000000000032850        0x0 build/cooja/mtype421.a(link-stats.o)
 .data.rel.local
                0x0000000000032850       0x14 build/cooja/mtype421.a(link-stats.o)
 .data          0x0000000000032864        0x0 build/cooja/mtype421.a(mac-sequence.o)
 .data          0x0000000000032864        0x0 build/cooja/mtype421.a(mac.o)
 .data          0x0000000000032864        0x0 build/cooja/mtype421.a(framer-802154.o)
 .data          0x0000000000032864        0x2 build/cooja/mtype421.a(frame802154.o)
 .data          0x0000000000032866        0x0 build/cooja/mtype421.a(strformat.o)
 .data          0x0000000000032866        0x0 build/cooja/mtype421.a(csma-security.o)
 .data          0x0000000000032866        0x0 build/cooja/mtype421.a(uipbuf.o)
 .data          0x0000000000032866        0x0 build/cooja/mtype421.a(uip-icmp6.o)
 *fill*         0x0000000000032866        0x2 
 .data.rel.local
                0x0000000000032868       0x20 build/cooja/mtype421.a(uip-icmp6.o)
 .data          0x0000000000032888        0x0 build/cooja/mtype421.a(uip-packetqueue)
 .data.rel.local
                0x0000000000032888        0xc build/cooja/mtype421.a(uip-packetqueue)
 .data          0x0000000000032894        0x0 build/cooja/mtype421.a(rpl-nbr-policy.)
 .data          0x0000000000032894        0x0 build/cooja/mtype421.a(rpl-neighbor.o)
 .data.rel.local
                0x0000000000032894       0x14 build/cooja/mtype421.a(rpl-neighbor.o)
                0x00000000000328a4                rpl_neighbors
 .data          0x00000000000328a8        0x0 build/cooja/mtype421.a(rpl-dag.o)
 .data          0x00000000000328a8        0x0 build/cooja/mtype421.a(rpl-timers.o)
 .data          0x00000000000328a8        0x0 build/cooja/mtype421.a(rpl-ext-header.)
 .data          0x00000000000328a8        0x0 build/cooja/mtype421.a(rpl-mrhof.o)
 *fill*         0x00000000000328a8       0x18 
 .data.rel.local
                0x00000000000328c0       0x24 build/cooja/mtype421.a(rpl-mrhof.o)
                0x00000000000328c0                rpl_mrhof
 .data          0x00000000000328e4        0x0 build/cooja/mtype421.a(border-router-e)
 .data.rel.local
                0x00000000000328e4       0x10 build/cooja/mtype421.a(border-router-e)
                0x00000000000328e4                border_router_process
 .data          0x00000000000328f4        0x0 /usr/lib/gcc/i686-linux-gnu/7/libgcc.a(_udivdi3.o)
 .data          0x00000000000328f4        0x0 /usr/lib/gcc/i686-linux-gnu/7/libgcc.a(_umoddi3.o)
 .data          0x00000000000328f4        0x0 /usr/lib/i386-linux-gnu/libc_nonshared.a(stack_chk_fail_local.oS)
 .data          0x00000000000328f4        0x0 /usr/lib/gcc/i686-linux-gnu/7/crtendS.o
 .data          0x00000000000328f4        0x0 /usr/lib/gcc/i686-linux-gnu/7/../../../i386-linux-gnu/crtn.o

.tm_clone_table
                0x00000000000328f4        0x0
 .tm_clone_table
                0x00000000000328f4        0x0 /usr/lib/gcc/i686-linux-gnu/7/crtbeginS.o
 .tm_clone_table
                0x00000000000328f4        0x0 /usr/lib/gcc/i686-linux-gnu/7/crtendS.o

.data1
 *(.data1)
                0x00000000000328f4                _edata = .
                [!provide]                        PROVIDE (edata = .)
                0x00000000000328f4                . = .
                0x00000000000328f4                __bss_start = .

.bss            0x0000000000032900    0x121a4
 *(.dynbss)
 .dynbss        0x0000000000032900        0x0 /usr/lib/gcc/i686-linux-gnu/7/../../../i386-linux-gnu/crti.o
 *(.bss .bss.* .gnu.linkonce.b.*)
 .bss           0x0000000000032900        0x0 /usr/lib/gcc/i686-linux-gnu/7/../../../i386-linux-gnu/crti.o
 .bss           0x0000000000032900        0x1 /usr/lib/gcc/i686-linux-gnu/7/crtbeginS.o
 .bss           0x0000000000032901        0x0 border-router.o
 *fill*         0x0000000000032901       0x1f 
 .bss           0x0000000000032920     0x2040 build/cooja/mtype421.o
 .bss           0x0000000000034960        0x1 build/cooja/mtype421.a(simEnvChange.o)
                0x0000000000034960                simDontFallAsleep
 *fill*         0x0000000000034961        0x3 
 .bss           0x0000000000034964        0x4 build/cooja/mtype421.a(cooja_mt.o)
 .bss           0x0000000000034968        0x4 build/cooja/mtype421.a(cooja_mtarch.o)
 .bss           0x000000000003496c        0x0 build/cooja/mtype421.a(rtimer-arch.o)
 .bss           0x000000000003496c        0x0 build/cooja/mtype421.a(beep.o)
 .bss           0x000000000003496c        0x1 build/cooja/mtype421.a(leds-arch.o)
                0x000000000003496c                simLedsValue
 .bss           0x000000000003496d        0x0 build/cooja/mtype421.a(moteid.o)
 .bss           0x000000000003496d        0x1 build/cooja/mtype421.a(pir-sensor.o)
                0x000000000003496d                simPirValue
 *fill*         0x000000000003496e        0x2 
 .bss           0x0000000000034970        0x4 build/cooja/mtype421.a(rs232.o)
 .bss           0x0000000000034974        0x1 build/cooja/mtype421.a(vib-sensor.o)
                0x0000000000034974                simVibValue
 .bss           0x0000000000034975        0x0 build/cooja/mtype421.a(clock.o)
 *fill*         0x0000000000034975        0x3 
 .bss           0x0000000000034978        0x5 build/cooja/mtype421.a(cooja-log.o)
 *fill*         0x000000000003497d        0x3 
 .bss           0x0000000000034980      0xfc0 build/cooja/mtype421.a(cfs-cooja.o)
                0x0000000000034980                simCFSData
                0x0000000000035920                simCFSSize
                0x0000000000035924                simCFSChanged
                0x0000000000035928                simCFSRead
                0x000000000003592c                simCFSWritten
 .bss           0x0000000000035940       0x24 build/cooja/mtype421.a(cooja-radio.o)
                0x0000000000035940                simReceiving
                0x0000000000035944                simInSize
                0x0000000000035948                simLastPacketTimestamp
                0x0000000000035950                simOutSize
 .bss           0x0000000000035964        0xc build/cooja/mtype421.a(eeprom.o)
                0x0000000000035964                simEEPROMChanged
                0x0000000000035968                simEEPROMRead
                0x000000000003596c                simEEPROMWritten
 .bss           0x0000000000035970        0x0 build/cooja/mtype421.a(random.o)
 .bss           0x0000000000035970        0xc build/cooja/mtype421.a(sensors.o)
 .bss           0x000000000003597c        0x0 build/cooja/mtype421.a(leds.o)
 .bss           0x000000000003597c       0x24 build/cooja/mtype421.a(gpio-hal-arch.o)
 .bss           0x00000000000359a0        0x0 build/cooja/mtype421.a(buttons.o)
 .bss           0x00000000000359a0      0x10c build/cooja/mtype421.a(webserver.o)
 .bss           0x0000000000035aac        0x0 build/cooja/mtype421.a(contiki-main.o)
 .bss           0x0000000000035aac        0x0 build/cooja/mtype421.a(autostart.o)
 .bss           0x0000000000035aac        0x5 build/cooja/mtype421.a(ctimer.o)
 *fill*         0x0000000000035ab1        0x3 
 .bss           0x0000000000035ab4       0x2c build/cooja/mtype421.a(log.o)
                0x0000000000035ab4                curr_log_level_rpl
                0x0000000000035ab8                curr_log_level_tcpip
                0x0000000000035abc                curr_log_level_ipv6
                0x0000000000035ac0                curr_log_level_6lowpan
                0x0000000000035ac4                curr_log_level_nullnet
                0x0000000000035ac8                curr_log_level_mac
                0x0000000000035acc                curr_log_level_framer
                0x0000000000035ad0                curr_log_level_6top
                0x0000000000035ad4                curr_log_level_coap
                0x0000000000035ad8                curr_log_level_snmp
                0x0000000000035adc                curr_log_level_lwm2m
 .bss           0x0000000000035ae0        0x0 build/cooja/mtype421.a(energest.o)
 .bss           0x0000000000035ae0        0x8 build/cooja/mtype421.a(etimer.o)
 .bss           0x0000000000035ae8        0x2 build/cooja/mtype421.a(node-id.o)
                0x0000000000035ae8                node_id
 *fill*         0x0000000000035aea        0x2 
 .bss           0x0000000000035aec        0x4 build/cooja/mtype421.a(rtimer.o)
 *fill*         0x0000000000035af0       0x10 
 .bss           0x0000000000035b00      0x1a1 build/cooja/mtype421.a(process.o)
                0x0000000000035b00                process_list
                0x0000000000035b04                process_current
 .bss           0x0000000000035ca1        0x0 build/cooja/mtype421.a(timer.o)
 .bss           0x0000000000035ca1        0x0 build/cooja/mtype421.a(list.o)